[2026-03-25 08:05:13,965] [__main__] [train_dt.py(343)] [INFO] ================================================================================
[2026-03-25 08:05:13,965] [__main__] [train_dt.py(344)] [INFO] Decision Transformer 训练（直接使用 CSV 数据）
[2026-03-25 08:05:13,965] [__main__] [train_dt.py(345)] [INFO] ================================================================================
[2026-03-25 08:05:13,965] [__main__] [train_dt.py(352)] [INFO] 模型将保存到: ./experiments/exp_20260325/models/DT_20260325_080513
[2026-03-25 08:05:13,965] [__main__] [train_dt.py(371)] [INFO] 状态维度: 19 (从 stats.json 加载)
[2026-03-25 08:05:13,965] [__main__] [train_dt.py(410)] [INFO] 配置已保存: ./experiments/exp_20260325/models/DT_20260325_080513/config.json
[2026-03-25 08:05:13,965] [__main__] [train_dt.py(413)] [INFO] 
🚀 开始训练...
[2026-03-25 08:05:13,965] [__main__] [train_dt.py(167)] [INFO] 开始加载训练数据...
[2026-03-25 08:06:19,047] [__main__] [train_dt.py(188)] [INFO] 训练数据加载完成，总耗时: 65.08 秒
[2026-03-25 08:06:19,047] [__main__] [train_dt.py(202)] [INFO] 归一化参数已保存到: ./experiments/exp_20260325/models/DT_20260325_080513/normalize_dict.json
[2026-03-25 08:06:19,662] [__main__] [train_dt.py(223)] [INFO] 模型初始化耗时: 0.61 秒
[2026-03-25 08:06:19,662] [__main__] [train_dt.py(234)] [INFO] 采样器和 DataLoader 构建耗时: 0.00 秒
[2026-03-25 08:06:19,662] [__main__] [train_dt.py(246)] [INFO] ======================================================================
[2026-03-25 08:06:19,662] [__main__] [train_dt.py(247)] [INFO] 开始训练
[2026-03-25 08:06:19,662] [__main__] [train_dt.py(248)] [INFO] 总步数: 20000 | 批次大小: 64
[2026-03-25 08:06:19,662] [__main__] [train_dt.py(249)] [INFO] 上下文长度 K: 20
[2026-03-25 08:06:19,662] [__main__] [train_dt.py(250)] [INFO] ======================================================================
[2026-03-25 08:06:20,107] [__main__] [train_dt.py(290)] [INFO] [Step      1/20000] 初始损失: 936795.000000 (L1: 925154.687500, L2: 9.951046, L3: 49.990818, L4_cpa: 11580.371094)
[2026-03-25 08:06:20,107] [__main__] [train_dt.py(293)] [INFO]   指标 - W: 0.500092, Target: 0.004951, Pred: -0.059434, Pred1: -0.059067
[2026-03-25 08:06:27,438] [__main__] [train_dt.py(290)] [INFO] [Step    100/20000] 训练损失: 91759.331416 (L1: 71174.575876, L2: 24.398752, L3: 49.499706, L4_cpa: 20510.858241)
[2026-03-25 08:06:34,860] [__main__] [train_dt.py(290)] [INFO] [Step    200/20000] 训练损失: 62427.821393 (L1: 51790.617143, L2: 11.980221, L3: 49.996188, L4_cpa: 10575.228343)
[2026-03-25 08:06:42,293] [__main__] [train_dt.py(290)] [INFO] [Step    300/20000] 训练损失: 70213.422841 (L1: 66227.370720, L2: 9.039228, L3: 49.974024, L4_cpa: 3927.041322)
[2026-03-25 08:06:49,724] [__main__] [train_dt.py(290)] [INFO] [Step    400/20000] 训练损失: 29187.070971 (L1: 26630.273265, L2: 7.316796, L3: 49.904493, L4_cpa: 2499.576582)
[2026-03-25 08:06:57,154] [__main__] [train_dt.py(290)] [INFO] [Step    500/20000] 训练损失: 26918.180602 (L1: 24096.608492, L2: 12.810194, L3: 49.843052, L4_cpa: 2758.919225)
[2026-03-25 08:06:57,154] [__main__] [train_dt.py(293)] [INFO]   指标 - W: 0.501569, Target: 0.012575, Pred: 0.017581, Pred1: 0.023860
[2026-03-25 08:07:00,002] [__main__] [train_dt.py(306)] [INFO] ==================================================
[2026-03-25 08:07:00,002] [__main__] [train_dt.py(307)] [INFO] ✅ 验证评估
[2026-03-25 08:07:00,002] [__main__] [train_dt.py(308)] [INFO] [Step    500] 验证损失: 5321.2391
[2026-03-25 08:07:00,041] [__main__] [train_dt.py(316)] [INFO]   🏆 新的最佳模型! (验证损失: 5321.2391)
[2026-03-25 08:07:07,934] [__main__] [train_dt.py(290)] [INFO] [Step    600/20000] 训练损失: 21714.024231 (L1: 17976.480609, L2: 7.049502, L3: 49.887964, L4_cpa: 3680.606399)
[2026-03-25 08:07:15,374] [__main__] [train_dt.py(290)] [INFO] [Step    700/20000] 训练损失: 88502.682973 (L1: 80460.332584, L2: 12.844011, L3: 49.865873, L4_cpa: 7979.639348)
[2026-03-25 08:07:22,817] [__main__] [train_dt.py(290)] [INFO] [Step    800/20000] 训练损失: 62797.698965 (L1: 59572.705769, L2: 3.834632, L3: 50.017880, L4_cpa: 3171.140182)
[2026-03-25 08:07:30,265] [__main__] [train_dt.py(290)] [INFO] [Step    900/20000] 训练损失: 44889.336398 (L1: 41159.448994, L2: 5.878931, L3: 49.969857, L4_cpa: 3674.038393)
[2026-03-25 08:07:37,718] [__main__] [train_dt.py(290)] [INFO] [Step   1000/20000] 训练损失: 123025.729731 (L1: 114217.859691, L2: 5.616892, L3: 49.953833, L4_cpa: 8752.297659)
[2026-03-25 08:07:37,718] [__main__] [train_dt.py(293)] [INFO]   指标 - W: 0.500462, Target: 0.013312, Pred: 0.017566, Pred1: 0.019413
[2026-03-25 08:07:40,548] [__main__] [train_dt.py(310)] [INFO] [Step   1000] 验证损失: 7278.7929
[2026-03-25 08:07:47,995] [__main__] [train_dt.py(290)] [INFO] [Step   1100/20000] 训练损失: 25168.426329 (L1: 14940.133917, L2: 4.568940, L3: 49.911991, L4_cpa: 10173.811702)
[2026-03-25 08:07:55,445] [__main__] [train_dt.py(290)] [INFO] [Step   1200/20000] 训练损失: 85426.160639 (L1: 79133.329746, L2: 3.447312, L3: 49.915370, L4_cpa: 6239.467533)
[2026-03-25 08:08:02,886] [__main__] [train_dt.py(290)] [INFO] [Step   1300/20000] 训练损失: 84780.800356 (L1: 64009.152989, L2: 3.609862, L3: 49.918915, L4_cpa: 20718.121143)
[2026-03-25 08:08:10,334] [__main__] [train_dt.py(290)] [INFO] [Step   1400/20000] 训练损失: 30918.734711 (L1: 26760.084877, L2: 3.284242, L3: 49.913858, L4_cpa: 4105.451663)
[2026-03-25 08:08:17,790] [__main__] [train_dt.py(290)] [INFO] [Step   1500/20000] 训练损失: 31590.032573 (L1: 26322.953012, L2: 6.317500, L3: 49.914062, L4_cpa: 5210.848542)
[2026-03-25 08:08:17,790] [__main__] [train_dt.py(293)] [INFO]   指标 - W: 0.500859, Target: 0.014370, Pred: 0.019718, Pred1: 0.023157
[2026-03-25 08:08:20,601] [__main__] [train_dt.py(310)] [INFO] [Step   1500] 验证损失: 5942.2921
[2026-03-25 08:08:28,107] [__main__] [train_dt.py(290)] [INFO] [Step   1600/20000] 训练损失: 32047.027787 (L1: 26993.420479, L2: 5.250056, L3: 49.917084, L4_cpa: 4998.440365)
[2026-03-25 08:08:35,566] [__main__] [train_dt.py(290)] [INFO] [Step   1700/20000] 训练损失: 31549.009316 (L1: 25961.679515, L2: 3.344197, L3: 49.900333, L4_cpa: 5534.085824)
[2026-03-25 08:08:43,028] [__main__] [train_dt.py(290)] [INFO] [Step   1800/20000] 训练损失: 100595.686072 (L1: 75362.723822, L2: 2.940358, L3: 49.892096, L4_cpa: 25180.129389)
[2026-03-25 08:08:50,485] [__main__] [train_dt.py(290)] [INFO] [Step   1900/20000] 训练损失: 24541.913790 (L1: 20965.721549, L2: 4.690412, L3: 49.893078, L4_cpa: 3521.609168)
[2026-03-25 08:08:57,945] [__main__] [train_dt.py(290)] [INFO] [Step   2000/20000] 训练损失: 23594.908625 (L1: 18350.540218, L2: 7.283927, L3: 49.896504, L4_cpa: 5187.187852)
[2026-03-25 08:08:57,945] [__main__] [train_dt.py(293)] [INFO]   指标 - W: 0.501035, Target: 0.013492, Pred: 0.017911, Pred1: 0.022053
[2026-03-25 08:09:00,748] [__main__] [train_dt.py(310)] [INFO] [Step   2000] 验证损失: 5461.9587
[2026-03-25 08:09:00,787] [__main__] [train_dt.py(322)] [INFO] 💾 检查点保存于步数 2000
[2026-03-25 08:09:08,244] [__main__] [train_dt.py(290)] [INFO] [Step   2100/20000] 训练损失: 71300.618456 (L1: 61485.379061, L2: 4.364078, L3: 49.884289, L4_cpa: 9760.989558)
[2026-03-25 08:09:15,708] [__main__] [train_dt.py(290)] [INFO] [Step   2200/20000] 训练损失: 52100.657959 (L1: 30775.146504, L2: 3.284101, L3: 49.868523, L4_cpa: 21272.359108)
[2026-03-25 08:09:23,168] [__main__] [train_dt.py(290)] [INFO] [Step   2300/20000] 训练损失: 47682.108131 (L1: 43644.332643, L2: 3.345594, L3: 49.961970, L4_cpa: 3984.468613)
[2026-03-25 08:09:30,629] [__main__] [train_dt.py(290)] [INFO] [Step   2400/20000] 训练损失: 38607.151033 (L1: 32207.635105, L2: 2.417963, L3: 49.907246, L4_cpa: 6347.190391)
[2026-03-25 08:09:38,141] [__main__] [train_dt.py(290)] [INFO] [Step   2500/20000] 训练损失: 43262.596804 (L1: 23413.939151, L2: 2.693994, L3: 49.925966, L4_cpa: 19796.037422)
[2026-03-25 08:09:38,141] [__main__] [train_dt.py(293)] [INFO]   指标 - W: 0.500740, Target: 0.011704, Pred: 0.015690, Pred1: 0.018652
[2026-03-25 08:09:40,939] [__main__] [train_dt.py(310)] [INFO] [Step   2500] 验证损失: 3996.0267
[2026-03-25 08:09:41,018] [__main__] [train_dt.py(316)] [INFO]   🏆 新的最佳模型! (验证损失: 3996.0267)
[2026-03-25 08:09:48,472] [__main__] [train_dt.py(290)] [INFO] [Step   2600/20000] 训练损失: 33593.107435 (L1: 28418.033053, L2: 2.704107, L3: 49.938093, L4_cpa: 5122.432618)
[2026-03-25 08:09:55,924] [__main__] [train_dt.py(290)] [INFO] [Step   2700/20000] 训练损失: 43606.579136 (L1: 32281.558553, L2: 2.433577, L3: 49.875833, L4_cpa: 11272.711201)
[2026-03-25 08:10:03,380] [__main__] [train_dt.py(290)] [INFO] [Step   2800/20000] 训练损失: 71096.779886 (L1: 56137.892744, L2: 1.885687, L3: 49.933483, L4_cpa: 14907.066000)
[2026-03-25 08:10:10,840] [__main__] [train_dt.py(290)] [INFO] [Step   2900/20000] 训练损失: 74683.794914 (L1: 65014.055232, L2: 1.854996, L3: 49.935724, L4_cpa: 9617.947265)
[2026-03-25 08:10:18,294] [__main__] [train_dt.py(290)] [INFO] [Step   3000/20000] 训练损失: 37232.303217 (L1: 32806.743570, L2: 2.354840, L3: 49.898774, L4_cpa: 4373.305841)
[2026-03-25 08:10:18,294] [__main__] [train_dt.py(293)] [INFO]   指标 - W: 0.501012, Target: 0.013708, Pred: 0.016972, Pred1: 0.021022
[2026-03-25 08:10:21,089] [__main__] [train_dt.py(310)] [INFO] [Step   3000] 验证损失: 3592.5001
[2026-03-25 08:10:21,167] [__main__] [train_dt.py(316)] [INFO]   🏆 新的最佳模型! (验证损失: 3592.5001)
[2026-03-25 08:10:28,626] [__main__] [train_dt.py(290)] [INFO] [Step   3100/20000] 训练损失: 48050.433651 (L1: 40343.458598, L2: 2.102375, L3: 49.913334, L4_cpa: 7654.959901)
[2026-03-25 08:10:36,084] [__main__] [train_dt.py(290)] [INFO] [Step   3200/20000] 训练损失: 73807.172932 (L1: 65901.246249, L2: 1.890161, L3: 49.926179, L4_cpa: 7854.110271)
[2026-03-25 08:10:43,543] [__main__] [train_dt.py(290)] [INFO] [Step   3300/20000] 训练损失: 44905.788896 (L1: 37884.848791, L2: 2.148668, L3: 49.907436, L4_cpa: 6968.884503)
[2026-03-25 08:10:51,056] [__main__] [train_dt.py(290)] [INFO] [Step   3400/20000] 训练损失: 101006.534071 (L1: 79526.301662, L2: 3.269511, L3: 49.901623, L4_cpa: 21427.061019)
[2026-03-25 08:10:58,510] [__main__] [train_dt.py(290)] [INFO] [Step   3500/20000] 训练损失: 49450.418718 (L1: 42953.552516, L2: 1.776814, L3: 49.908138, L4_cpa: 6445.181114)
[2026-03-25 08:10:58,510] [__main__] [train_dt.py(293)] [INFO]   指标 - W: 0.500919, Target: 0.012668, Pred: 0.015231, Pred1: 0.018906
[2026-03-25 08:11:01,312] [__main__] [train_dt.py(310)] [INFO] [Step   3500] 验证损失: 22332.0990
[2026-03-25 08:11:08,761] [__main__] [train_dt.py(290)] [INFO] [Step   3600/20000] 训练损失: 56681.647180 (L1: 47805.479321, L2: 1.818008, L3: 49.913667, L4_cpa: 8824.436587)
[2026-03-25 08:11:16,220] [__main__] [train_dt.py(290)] [INFO] [Step   3700/20000] 训练损失: 43279.794856 (L1: 27130.936183, L2: 1.358353, L3: 49.911845, L4_cpa: 16097.588788)
[2026-03-25 08:11:23,688] [__main__] [train_dt.py(290)] [INFO] [Step   3800/20000] 训练损失: 59514.873006 (L1: 32444.851764, L2: 2.147135, L3: 49.924182, L4_cpa: 27017.949247)
[2026-03-25 08:11:31,156] [__main__] [train_dt.py(290)] [INFO] [Step   3900/20000] 训练损失: 48464.870726 (L1: 40475.122320, L2: 2.136293, L3: 49.923486, L4_cpa: 7937.688135)
[2026-03-25 08:11:38,625] [__main__] [train_dt.py(290)] [INFO] [Step   4000/20000] 训练损失: 134235.707950 (L1: 126018.975874, L2: 4.230294, L3: 49.920751, L4_cpa: 8162.580918)
[2026-03-25 08:11:38,625] [__main__] [train_dt.py(293)] [INFO]   指标 - W: 0.500793, Target: 0.013139, Pred: 0.015185, Pred1: 0.018356
[2026-03-25 08:11:41,415] [__main__] [train_dt.py(310)] [INFO] [Step   4000] 验证损失: 5073.7948
[2026-03-25 08:11:41,454] [__main__] [train_dt.py(322)] [INFO] 💾 检查点保存于步数 4000
[2026-03-25 08:11:48,922] [__main__] [train_dt.py(290)] [INFO] [Step   4100/20000] 训练损失: 24463.294762 (L1: 17680.370999, L2: 2.249885, L3: 49.945683, L4_cpa: 6730.727738)
[2026-03-25 08:11:56,396] [__main__] [train_dt.py(290)] [INFO] [Step   4200/20000] 训练损失: 26036.568432 (L1: 21539.361540, L2: 2.099611, L3: 49.944840, L4_cpa: 4445.163382)
[2026-03-25 08:12:03,872] [__main__] [train_dt.py(290)] [INFO] [Step   4300/20000] 训练损失: 31998.032504 (L1: 26212.966039, L2: 1.545742, L3: 49.914644, L4_cpa: 5733.605422)
[2026-03-25 08:12:11,399] [__main__] [train_dt.py(290)] [INFO] [Step   4400/20000] 训练损失: 25559.450721 (L1: 13481.707928, L2: 2.579773, L3: 49.953570, L4_cpa: 12025.209521)
[2026-03-25 08:12:18,873] [__main__] [train_dt.py(290)] [INFO] [Step   4500/20000] 训练损失: 23807.169250 (L1: 17911.961466, L2: 1.603411, L3: 49.938099, L4_cpa: 5843.666115)
[2026-03-25 08:12:18,873] [__main__] [train_dt.py(293)] [INFO]   指标 - W: 0.500619, Target: 0.013173, Pred: 0.016903, Pred1: 0.019379
[2026-03-25 08:12:21,666] [__main__] [train_dt.py(310)] [INFO] [Step   4500] 验证损失: 3728.4062
[2026-03-25 08:12:29,132] [__main__] [train_dt.py(290)] [INFO] [Step   4600/20000] 训练损失: 117889.209214 (L1: 101558.031600, L2: 1.920321, L3: 49.919671, L4_cpa: 16279.336774)
[2026-03-25 08:12:36,597] [__main__] [train_dt.py(290)] [INFO] [Step   4700/20000] 训练损失: 31943.488257 (L1: 26233.612059, L2: 2.844223, L3: 49.873424, L4_cpa: 5657.158801)
[2026-03-25 08:12:44,056] [__main__] [train_dt.py(290)] [INFO] [Step   4800/20000] 训练损失: 95145.883320 (L1: 44355.897424, L2: 2.828034, L3: 49.922848, L4_cpa: 50737.234837)
[2026-03-25 08:12:51,516] [__main__] [train_dt.py(290)] [INFO] [Step   4900/20000] 训练损失: 64860.256812 (L1: 49647.056569, L2: 2.255338, L3: 49.884222, L4_cpa: 15161.062039)
[2026-03-25 08:12:58,974] [__main__] [train_dt.py(290)] [INFO] [Step   5000/20000] 训练损失: 86636.361967 (L1: 78033.276408, L2: 1.466107, L3: 49.935338, L4_cpa: 8551.684981)
[2026-03-25 08:12:58,975] [__main__] [train_dt.py(293)] [INFO]   指标 - W: 0.500647, Target: 0.012937, Pred: 0.017771, Pred1: 0.020358
[2026-03-25 08:13:01,768] [__main__] [train_dt.py(310)] [INFO] [Step   5000] 验证损失: 4868.4037
[2026-03-25 08:13:09,222] [__main__] [train_dt.py(290)] [INFO] [Step   5100/20000] 训练损失: 112063.234306 (L1: 65271.340987, L2: 1.478829, L3: 49.911249, L4_cpa: 46740.506243)
[2026-03-25 08:13:16,679] [__main__] [train_dt.py(290)] [INFO] [Step   5200/20000] 训练损失: 77785.558815 (L1: 69699.149923, L2: 3.131760, L3: 49.951143, L4_cpa: 8033.325512)
[2026-03-25 08:13:24,189] [__main__] [train_dt.py(290)] [INFO] [Step   5300/20000] 训练损失: 102823.140797 (L1: 76018.553184, L2: 2.496154, L3: 49.956123, L4_cpa: 26752.132813)
[2026-03-25 08:13:31,652] [__main__] [train_dt.py(290)] [INFO] [Step   5400/20000] 训练损失: 24483.080895 (L1: 18111.285030, L2: 2.463772, L3: 49.912847, L4_cpa: 6319.418811)
[2026-03-25 08:13:39,119] [__main__] [train_dt.py(290)] [INFO] [Step   5500/20000] 训练损失: 33991.298634 (L1: 20554.803515, L2: 2.609657, L3: 49.943406, L4_cpa: 13383.942184)
[2026-03-25 08:13:39,119] [__main__] [train_dt.py(293)] [INFO]   指标 - W: 0.500566, Target: 0.013615, Pred: 0.017523, Pred1: 0.019787
[2026-03-25 08:13:41,910] [__main__] [train_dt.py(310)] [INFO] [Step   5500] 验证损失: 12883.2027
[2026-03-25 08:13:49,372] [__main__] [train_dt.py(290)] [INFO] [Step   5600/20000] 训练损失: 63516.848996 (L1: 51334.775449, L2: 2.549558, L3: 49.888386, L4_cpa: 12129.635499)
[2026-03-25 08:13:56,845] [__main__] [train_dt.py(290)] [INFO] [Step   5700/20000] 训练损失: 79168.706543 (L1: 62849.802062, L2: 6.183743, L3: 49.912139, L4_cpa: 16262.809047)
[2026-03-25 08:14:04,309] [__main__] [train_dt.py(290)] [INFO] [Step   5800/20000] 训练损失: 11386.632683 (L1: 4630.688369, L2: 13.342606, L3: 49.881830, L4_cpa: 6692.719786)
[2026-03-25 08:14:11,776] [__main__] [train_dt.py(290)] [INFO] [Step   5900/20000] 训练损失: 36959.033620 (L1: 24170.455181, L2: 10.311077, L3: 49.921118, L4_cpa: 12728.345948)
[2026-03-25 08:14:19,242] [__main__] [train_dt.py(290)] [INFO] [Step   6000/20000] 训练损失: 46663.974599 (L1: 39267.515877, L2: 15.736030, L3: 49.861223, L4_cpa: 7330.861480)
[2026-03-25 08:14:19,242] [__main__] [train_dt.py(293)] [INFO]   指标 - W: 0.501388, Target: 0.012653, Pred: 0.016555, Pred1: 0.022106
[2026-03-25 08:14:22,040] [__main__] [train_dt.py(310)] [INFO] [Step   6000] 验证损失: 4624.4914
[2026-03-25 08:14:22,079] [__main__] [train_dt.py(322)] [INFO] 💾 检查点保存于步数 6000
[2026-03-25 08:14:29,543] [__main__] [train_dt.py(290)] [INFO] [Step   6100/20000] 训练损失: 41787.465700 (L1: 30945.534346, L2: 15.441460, L3: 49.867316, L4_cpa: 10776.622906)
[2026-03-25 08:14:37,017] [__main__] [train_dt.py(290)] [INFO] [Step   6200/20000] 训练损失: 33294.685148 (L1: 27276.454174, L2: 13.872363, L3: 49.883478, L4_cpa: 5954.475109)
[2026-03-25 08:14:44,547] [__main__] [train_dt.py(290)] [INFO] [Step   6300/20000] 训练损失: 62888.826769 (L1: 55572.068410, L2: 13.664609, L3: 49.889774, L4_cpa: 7253.202539)
[2026-03-25 08:14:52,025] [__main__] [train_dt.py(290)] [INFO] [Step   6400/20000] 训练损失: 46684.496789 (L1: 27033.148863, L2: 6.916053, L3: 49.886263, L4_cpa: 19594.545894)
[2026-03-25 08:14:59,502] [__main__] [train_dt.py(290)] [INFO] [Step   6500/20000] 训练损失: 17760.531678 (L1: 11784.468462, L2: 13.242879, L3: 49.875961, L4_cpa: 5912.944400)
[2026-03-25 08:14:59,502] [__main__] [train_dt.py(293)] [INFO]   指标 - W: 0.501240, Target: 0.012850, Pred: 0.012938, Pred1: 0.017900
[2026-03-25 08:15:02,299] [__main__] [train_dt.py(310)] [INFO] [Step   6500] 验证损失: 4027.2087
[2026-03-25 08:15:09,769] [__main__] [train_dt.py(290)] [INFO] [Step   6600/20000] 训练损失: 41969.472490 (L1: 25590.467034, L2: 7.308607, L3: 49.881300, L4_cpa: 16321.815371)
[2026-03-25 08:15:17,232] [__main__] [train_dt.py(290)] [INFO] [Step   6700/20000] 训练损失: 91811.585951 (L1: 79235.780567, L2: 13.857939, L3: 49.831787, L4_cpa: 12512.115875)
[2026-03-25 08:15:24,695] [__main__] [train_dt.py(290)] [INFO] [Step   6800/20000] 训练损失: 77745.723163 (L1: 65021.216691, L2: 15.620115, L3: 49.844131, L4_cpa: 12659.043274)
[2026-03-25 08:15:32,160] [__main__] [train_dt.py(290)] [INFO] [Step   6900/20000] 训练损失: 13161.031245 (L1: 7876.381464, L2: 14.339969, L3: 49.903458, L4_cpa: 5220.406688)
[2026-03-25 08:15:39,623] [__main__] [train_dt.py(290)] [INFO] [Step   7000/20000] 训练损失: 43448.086236 (L1: 34296.263049, L2: 15.089952, L3: 49.853455, L4_cpa: 9086.878864)
[2026-03-25 08:15:39,624] [__main__] [train_dt.py(293)] [INFO]   指标 - W: 0.501465, Target: 0.013870, Pred: 0.019162, Pred1: 0.025024
[2026-03-25 08:15:42,426] [__main__] [train_dt.py(310)] [INFO] [Step   7000] 验证损失: 4212.7652
[2026-03-25 08:15:49,894] [__main__] [train_dt.py(290)] [INFO] [Step   7100/20000] 训练损失: 36257.828434 (L1: 27311.036054, L2: 14.734981, L3: 49.861676, L4_cpa: 8882.195921)
[2026-03-25 08:15:57,422] [__main__] [train_dt.py(290)] [INFO] [Step   7200/20000] 训练损失: 49223.944836 (L1: 37870.450735, L2: 12.041490, L3: 49.870495, L4_cpa: 11291.583078)
[2026-03-25 08:16:04,897] [__main__] [train_dt.py(290)] [INFO] [Step   7300/20000] 训练损失: 28578.960084 (L1: 18426.071557, L2: 13.272118, L3: 49.884708, L4_cpa: 10089.731108)
[2026-03-25 08:16:12,370] [__main__] [train_dt.py(290)] [INFO] [Step   7400/20000] 训练损失: 68227.799879 (L1: 47404.250733, L2: 11.789172, L3: 49.880339, L4_cpa: 20761.882123)
[2026-03-25 08:16:19,845] [__main__] [train_dt.py(290)] [INFO] [Step   7500/20000] 训练损失: 74844.726971 (L1: 68061.225710, L2: 14.975318, L3: 49.824482, L4_cpa: 6718.701763)
[2026-03-25 08:16:19,845] [__main__] [train_dt.py(293)] [INFO]   指标 - W: 0.501755, Target: 0.013144, Pred: 0.026265, Pred1: 0.033286
[2026-03-25 08:16:22,631] [__main__] [train_dt.py(310)] [INFO] [Step   7500] 验证损失: 4557.1330
[2026-03-25 08:16:30,099] [__main__] [train_dt.py(290)] [INFO] [Step   7600/20000] 训练损失: 88856.179296 (L1: 80400.231789, L2: 13.313715, L3: 49.857963, L4_cpa: 8392.775347)
[2026-03-25 08:16:37,568] [__main__] [train_dt.py(290)] [INFO] [Step   7700/20000] 训练损失: 91898.427536 (L1: 82995.387937, L2: 8.142367, L3: 49.817926, L4_cpa: 8845.081674)
[2026-03-25 08:16:45,038] [__main__] [train_dt.py(290)] [INFO] [Step   7800/20000] 训练损失: 28566.464100 (L1: 22178.272780, L2: 12.098987, L3: 49.805452, L4_cpa: 6326.286742)
[2026-03-25 08:16:52,508] [__main__] [train_dt.py(290)] [INFO] [Step   7900/20000] 训练损失: 46449.323863 (L1: 35145.559557, L2: 14.229047, L3: 49.865079, L4_cpa: 11239.672091)
[2026-03-25 08:16:59,980] [__main__] [train_dt.py(290)] [INFO] [Step   8000/20000] 训练损失: 28057.584255 (L1: 23384.645991, L2: 14.916555, L3: 49.838757, L4_cpa: 4608.183266)
[2026-03-25 08:16:59,980] [__main__] [train_dt.py(293)] [INFO]   指标 - W: 0.501612, Target: 0.013490, Pred: 0.019619, Pred1: 0.026069
[2026-03-25 08:17:02,779] [__main__] [train_dt.py(310)] [INFO] [Step   8000] 验证损失: 3837.0791
[2026-03-25 08:17:02,818] [__main__] [train_dt.py(322)] [INFO] 💾 检查点保存于步数 8000
[2026-03-25 08:17:10,284] [__main__] [train_dt.py(290)] [INFO] [Step   8100/20000] 训练损失: 47871.054157 (L1: 12996.671979, L2: 8.998095, L3: 49.825378, L4_cpa: 34815.558745)
[2026-03-25 08:17:17,805] [__main__] [train_dt.py(290)] [INFO] [Step   8200/20000] 训练损失: 36643.241237 (L1: 25194.272296, L2: 12.099446, L3: 49.846784, L4_cpa: 11387.022557)
[2026-03-25 08:17:25,272] [__main__] [train_dt.py(290)] [INFO] [Step   8300/20000] 训练损失: 91060.994274 (L1: 63281.862478, L2: 14.231844, L3: 49.880009, L4_cpa: 27715.023443)
[2026-03-25 08:17:32,745] [__main__] [train_dt.py(290)] [INFO] [Step   8400/20000] 训练损失: 100088.923290 (L1: 88400.534304, L2: 18.592702, L3: 49.836084, L4_cpa: 11619.956698)
[2026-03-25 08:17:40,217] [__main__] [train_dt.py(290)] [INFO] [Step   8500/20000] 训练损失: 44612.106284 (L1: 31074.486837, L2: 8.613301, L3: 49.885648, L4_cpa: 13479.119917)
[2026-03-25 08:17:40,217] [__main__] [train_dt.py(293)] [INFO]   指标 - W: 0.501144, Target: 0.012469, Pred: 0.015660, Pred1: 0.020234
[2026-03-25 08:17:43,025] [__main__] [train_dt.py(310)] [INFO] [Step   8500] 验证损失: 3861.4885
[2026-03-25 08:17:50,488] [__main__] [train_dt.py(290)] [INFO] [Step   8600/20000] 训练损失: 39183.108349 (L1: 22317.658826, L2: 21.262979, L3: 49.882526, L4_cpa: 16794.303889)
[2026-03-25 08:17:57,962] [__main__] [train_dt.py(290)] [INFO] [Step   8700/20000] 训练损失: 39182.607752 (L1: 29515.422681, L2: 10.207823, L3: 49.872559, L4_cpa: 9607.104564)
[2026-03-25 08:18:05,439] [__main__] [train_dt.py(290)] [INFO] [Step   8800/20000] 训练损失: 41874.288642 (L1: 17297.716197, L2: 9.519211, L3: 49.871864, L4_cpa: 24517.182124)
[2026-03-25 08:18:12,914] [__main__] [train_dt.py(290)] [INFO] [Step   8900/20000] 训练损失: 89808.742110 (L1: 73394.901097, L2: 6.880974, L3: 49.884110, L4_cpa: 16357.073852)
[2026-03-25 08:18:20,388] [__main__] [train_dt.py(290)] [INFO] [Step   9000/20000] 训练损失: 23634.827771 (L1: 12596.312558, L2: 8.902842, L3: 49.884107, L4_cpa: 10979.728216)
[2026-03-25 08:18:20,389] [__main__] [train_dt.py(293)] [INFO]   指标 - W: 0.501159, Target: 0.012653, Pred: 0.018983, Pred1: 0.023619
[2026-03-25 08:18:23,185] [__main__] [train_dt.py(310)] [INFO] [Step   9000] 验证损失: 3492.3021
[2026-03-25 08:18:23,260] [__main__] [train_dt.py(316)] [INFO]   🏆 新的最佳模型! (验证损失: 3492.3021)
[2026-03-25 08:18:30,787] [__main__] [train_dt.py(290)] [INFO] [Step   9100/20000] 训练损失: 58869.675488 (L1: 21549.318550, L2: 14.115056, L3: 49.871630, L4_cpa: 37256.369764)
[2026-03-25 08:18:38,259] [__main__] [train_dt.py(290)] [INFO] [Step   9200/20000] 训练损失: 47433.119188 (L1: 38781.717348, L2: 10.879203, L3: 49.891589, L4_cpa: 8590.631762)
[2026-03-25 08:18:45,733] [__main__] [train_dt.py(290)] [INFO] [Step   9300/20000] 训练损失: 55692.371056 (L1: 29371.284208, L2: 6.521171, L3: 49.858876, L4_cpa: 26264.706539)
[2026-03-25 08:18:53,207] [__main__] [train_dt.py(290)] [INFO] [Step   9400/20000] 训练损失: 41342.674591 (L1: 17165.271405, L2: 11.497615, L3: 49.872811, L4_cpa: 24116.032945)
[2026-03-25 08:19:00,687] [__main__] [train_dt.py(290)] [INFO] [Step   9500/20000] 训练损失: 65115.239479 (L1: 40738.587121, L2: 8.569793, L3: 49.903708, L4_cpa: 24318.180584)
[2026-03-25 08:19:00,687] [__main__] [train_dt.py(293)] [INFO]   指标 - W: 0.500963, Target: 0.011357, Pred: 0.015180, Pred1: 0.019032
[2026-03-25 08:19:03,536] [__main__] [train_dt.py(310)] [INFO] [Step   9500] 验证损失: 6906.4812
[2026-03-25 08:19:11,012] [__main__] [train_dt.py(290)] [INFO] [Step   9600/20000] 训练损失: 23247.220060 (L1: 12533.463263, L2: 11.031934, L3: 49.926373, L4_cpa: 10652.798604)
[2026-03-25 08:19:18,487] [__main__] [train_dt.py(290)] [INFO] [Step   9700/20000] 训练损失: 53141.789962 (L1: 43743.761336, L2: 10.505153, L3: 49.899676, L4_cpa: 9337.623762)
[2026-03-25 08:19:25,955] [__main__] [train_dt.py(290)] [INFO] [Step   9800/20000] 训练损失: 62995.080739 (L1: 40248.997644, L2: 25.770310, L3: 49.842257, L4_cpa: 22670.471827)
[2026-03-25 08:19:33,426] [__main__] [train_dt.py(290)] [INFO] [Step   9900/20000] 训练损失: 75459.023934 (L1: 68430.436672, L2: 8.277062, L3: 49.886640, L4_cpa: 6970.424373)
[2026-03-25 08:19:40,906] [__main__] [train_dt.py(290)] [INFO] [Step  10000/20000] 训练损失: 39967.812555 (L1: 22074.863669, L2: 11.675414, L3: 49.880155, L4_cpa: 17831.393236)
[2026-03-25 08:19:40,906] [__main__] [train_dt.py(293)] [INFO]   指标 - W: 0.501198, Target: 0.013737, Pred: 0.023116, Pred1: 0.027920
[2026-03-25 08:19:43,702] [__main__] [train_dt.py(310)] [INFO] [Step  10000] 验证损失: 3790.7736
[2026-03-25 08:19:43,741] [__main__] [train_dt.py(322)] [INFO] 💾 检查点保存于步数 10000
[2026-03-25 08:19:51,263] [__main__] [train_dt.py(290)] [INFO] [Step  10100/20000] 训练损失: 16569.872661 (L1: 9850.598284, L2: 47.869572, L3: 49.924942, L4_cpa: 6621.479943)
[2026-03-25 08:19:58,742] [__main__] [train_dt.py(290)] [INFO] [Step  10200/20000] 训练损失: 57544.381996 (L1: 43222.234397, L2: 12.335960, L3: 49.890543, L4_cpa: 14259.920748)
[2026-03-25 08:20:06,220] [__main__] [train_dt.py(290)] [INFO] [Step  10300/20000] 训练损失: 46111.664036 (L1: 39991.179921, L2: 9.612631, L3: 49.945921, L4_cpa: 6060.925143)
[2026-03-25 08:20:13,701] [__main__] [train_dt.py(290)] [INFO] [Step  10400/20000] 训练损失: 36890.898194 (L1: 25771.866242, L2: 13.790210, L3: 49.885204, L4_cpa: 11055.357099)
[2026-03-25 08:20:21,185] [__main__] [train_dt.py(290)] [INFO] [Step  10500/20000] 训练损失: 63791.194166 (L1: 33490.566196, L2: 6.992962, L3: 49.973851, L4_cpa: 30243.660574)
[2026-03-25 08:20:21,185] [__main__] [train_dt.py(293)] [INFO]   指标 - W: 0.500262, Target: 0.011120, Pred: 0.017861, Pred1: 0.018907
[2026-03-25 08:20:23,988] [__main__] [train_dt.py(310)] [INFO] [Step  10500] 验证损失: 11327.2176
[2026-03-25 08:20:31,466] [__main__] [train_dt.py(290)] [INFO] [Step  10600/20000] 训练损失: 120862.497025 (L1: 89014.006323, L2: 8.810861, L3: 49.861462, L4_cpa: 31789.822928)
[2026-03-25 08:20:38,943] [__main__] [train_dt.py(290)] [INFO] [Step  10700/20000] 训练损失: 46574.717073 (L1: 16583.108791, L2: 11.191899, L3: 49.875875, L4_cpa: 29930.540745)
[2026-03-25 08:20:46,422] [__main__] [train_dt.py(290)] [INFO] [Step  10800/20000] 训练损失: 55644.612479 (L1: 24248.618065, L2: 6.934539, L3: 49.924257, L4_cpa: 31339.135501)
[2026-03-25 08:20:53,899] [__main__] [train_dt.py(290)] [INFO] [Step  10900/20000] 训练损失: 45047.836823 (L1: 18506.567821, L2: 18.116141, L3: 49.861419, L4_cpa: 26473.290991)
[2026-03-25 08:21:01,429] [__main__] [train_dt.py(290)] [INFO] [Step  11000/20000] 训练损失: 104485.956269 (L1: 42792.333337, L2: 8.317291, L3: 49.901963, L4_cpa: 61635.403021)
[2026-03-25 08:21:01,429] [__main__] [train_dt.py(293)] [INFO]   指标 - W: 0.500980, Target: 0.011570, Pred: 0.008849, Pred1: 0.012771
[2026-03-25 08:21:04,213] [__main__] [train_dt.py(310)] [INFO] [Step  11000] 验证损失: 5230.5724
[2026-03-25 08:21:11,678] [__main__] [train_dt.py(290)] [INFO] [Step  11100/20000] 训练损失: 45224.769849 (L1: 18829.381176, L2: 7.871196, L3: 49.885271, L4_cpa: 26337.632482)
[2026-03-25 08:21:19,151] [__main__] [train_dt.py(290)] [INFO] [Step  11200/20000] 训练损失: 124906.876371 (L1: 104471.244744, L2: 10.949084, L3: 49.859335, L4_cpa: 20374.822988)
[2026-03-25 08:21:26,625] [__main__] [train_dt.py(290)] [INFO] [Step  11300/20000] 训练损失: 76493.356628 (L1: 63692.691848, L2: 11.914623, L3: 49.956391, L4_cpa: 12738.792653)
[2026-03-25 08:21:34,098] [__main__] [train_dt.py(290)] [INFO] [Step  11400/20000] 训练损失: 87009.170039 (L1: 24041.023638, L2: 7.518338, L3: 49.909144, L4_cpa: 62910.720590)
[2026-03-25 08:21:41,571] [__main__] [train_dt.py(290)] [INFO] [Step  11500/20000] 训练损失: 62529.783549 (L1: 44122.539150, L2: 11.995903, L3: 49.915116, L4_cpa: 18345.333946)
[2026-03-25 08:21:41,571] [__main__] [train_dt.py(293)] [INFO]   指标 - W: 0.500849, Target: 0.014331, Pred: 0.014572, Pred1: 0.017968
[2026-03-25 08:21:44,355] [__main__] [train_dt.py(310)] [INFO] [Step  11500] 验证损失: 3202.3863
[2026-03-25 08:21:44,433] [__main__] [train_dt.py(316)] [INFO]   🏆 新的最佳模型! (验证损失: 3202.3863)
[2026-03-25 08:21:51,903] [__main__] [train_dt.py(290)] [INFO] [Step  11600/20000] 训练损失: 55616.235869 (L1: 13493.144611, L2: 7.217798, L3: 49.890704, L4_cpa: 42065.981788)
[2026-03-25 08:21:59,366] [__main__] [train_dt.py(290)] [INFO] [Step  11700/20000] 训练损失: 56198.101714 (L1: 47692.515798, L2: 6.611458, L3: 49.926538, L4_cpa: 8449.048599)
[2026-03-25 08:22:06,830] [__main__] [train_dt.py(290)] [INFO] [Step  11800/20000] 训练损失: 147660.727528 (L1: 51243.074277, L2: 4.990873, L3: 49.924514, L4_cpa: 96362.739456)
[2026-03-25 08:22:14,293] [__main__] [train_dt.py(290)] [INFO] [Step  11900/20000] 训练损失: 65298.195707 (L1: 53557.407234, L2: 3.223143, L3: 49.946910, L4_cpa: 11687.619908)
[2026-03-25 08:22:21,822] [__main__] [train_dt.py(290)] [INFO] [Step  12000/20000] 训练损失: 70531.458663 (L1: 52417.998182, L2: 9.020839, L3: 49.959459, L4_cpa: 18054.481423)
[2026-03-25 08:22:21,822] [__main__] [train_dt.py(293)] [INFO]   指标 - W: 0.500405, Target: 0.012690, Pred: 0.034399, Pred1: 0.036021
[2026-03-25 08:22:24,617] [__main__] [train_dt.py(310)] [INFO] [Step  12000] 验证损失: 3679.4008
[2026-03-25 08:22:24,656] [__main__] [train_dt.py(322)] [INFO] 💾 检查点保存于步数 12000
[2026-03-25 08:22:32,123] [__main__] [train_dt.py(290)] [INFO] [Step  12100/20000] 训练损失: 169704.643122 (L1: 40490.687268, L2: 5.263019, L3: 49.970294, L4_cpa: 129158.719905)
[2026-03-25 08:22:39,587] [__main__] [train_dt.py(290)] [INFO] [Step  12200/20000] 训练损失: 56610.142839 (L1: 48689.874440, L2: 6.118987, L3: 49.931551, L4_cpa: 7864.220405)
[2026-03-25 08:22:47,056] [__main__] [train_dt.py(290)] [INFO] [Step  12300/20000] 训练损失: 39289.865557 (L1: 24551.456597, L2: 3.584832, L3: 49.990877, L4_cpa: 14684.833123)
[2026-03-25 08:22:54,538] [__main__] [train_dt.py(290)] [INFO] [Step  12400/20000] 训练损失: 79013.279860 (L1: 39143.415852, L2: 6.744474, L3: 49.995651, L4_cpa: 39813.123776)
[2026-03-25 08:23:02,022] [__main__] [train_dt.py(290)] [INFO] [Step  12500/20000] 训练损失: 49643.700471 (L1: 19827.592386, L2: 4.923938, L3: 49.995860, L4_cpa: 29761.187821)
[2026-03-25 08:23:02,022] [__main__] [train_dt.py(293)] [INFO]   指标 - W: 0.500041, Target: 0.013184, Pred: 0.018468, Pred1: 0.018634
[2026-03-25 08:23:04,823] [__main__] [train_dt.py(310)] [INFO] [Step  12500] 验证损失: 4231.1404
[2026-03-25 08:23:12,303] [__main__] [train_dt.py(290)] [INFO] [Step  12600/20000] 训练损失: 36843.431462 (L1: 19121.964534, L2: 4.120107, L3: 49.951569, L4_cpa: 17667.394033)
[2026-03-25 08:23:19,785] [__main__] [train_dt.py(290)] [INFO] [Step  12700/20000] 训练损失: 25618.684152 (L1: 18727.113349, L2: 2.997001, L3: 49.958833, L4_cpa: 6838.614862)
[2026-03-25 08:23:27,267] [__main__] [train_dt.py(290)] [INFO] [Step  12800/20000] 训练损失: 97200.571308 (L1: 73018.037029, L2: 2.838222, L3: 49.962874, L4_cpa: 24129.728011)
[2026-03-25 08:23:34,800] [__main__] [train_dt.py(290)] [INFO] [Step  12900/20000] 训练损失: 23782.395671 (L1: 15807.551727, L2: 1.719596, L3: 49.937762, L4_cpa: 7923.186822)
[2026-03-25 08:23:42,280] [__main__] [train_dt.py(290)] [INFO] [Step  13000/20000] 训练损失: 58026.046805 (L1: 52805.869721, L2: 2.158657, L3: 49.919340, L4_cpa: 5168.097804)
[2026-03-25 08:23:42,280] [__main__] [train_dt.py(293)] [INFO]   指标 - W: 0.500807, Target: 0.013961, Pred: 0.015963, Pred1: 0.019190
[2026-03-25 08:23:45,075] [__main__] [train_dt.py(310)] [INFO] [Step  13000] 验证损失: 10436.3176
[2026-03-25 08:23:52,553] [__main__] [train_dt.py(290)] [INFO] [Step  13100/20000] 训练损失: 100142.045399 (L1: 92191.605730, L2: 2.005949, L3: 49.952142, L4_cpa: 7898.481602)
[2026-03-25 08:24:00,035] [__main__] [train_dt.py(290)] [INFO] [Step  13200/20000] 训练损失: 33676.755515 (L1: 9919.463827, L2: 3.688969, L3: 49.953589, L4_cpa: 23703.649368)
[2026-03-25 08:24:07,516] [__main__] [train_dt.py(290)] [INFO] [Step  13300/20000] 训练损失: 42133.919082 (L1: 33036.142036, L2: 3.320944, L3: 49.979260, L4_cpa: 9044.476756)
[2026-03-25 08:24:14,997] [__main__] [train_dt.py(290)] [INFO] [Step  13400/20000] 训练损失: 32199.261567 (L1: 25558.409226, L2: 3.095666, L3: 49.905693, L4_cpa: 6587.850667)
[2026-03-25 08:24:22,478] [__main__] [train_dt.py(290)] [INFO] [Step  13500/20000] 训练损失: 46648.218967 (L1: 21631.445190, L2: 2.065356, L3: 49.955420, L4_cpa: 24964.752472)
[2026-03-25 08:24:22,478] [__main__] [train_dt.py(293)] [INFO]   指标 - W: 0.500446, Target: 0.012548, Pred: 0.014213, Pred1: 0.015996
[2026-03-25 08:24:25,275] [__main__] [train_dt.py(310)] [INFO] [Step  13500] 验证损失: 4033.5795
[2026-03-25 08:24:32,748] [__main__] [train_dt.py(290)] [INFO] [Step  13600/20000] 训练损失: 8114.416080 (L1: 3815.408770, L2: 3.415065, L3: 49.960340, L4_cpa: 4245.631903)
[2026-03-25 08:24:40,224] [__main__] [train_dt.py(290)] [INFO] [Step  13700/20000] 训练损失: 53113.609914 (L1: 18127.697522, L2: 4.432127, L3: 49.972384, L4_cpa: 34931.507447)
[2026-03-25 08:24:47,701] [__main__] [train_dt.py(290)] [INFO] [Step  13800/20000] 训练损失: 55492.656310 (L1: 43596.805415, L2: 5.521350, L3: 49.957176, L4_cpa: 11840.372637)
[2026-03-25 08:24:55,231] [__main__] [train_dt.py(290)] [INFO] [Step  13900/20000] 训练损失: 29880.475895 (L1: 22128.279479, L2: 2.345756, L3: 49.939522, L4_cpa: 7699.911114)
[2026-03-25 08:25:02,711] [__main__] [train_dt.py(290)] [INFO] [Step  14000/20000] 训练损失: 32167.584158 (L1: 26548.171270, L2: 11.782396, L3: 49.966946, L4_cpa: 5557.663044)
[2026-03-25 08:25:02,711] [__main__] [train_dt.py(293)] [INFO]   指标 - W: 0.500331, Target: 0.014552, Pred: 0.027368, Pred1: 0.028690
[2026-03-25 08:25:05,510] [__main__] [train_dt.py(310)] [INFO] [Step  14000] 验证损失: 4642.8729
[2026-03-25 08:25:05,549] [__main__] [train_dt.py(322)] [INFO] 💾 检查点保存于步数 14000
[2026-03-25 08:25:13,024] [__main__] [train_dt.py(290)] [INFO] [Step  14100/20000] 训练损失: 36288.226835 (L1: 25240.085345, L2: 2.567312, L3: 49.959895, L4_cpa: 10995.615608)
[2026-03-25 08:25:20,505] [__main__] [train_dt.py(290)] [INFO] [Step  14200/20000] 训练损失: 71585.321832 (L1: 24789.695134, L2: 2.199943, L3: 49.934393, L4_cpa: 46743.492680)
[2026-03-25 08:25:27,984] [__main__] [train_dt.py(290)] [INFO] [Step  14300/20000] 训练损失: 50301.768859 (L1: 39299.130228, L2: 1.719123, L3: 49.930130, L4_cpa: 10950.988152)
[2026-03-25 08:25:35,454] [__main__] [train_dt.py(290)] [INFO] [Step  14400/20000] 训练损失: 93035.159893 (L1: 37188.299692, L2: 3.372191, L3: 49.956429, L4_cpa: 55793.529227)
[2026-03-25 08:25:42,938] [__main__] [train_dt.py(290)] [INFO] [Step  14500/20000] 训练损失: 27171.315866 (L1: 16519.605187, L2: 3.283823, L3: 49.948323, L4_cpa: 10598.477888)
[2026-03-25 08:25:42,938] [__main__] [train_dt.py(293)] [INFO]   指标 - W: 0.500517, Target: 0.013945, Pred: 0.022832, Pred1: 0.024899
[2026-03-25 08:25:45,738] [__main__] [train_dt.py(310)] [INFO] [Step  14500] 验证损失: 4935.0995
[2026-03-25 08:25:53,212] [__main__] [train_dt.py(290)] [INFO] [Step  14600/20000] 训练损失: 46216.522421 (L1: 30910.445959, L2: 3.877635, L3: 49.935241, L4_cpa: 15252.262891)
[2026-03-25 08:26:00,692] [__main__] [train_dt.py(290)] [INFO] [Step  14700/20000] 训练损失: 28270.743504 (L1: 23261.235934, L2: 2.060787, L3: 49.950670, L4_cpa: 4957.495335)
[2026-03-25 08:26:08,224] [__main__] [train_dt.py(290)] [INFO] [Step  14800/20000] 训练损失: 42349.648577 (L1: 32337.319956, L2: 1.634810, L3: 49.946842, L4_cpa: 9960.747190)
[2026-03-25 08:26:15,705] [__main__] [train_dt.py(290)] [INFO] [Step  14900/20000] 训练损失: 69229.228675 (L1: 21978.848705, L2: 1.640434, L3: 49.930302, L4_cpa: 47198.809980)
[2026-03-25 08:26:23,188] [__main__] [train_dt.py(290)] [INFO] [Step  15000/20000] 训练损失: 17560.626367 (L1: 10473.134846, L2: 1.399562, L3: 49.922122, L4_cpa: 7036.169919)
[2026-03-25 08:26:23,188] [__main__] [train_dt.py(293)] [INFO]   指标 - W: 0.500779, Target: 0.013021, Pred: 0.019649, Pred1: 0.022765
[2026-03-25 08:26:25,982] [__main__] [train_dt.py(310)] [INFO] [Step  15000] 验证损失: 5745.5965
[2026-03-25 08:26:33,459] [__main__] [train_dt.py(290)] [INFO] [Step  15100/20000] 训练损失: 115609.413851 (L1: 26595.585692, L2: 4.128712, L3: 49.939176, L4_cpa: 88959.761171)
[2026-03-25 08:26:40,940] [__main__] [train_dt.py(290)] [INFO] [Step  15200/20000] 训练损失: 416927.908377 (L1: 20376.937030, L2: 2.930014, L3: 49.949243, L4_cpa: 396498.099543)
[2026-03-25 08:26:48,422] [__main__] [train_dt.py(290)] [INFO] [Step  15300/20000] 训练损失: 37284.997117 (L1: 27970.349992, L2: 2.009127, L3: 49.940279, L4_cpa: 9262.697966)
[2026-03-25 08:26:55,901] [__main__] [train_dt.py(290)] [INFO] [Step  15400/20000] 训练损失: 30844.705599 (L1: 18397.962936, L2: 2.850211, L3: 49.926759, L4_cpa: 12393.965905)
[2026-03-25 08:27:03,383] [__main__] [train_dt.py(290)] [INFO] [Step  15500/20000] 训练损失: 32106.751461 (L1: 18247.258316, L2: 2.181270, L3: 49.946098, L4_cpa: 13807.366178)
[2026-03-25 08:27:03,383] [__main__] [train_dt.py(293)] [INFO]   指标 - W: 0.500539, Target: 0.013435, Pred: 0.018099, Pred1: 0.020256
[2026-03-25 08:27:06,182] [__main__] [train_dt.py(310)] [INFO] [Step  15500] 验证损失: 3928.7326
[2026-03-25 08:27:13,656] [__main__] [train_dt.py(290)] [INFO] [Step  15600/20000] 训练损失: 58412.639930 (L1: 13049.324992, L2: 5.361176, L3: 49.929139, L4_cpa: 45308.023733)
[2026-03-25 08:27:21,131] [__main__] [train_dt.py(290)] [INFO] [Step  15700/20000] 训练损失: 42370.549191 (L1: 32941.429692, L2: 2.546948, L3: 49.912696, L4_cpa: 9376.659293)
[2026-03-25 08:27:28,661] [__main__] [train_dt.py(290)] [INFO] [Step  15800/20000] 训练损失: 65176.833266 (L1: 19363.660144, L2: 3.786864, L3: 49.935327, L4_cpa: 45759.453393)
[2026-03-25 08:27:36,141] [__main__] [train_dt.py(290)] [INFO] [Step  15900/20000] 训练损失: 25810.260285 (L1: 20966.390823, L2: 2.370943, L3: 49.906060, L4_cpa: 4791.592585)
[2026-03-25 08:27:43,609] [__main__] [train_dt.py(290)] [INFO] [Step  16000/20000] 训练损失: 85571.617723 (L1: 58532.040508, L2: 1.897145, L3: 49.947233, L4_cpa: 26987.732721)
[2026-03-25 08:27:43,609] [__main__] [train_dt.py(293)] [INFO]   指标 - W: 0.500528, Target: 0.013504, Pred: 0.021237, Pred1: 0.023348
[2026-03-25 08:27:46,407] [__main__] [train_dt.py(310)] [INFO] [Step  16000] 验证损失: 7231.6564
[2026-03-25 08:27:46,446] [__main__] [train_dt.py(322)] [INFO] 💾 检查点保存于步数 16000
[2026-03-25 08:27:53,917] [__main__] [train_dt.py(290)] [INFO] [Step  16100/20000] 训练损失: 42797.642921 (L1: 34243.412255, L2: 2.580231, L3: 49.953184, L4_cpa: 8501.695674)
[2026-03-25 08:28:01,394] [__main__] [train_dt.py(290)] [INFO] [Step  16200/20000] 训练损失: 56412.147621 (L1: 30690.037827, L2: 2.984092, L3: 49.957018, L4_cpa: 25669.169449)
[2026-03-25 08:28:08,871] [__main__] [train_dt.py(290)] [INFO] [Step  16300/20000] 训练损失: 75182.548311 (L1: 44952.168773, L2: 4.006179, L3: 49.930163, L4_cpa: 30176.443816)
[2026-03-25 08:28:16,352] [__main__] [train_dt.py(290)] [INFO] [Step  16400/20000] 训练损失: 26367.416906 (L1: 21127.861791, L2: 2.209872, L3: 49.914082, L4_cpa: 5187.431373)
[2026-03-25 08:28:23,830] [__main__] [train_dt.py(290)] [INFO] [Step  16500/20000] 训练损失: 72747.397162 (L1: 25297.315020, L2: 1.352600, L3: 49.959275, L4_cpa: 47398.770414)
[2026-03-25 08:28:23,830] [__main__] [train_dt.py(293)] [INFO]   指标 - W: 0.500407, Target: 0.011826, Pred: 0.016755, Pred1: 0.018384
[2026-03-25 08:28:26,627] [__main__] [train_dt.py(310)] [INFO] [Step  16500] 验证损失: 3357.6703
[2026-03-25 08:28:34,099] [__main__] [train_dt.py(290)] [INFO] [Step  16600/20000] 训练损失: 34455.819840 (L1: 19441.335143, L2: 2.792071, L3: 49.920092, L4_cpa: 14961.772318)
[2026-03-25 08:28:41,627] [__main__] [train_dt.py(290)] [INFO] [Step  16700/20000] 训练损失: 142348.322432 (L1: 16085.912534, L2: 1.502948, L3: 49.954502, L4_cpa: 126210.949213)
[2026-03-25 08:28:49,104] [__main__] [train_dt.py(290)] [INFO] [Step  16800/20000] 训练损失: 40464.980853 (L1: 35068.239853, L2: 3.481525, L3: 49.947580, L4_cpa: 5343.311916)
[2026-03-25 08:28:56,580] [__main__] [train_dt.py(290)] [INFO] [Step  16900/20000] 训练损失: 63364.368956 (L1: 37223.488653, L2: 4.098215, L3: 49.798625, L4_cpa: 26086.983578)
[2026-03-25 08:29:04,054] [__main__] [train_dt.py(290)] [INFO] [Step  17000/20000] 训练损失: 50832.624425 (L1: 44136.298640, L2: 1.944651, L3: 49.946106, L4_cpa: 6644.436631)
[2026-03-25 08:29:04,054] [__main__] [train_dt.py(293)] [INFO]   指标 - W: 0.500539, Target: 0.012576, Pred: 0.019635, Pred1: 0.021791
[2026-03-25 08:29:06,855] [__main__] [train_dt.py(310)] [INFO] [Step  17000] 验证损失: 10612.6197
[2026-03-25 08:29:14,326] [__main__] [train_dt.py(290)] [INFO] [Step  17100/20000] 训练损失: 106947.134391 (L1: 96653.067444, L2: 5.745565, L3: 49.942498, L4_cpa: 10238.379674)
[2026-03-25 08:29:21,805] [__main__] [train_dt.py(290)] [INFO] [Step  17200/20000] 训练损失: 114378.685606 (L1: 79250.854135, L2: 2.072323, L3: 49.950283, L4_cpa: 35075.809475)
[2026-03-25 08:29:29,285] [__main__] [train_dt.py(290)] [INFO] [Step  17300/20000] 训练损失: 73228.666015 (L1: 49698.491265, L2: 1.558111, L3: 49.929753, L4_cpa: 23478.685068)
[2026-03-25 08:29:36,768] [__main__] [train_dt.py(290)] [INFO] [Step  17400/20000] 训练损失: 49289.785000 (L1: 34599.069372, L2: 3.270321, L3: 49.945825, L4_cpa: 14637.499670)
[2026-03-25 08:29:44,242] [__main__] [train_dt.py(290)] [INFO] [Step  17500/20000] 训练损失: 125008.621959 (L1: 52868.061078, L2: 2.172296, L3: 49.882117, L4_cpa: 72088.503027)
[2026-03-25 08:29:44,242] [__main__] [train_dt.py(293)] [INFO]   指标 - W: 0.501179, Target: 0.012080, Pred: 0.016219, Pred1: 0.020936
[2026-03-25 08:29:47,029] [__main__] [train_dt.py(310)] [INFO] [Step  17500] 验证损失: 5693.4226
[2026-03-25 08:29:54,494] [__main__] [train_dt.py(290)] [INFO] [Step  17600/20000] 训练损失: 30166.181961 (L1: 14294.098406, L2: 3.500740, L3: 49.931569, L4_cpa: 15818.650826)
[2026-03-25 08:30:02,012] [__main__] [train_dt.py(290)] [INFO] [Step  17700/20000] 训练损失: 40879.024010 (L1: 28607.379590, L2: 3.999157, L3: 49.944739, L4_cpa: 12217.701036)
[2026-03-25 08:30:09,487] [__main__] [train_dt.py(290)] [INFO] [Step  17800/20000] 训练损失: 70690.603232 (L1: 54155.526463, L2: 4.001371, L3: 49.939129, L4_cpa: 16481.135800)
[2026-03-25 08:30:16,960] [__main__] [train_dt.py(290)] [INFO] [Step  17900/20000] 训练损失: 58401.661213 (L1: 31650.645048, L2: 4.149356, L3: 49.989447, L4_cpa: 26696.878240)
[2026-03-25 08:30:24,427] [__main__] [train_dt.py(290)] [INFO] [Step  18000/20000] 训练损失: 51956.060365 (L1: 46382.290473, L2: 2.235001, L3: 49.894415, L4_cpa: 5521.640538)
[2026-03-25 08:30:24,427] [__main__] [train_dt.py(293)] [INFO]   指标 - W: 0.501056, Target: 0.013472, Pred: 0.015283, Pred1: 0.019507
[2026-03-25 08:30:27,219] [__main__] [train_dt.py(310)] [INFO] [Step  18000] 验证损失: 3580.8377
[2026-03-25 08:30:27,258] [__main__] [train_dt.py(322)] [INFO] 💾 检查点保存于步数 18000
[2026-03-25 08:30:34,730] [__main__] [train_dt.py(290)] [INFO] [Step  18100/20000] 训练损失: 42133.253181 (L1: 32616.633342, L2: 2.700478, L3: 49.949042, L4_cpa: 9463.970364)
[2026-03-25 08:30:42,215] [__main__] [train_dt.py(290)] [INFO] [Step  18200/20000] 训练损失: 61223.983939 (L1: 30660.044413, L2: 2.509472, L3: 49.920166, L4_cpa: 30511.511887)
[2026-03-25 08:30:49,697] [__main__] [train_dt.py(290)] [INFO] [Step  18300/20000] 训练损失: 77378.743798 (L1: 15335.571367, L2: 3.910363, L3: 49.891892, L4_cpa: 61989.372178)
[2026-03-25 08:30:57,178] [__main__] [train_dt.py(290)] [INFO] [Step  18400/20000] 训练损失: 82046.123498 (L1: 17522.130344, L2: 3.093833, L3: 49.939294, L4_cpa: 64470.958800)
[2026-03-25 08:31:04,660] [__main__] [train_dt.py(290)] [INFO] [Step  18500/20000] 训练损失: 55522.958558 (L1: 31011.919074, L2: 3.213833, L3: 49.935187, L4_cpa: 24457.890669)
[2026-03-25 08:31:04,660] [__main__] [train_dt.py(293)] [INFO]   指标 - W: 0.500648, Target: 0.013423, Pred: 0.018695, Pred1: 0.021288
[2026-03-25 08:31:07,474] [__main__] [train_dt.py(310)] [INFO] [Step  18500] 验证损失: 4872.2800
[2026-03-25 08:31:15,004] [__main__] [train_dt.py(290)] [INFO] [Step  18600/20000] 训练损失: 84574.619331 (L1: 72649.544899, L2: 2.142225, L3: 49.930146, L4_cpa: 11873.002446)
[2026-03-25 08:31:22,485] [__main__] [train_dt.py(290)] [INFO] [Step  18700/20000] 训练损失: 122023.299633 (L1: 47537.814938, L2: 1.642498, L3: 49.915392, L4_cpa: 74433.926866)
[2026-03-25 08:31:29,967] [__main__] [train_dt.py(290)] [INFO] [Step  18800/20000] 训练损失: 81380.688766 (L1: 15684.727561, L2: 2.382256, L3: 49.918606, L4_cpa: 65643.659439)
[2026-03-25 08:31:37,440] [__main__] [train_dt.py(290)] [INFO] [Step  18900/20000] 训练损失: 64210.663300 (L1: 39999.161851, L2: 3.118193, L3: 49.932175, L4_cpa: 24158.451655)
[2026-03-25 08:31:44,906] [__main__] [train_dt.py(290)] [INFO] [Step  19000/20000] 训练损失: 78325.735120 (L1: 50565.309823, L2: 3.797880, L3: 49.861946, L4_cpa: 27706.766288)
[2026-03-25 08:31:44,906] [__main__] [train_dt.py(293)] [INFO]   指标 - W: 0.501381, Target: 0.013187, Pred: 0.023015, Pred1: 0.028539
[2026-03-25 08:31:47,696] [__main__] [train_dt.py(310)] [INFO] [Step  19000] 验证损失: 3905.9223
[2026-03-25 08:31:55,158] [__main__] [train_dt.py(290)] [INFO] [Step  19100/20000] 训练损失: 35405.018155 (L1: 25881.847692, L2: 1.642912, L3: 49.932357, L4_cpa: 9471.594866)
[2026-03-25 08:32:02,629] [__main__] [train_dt.py(290)] [INFO] [Step  19200/20000] 训练损失: 45329.857431 (L1: 15221.315590, L2: 3.016671, L3: 49.926397, L4_cpa: 30055.598567)
[2026-03-25 08:32:10,111] [__main__] [train_dt.py(290)] [INFO] [Step  19300/20000] 训练损失: 64632.997383 (L1: 59779.142077, L2: 7.365057, L3: 49.914176, L4_cpa: 4796.576705)
[2026-03-25 08:32:17,591] [__main__] [train_dt.py(290)] [INFO] [Step  19400/20000] 训练损失: 77761.951453 (L1: 70206.993662, L2: 2.708877, L3: 49.908142, L4_cpa: 7502.341641)
[2026-03-25 08:32:25,073] [__main__] [train_dt.py(290)] [INFO] [Step  19500/20000] 训练损失: 39316.699901 (L1: 10005.163204, L2: 1.465521, L3: 49.907625, L4_cpa: 29260.163873)
[2026-03-25 08:32:25,073] [__main__] [train_dt.py(293)] [INFO]   指标 - W: 0.500924, Target: 0.011948, Pred: 0.018050, Pred1: 0.021746
[2026-03-25 08:32:27,873] [__main__] [train_dt.py(310)] [INFO] [Step  19500] 验证损失: 3669.0660
[2026-03-25 08:32:35,401] [__main__] [train_dt.py(290)] [INFO] [Step  19600/20000] 训练损失: 46405.407953 (L1: 39075.458891, L2: 1.578287, L3: 49.935317, L4_cpa: 7278.433293)
[2026-03-25 08:32:42,878] [__main__] [train_dt.py(290)] [INFO] [Step  19700/20000] 训练损失: 54532.664881 (L1: 12944.995037, L2: 1.810197, L3: 49.927459, L4_cpa: 41535.932494)
[2026-03-25 08:32:50,361] [__main__] [train_dt.py(290)] [INFO] [Step  19800/20000] 训练损失: 49353.047127 (L1: 33499.535807, L2: 1.360575, L3: 49.930861, L4_cpa: 15802.219786)
[2026-03-25 08:32:57,839] [__main__] [train_dt.py(290)] [INFO] [Step  19900/20000] 训练损失: 77341.976412 (L1: 42292.313147, L2: 1.899524, L3: 49.954050, L4_cpa: 34997.810019)
[2026-03-25 08:33:05,321] [__main__] [train_dt.py(290)] [INFO] [Step  20000/20000] 训练损失: 117783.612313 (L1: 90911.731720, L2: 1.280812, L3: 49.932483, L4_cpa: 26820.665386)
[2026-03-25 08:33:05,321] [__main__] [train_dt.py(293)] [INFO]   指标 - W: 0.500675, Target: 0.011887, Pred: 0.017049, Pred1: 0.019750
[2026-03-25 08:33:08,116] [__main__] [train_dt.py(310)] [INFO] [Step  20000] 验证损失: 3498.4479
[2026-03-25 08:33:08,155] [__main__] [train_dt.py(322)] [INFO] 💾 检查点保存于步数 20000
[2026-03-25 08:33:08,160] [__main__] [train_dt.py(324)] [INFO] ======================================================================
[2026-03-25 08:33:08,160] [__main__] [train_dt.py(325)] [INFO] ✅ 训练完成!
[2026-03-25 08:33:08,160] [__main__] [train_dt.py(326)] [INFO] 最佳验证损失: 3202.3863 (步数: 11500)
[2026-03-25 08:33:08,160] [__main__] [train_dt.py(329)] [INFO] 平均每步耗时: 0.0675 秒
/home/deborah/Desktop/gave/code/bidding_train_env/baseline/dt/dt.py:399: UserWarning: To copy construct from a tensor, it is recommended to use sourceTensor.clone().detach() or sourceTensor.clone().detach().requires_grad_(True), rather than torch.tensor(sourceTensor).
  self.eval_all_reward = torch.tensor(all_reward, dtype=torch.float32).reshape(1, 1).to(self.device)
[2026-03-25 08:33:08,175] [__main__] [train_dt.py(331)] [INFO] 测试动作: [-0.10167563]
[2026-03-25 08:33:08,253] [__main__] [train_dt.py(428)] [INFO] 
✅ 训练完成! 模型保存在: ./experiments/exp_20260325/models/DT_20260325_080513
✅ 验证集加载完成: 500 条轨迹
✅ 验证集加载完成: 500 条轨迹
✅ 验证集加载完成: 500 条轨迹
✅ 验证集加载完成: 500 条轨迹
✅ 验证集加载完成: 500 条轨迹
✅ 验证集加载完成: 500 条轨迹
✅ 验证集加载完成: 500 条轨迹
✅ 验证集加载完成: 500 条轨迹
✅ 验证集加载完成: 500 条轨迹
✅ 验证集加载完成: 500 条轨迹
✅ 验证集加载完成: 500 条轨迹
✅ 验证集加载完成: 500 条轨迹
✅ 验证集加载完成: 500 条轨迹
✅ 验证集加载完成: 500 条轨迹
✅ 验证集加载完成: 500 条轨迹
✅ 验证集加载完成: 500 条轨迹
✅ 验证集加载完成: 500 条轨迹
✅ 验证集加载完成: 500 条轨迹
✅ 验证集加载完成: 500 条轨迹
✅ 验证集加载完成: 500 条轨迹
✅ 验证集加载完成: 500 条轨迹
✅ 验证集加载完成: 500 条轨迹
✅ 验证集加载完成: 500 条轨迹
✅ 验证集加载完成: 500 条轨迹
✅ 验证集加载完成: 500 条轨迹
✅ 验证集加载完成: 500 条轨迹
✅ 验证集加载完成: 500 条轨迹
✅ 验证集加载完成: 500 条轨迹
✅ 验证集加载完成: 500 条轨迹
✅ 验证集加载完成: 500 条轨迹
✅ 验证集加载完成: 500 条轨迹
✅ 验证集加载完成: 500 条轨迹
✅ 验证集加载完成: 500 条轨迹
✅ 验证集加载完成: 500 条轨迹
✅ 验证集加载完成: 500 条轨迹
✅ 验证集加载完成: 500 条轨迹
✅ 验证集加载完成: 500 条轨迹
✅ 验证集加载完成: 500 条轨迹
✅ 验证集加载完成: 500 条轨迹
✅ 验证集加载完成: 500 条轨迹
