[2026-03-19 21:02:40,168] [__main__] [train_dt.py(343)] [INFO] ================================================================================
[2026-03-19 21:02:40,168] [__main__] [train_dt.py(344)] [INFO] Decision Transformer 训练（直接使用 CSV 数据）
[2026-03-19 21:02:40,168] [__main__] [train_dt.py(345)] [INFO] ================================================================================
[2026-03-19 21:02:40,168] [__main__] [train_dt.py(352)] [INFO] 模型将保存到: ./experiments/exp_winnum_filter/models/DT_20260319_210240
[2026-03-19 21:02:40,168] [__main__] [train_dt.py(371)] [INFO] 状态维度: 19 (从 stats.json 加载)
[2026-03-19 21:02:40,168] [__main__] [train_dt.py(410)] [INFO] 配置已保存: ./experiments/exp_winnum_filter/models/DT_20260319_210240/config.json
[2026-03-19 21:02:40,168] [__main__] [train_dt.py(413)] [INFO] 
🚀 开始训练...
[2026-03-19 21:02:40,169] [__main__] [train_dt.py(167)] [INFO] 开始加载训练数据...
[2026-03-19 21:04:03,912] [__main__] [train_dt.py(188)] [INFO] 训练数据加载完成，总耗时: 83.74 秒
[2026-03-19 21:04:03,912] [__main__] [train_dt.py(202)] [INFO] 归一化参数已保存到: ./experiments/exp_winnum_filter/models/DT_20260319_210240/normalize_dict.json
[2026-03-19 21:04:04,468] [__main__] [train_dt.py(223)] [INFO] 模型初始化耗时: 0.56 秒
[2026-03-19 21:04:04,468] [__main__] [train_dt.py(234)] [INFO] 采样器和 DataLoader 构建耗时: 0.00 秒
[2026-03-19 21:04:04,468] [__main__] [train_dt.py(246)] [INFO] ======================================================================
[2026-03-19 21:04:04,468] [__main__] [train_dt.py(247)] [INFO] 开始训练
[2026-03-19 21:04:04,468] [__main__] [train_dt.py(248)] [INFO] 总步数: 20000 | 批次大小: 64
[2026-03-19 21:04:04,468] [__main__] [train_dt.py(249)] [INFO] 上下文长度 K: 20
[2026-03-19 21:04:04,468] [__main__] [train_dt.py(250)] [INFO] ======================================================================
[2026-03-19 21:04:04,873] [__main__] [train_dt.py(290)] [INFO] [Step      1/20000] 初始损失: 7019.058105 (L1: 6787.116699, L2: 96.264740, L3: 50.032562, L4_cpa: 85.644119)
[2026-03-19 21:04:04,873] [__main__] [train_dt.py(293)] [INFO]   指标 - W: 0.499674, Target: 0.014794, Pred: -0.198461, Pred1: -0.199764
[2026-03-19 21:04:12,864] [__main__] [train_dt.py(290)] [INFO] [Step    100/20000] 训练损失: 39136.785658 (L1: 35191.642349, L2: 102.759359, L3: 49.508019, L4_cpa: 3792.876790)
[2026-03-19 21:04:20,971] [__main__] [train_dt.py(290)] [INFO] [Step    200/20000] 训练损失: 72394.725458 (L1: 66545.968273, L2: 49.110718, L3: 49.989249, L4_cpa: 5749.658336)
[2026-03-19 21:04:29,085] [__main__] [train_dt.py(290)] [INFO] [Step    300/20000] 训练损失: 37796.904201 (L1: 35711.606257, L2: 40.322361, L3: 49.945427, L4_cpa: 1995.030141)
[2026-03-19 21:04:37,160] [__main__] [train_dt.py(290)] [INFO] [Step    400/20000] 训练损失: 42572.886148 (L1: 35390.420520, L2: 55.476167, L3: 50.024000, L4_cpa: 7076.966759)
[2026-03-19 21:04:45,245] [__main__] [train_dt.py(290)] [INFO] [Step    500/20000] 训练损失: 58868.650794 (L1: 54526.164632, L2: 24.416276, L3: 50.121947, L4_cpa: 4267.946921)
[2026-03-19 21:04:45,245] [__main__] [train_dt.py(293)] [INFO]   指标 - W: 0.498781, Target: 0.032787, Pred: 0.033644, Pred1: 0.028763
[2026-03-19 21:04:49,000] [__main__] [train_dt.py(306)] [INFO] ==================================================
[2026-03-19 21:04:49,000] [__main__] [train_dt.py(307)] [INFO] ✅ 验证评估
[2026-03-19 21:04:49,000] [__main__] [train_dt.py(308)] [INFO] [Step    500] 验证损失: 9063.2713
[2026-03-19 21:04:49,048] [__main__] [train_dt.py(316)] [INFO]   🏆 新的最佳模型! (验证损失: 9063.2713)
[2026-03-19 21:04:57,114] [__main__] [train_dt.py(290)] [INFO] [Step    600/20000] 训练损失: 32735.791757 (L1: 30148.424448, L2: 35.670016, L3: 50.104786, L4_cpa: 2501.592962)
[2026-03-19 21:05:05,227] [__main__] [train_dt.py(290)] [INFO] [Step    700/20000] 训练损失: 31763.349930 (L1: 28941.312760, L2: 11.265443, L3: 50.039131, L4_cpa: 2760.733212)
[2026-03-19 21:05:13,328] [__main__] [train_dt.py(290)] [INFO] [Step    800/20000] 训练损失: 53107.304295 (L1: 45797.361560, L2: 27.265139, L3: 49.985039, L4_cpa: 7232.692491)
[2026-03-19 21:05:21,453] [__main__] [train_dt.py(290)] [INFO] [Step    900/20000] 训练损失: 22161.355055 (L1: 20575.455218, L2: 33.052135, L3: 49.963708, L4_cpa: 1502.883755)
[2026-03-19 21:05:29,545] [__main__] [train_dt.py(290)] [INFO] [Step   1000/20000] 训练损失: 27266.780003 (L1: 24300.089825, L2: 53.624069, L3: 49.956188, L4_cpa: 2863.109415)
[2026-03-19 21:05:29,545] [__main__] [train_dt.py(293)] [INFO]   指标 - W: 0.500438, Target: 0.034022, Pred: 0.036574, Pred1: 0.038326
[2026-03-19 21:05:33,304] [__main__] [train_dt.py(310)] [INFO] [Step   1000] 验证损失: 8690.3360
[2026-03-19 21:05:33,383] [__main__] [train_dt.py(316)] [INFO]   🏆 新的最佳模型! (验证损失: 8690.3360)
[2026-03-19 21:05:41,501] [__main__] [train_dt.py(290)] [INFO] [Step   1100/20000] 训练损失: 45506.531017 (L1: 42371.928004, L2: 27.779149, L3: 49.933038, L4_cpa: 3056.890640)
[2026-03-19 21:05:49,612] [__main__] [train_dt.py(290)] [INFO] [Step   1200/20000] 训练损失: 28867.331279 (L1: 26412.904368, L2: 53.096109, L3: 49.931280, L4_cpa: 2351.399160)
[2026-03-19 21:05:57,705] [__main__] [train_dt.py(290)] [INFO] [Step   1300/20000] 训练损失: 28815.359861 (L1: 27081.457725, L2: 7.575597, L3: 49.941192, L4_cpa: 1676.385288)
[2026-03-19 21:06:05,805] [__main__] [train_dt.py(290)] [INFO] [Step   1400/20000] 训练损失: 25092.609597 (L1: 20130.284648, L2: 71.913117, L3: 49.977699, L4_cpa: 4840.433792)
[2026-03-19 21:06:13,927] [__main__] [train_dt.py(290)] [INFO] [Step   1500/20000] 训练损失: 38316.342744 (L1: 33697.575085, L2: 25.304052, L3: 49.960724, L4_cpa: 4543.499663)
[2026-03-19 21:06:13,927] [__main__] [train_dt.py(293)] [INFO]   指标 - W: 0.500393, Target: 0.030536, Pred: 0.034782, Pred1: 0.036352
[2026-03-19 21:06:17,671] [__main__] [train_dt.py(310)] [INFO] [Step   1500] 验证损失: 8159.7949
[2026-03-19 21:06:17,746] [__main__] [train_dt.py(316)] [INFO]   🏆 新的最佳模型! (验证损失: 8159.7949)
[2026-03-19 21:06:25,846] [__main__] [train_dt.py(290)] [INFO] [Step   1600/20000] 训练损失: 53566.719974 (L1: 51665.577082, L2: 18.383808, L3: 49.943685, L4_cpa: 1832.814580)
[2026-03-19 21:06:34,521] [__main__] [train_dt.py(290)] [INFO] [Step   1700/20000] 训练损失: 47974.832897 (L1: 43530.402399, L2: 8.706364, L3: 49.954502, L4_cpa: 4385.770501)
[2026-03-19 21:06:42,630] [__main__] [train_dt.py(290)] [INFO] [Step   1800/20000] 训练损失: 28857.823553 (L1: 25856.351543, L2: 7.073738, L3: 49.943820, L4_cpa: 2944.454303)
[2026-03-19 21:06:50,693] [__main__] [train_dt.py(290)] [INFO] [Step   1900/20000] 训练损失: 29899.172551 (L1: 19299.030233, L2: 17.921739, L3: 49.962894, L4_cpa: 10532.257252)
[2026-03-19 21:06:58,723] [__main__] [train_dt.py(290)] [INFO] [Step   2000/20000] 训练损失: 33028.531062 (L1: 26369.358939, L2: 4.169629, L3: 49.986731, L4_cpa: 6605.015992)
[2026-03-19 21:06:58,723] [__main__] [train_dt.py(293)] [INFO]   指标 - W: 0.500133, Target: 0.029651, Pred: 0.034745, Pred1: 0.035275
[2026-03-19 21:07:02,495] [__main__] [train_dt.py(310)] [INFO] [Step   2000] 验证损失: 8931.2571
[2026-03-19 21:07:02,545] [__main__] [train_dt.py(322)] [INFO] 💾 检查点保存于步数 2000
[2026-03-19 21:07:10,669] [__main__] [train_dt.py(290)] [INFO] [Step   2100/20000] 训练损失: 40991.761492 (L1: 35192.703993, L2: 4.904011, L3: 49.979009, L4_cpa: 5744.174715)
[2026-03-19 21:07:18,801] [__main__] [train_dt.py(290)] [INFO] [Step   2200/20000] 训练损失: 39204.701379 (L1: 30575.666727, L2: 24.171266, L3: 49.984551, L4_cpa: 8554.878819)
[2026-03-19 21:07:26,935] [__main__] [train_dt.py(290)] [INFO] [Step   2300/20000] 训练损失: 29696.785768 (L1: 26606.143610, L2: 4.287552, L3: 49.964757, L4_cpa: 3036.389370)
[2026-03-19 21:07:35,051] [__main__] [train_dt.py(290)] [INFO] [Step   2400/20000] 训练损失: 12984.866160 (L1: 8054.800358, L2: 3.432096, L3: 49.978989, L4_cpa: 4876.654841)
[2026-03-19 21:07:43,158] [__main__] [train_dt.py(290)] [INFO] [Step   2500/20000] 训练损失: 22631.632622 (L1: 17615.408845, L2: 15.337130, L3: 49.938971, L4_cpa: 4950.947737)
[2026-03-19 21:07:43,159] [__main__] [train_dt.py(293)] [INFO]   指标 - W: 0.500610, Target: 0.028349, Pred: 0.053320, Pred1: 0.055761
[2026-03-19 21:07:46,934] [__main__] [train_dt.py(310)] [INFO] [Step   2500] 验证损失: 11106.7864
[2026-03-19 21:07:55,107] [__main__] [train_dt.py(290)] [INFO] [Step   2600/20000] 训练损失: 21270.066891 (L1: 13736.248468, L2: 4.887107, L3: 49.996510, L4_cpa: 7478.934676)
[2026-03-19 21:08:03,239] [__main__] [train_dt.py(290)] [INFO] [Step   2700/20000] 训练损失: 31062.506685 (L1: 21944.910704, L2: 5.240038, L3: 50.023093, L4_cpa: 9062.332708)
[2026-03-19 21:08:11,348] [__main__] [train_dt.py(290)] [INFO] [Step   2800/20000] 训练损失: 73208.244614 (L1: 63804.799067, L2: 7.911765, L3: 50.001953, L4_cpa: 9345.531715)
[2026-03-19 21:08:19,481] [__main__] [train_dt.py(290)] [INFO] [Step   2900/20000] 训练损失: 66606.390090 (L1: 57138.095643, L2: 19.203504, L3: 50.035690, L4_cpa: 9399.051580)
[2026-03-19 21:08:27,617] [__main__] [train_dt.py(290)] [INFO] [Step   3000/20000] 训练损失: 17774.689267 (L1: 12613.146649, L2: 14.225329, L3: 49.990715, L4_cpa: 5097.326615)
[2026-03-19 21:08:27,617] [__main__] [train_dt.py(293)] [INFO]   指标 - W: 0.500093, Target: 0.032736, Pred: 0.037142, Pred1: 0.037513
[2026-03-19 21:08:31,372] [__main__] [train_dt.py(310)] [INFO] [Step   3000] 验证损失: 8034.1090
[2026-03-19 21:08:31,449] [__main__] [train_dt.py(316)] [INFO]   🏆 新的最佳模型! (验证损失: 8034.1090)
[2026-03-19 21:08:39,602] [__main__] [train_dt.py(290)] [INFO] [Step   3100/20000] 训练损失: 40552.264848 (L1: 29997.078203, L2: 4.950358, L3: 49.998056, L4_cpa: 10500.236954)
[2026-03-19 21:08:47,734] [__main__] [train_dt.py(290)] [INFO] [Step   3200/20000] 训练损失: 33867.955674 (L1: 21816.646814, L2: 8.754112, L3: 49.905515, L4_cpa: 11992.648853)
[2026-03-19 21:08:55,868] [__main__] [train_dt.py(290)] [INFO] [Step   3300/20000] 训练损失: 42942.243047 (L1: 34989.779556, L2: 11.091062, L3: 49.830325, L4_cpa: 7891.540390)
[2026-03-19 21:09:04,000] [__main__] [train_dt.py(290)] [INFO] [Step   3400/20000] 训练损失: 12736.190112 (L1: 10537.873119, L2: 4.063059, L3: 49.979355, L4_cpa: 2144.274710)
[2026-03-19 21:09:12,159] [__main__] [train_dt.py(290)] [INFO] [Step   3500/20000] 训练损失: 54882.887488 (L1: 49329.600798, L2: 2.978770, L3: 49.991825, L4_cpa: 5500.315560)
[2026-03-19 21:09:12,159] [__main__] [train_dt.py(293)] [INFO]   指标 - W: 0.500082, Target: 0.027601, Pred: 0.028842, Pred1: 0.029168
[2026-03-19 21:09:15,908] [__main__] [train_dt.py(310)] [INFO] [Step   3500] 验证损失: 7896.4643
[2026-03-19 21:09:15,986] [__main__] [train_dt.py(316)] [INFO]   🏆 新的最佳模型! (验证损失: 7896.4643)
[2026-03-19 21:09:24,146] [__main__] [train_dt.py(290)] [INFO] [Step   3600/20000] 训练损失: 16909.399489 (L1: 5222.379475, L2: 2.898733, L3: 50.013834, L4_cpa: 11634.107374)
[2026-03-19 21:09:32,261] [__main__] [train_dt.py(290)] [INFO] [Step   3700/20000] 训练损失: 34259.460154 (L1: 23353.550888, L2: 7.742500, L3: 50.004799, L4_cpa: 10848.161166)
[2026-03-19 21:09:40,387] [__main__] [train_dt.py(290)] [INFO] [Step   3800/20000] 训练损失: 39196.015808 (L1: 29437.481910, L2: 9.730825, L3: 49.929105, L4_cpa: 9698.873493)
[2026-03-19 21:09:48,486] [__main__] [train_dt.py(290)] [INFO] [Step   3900/20000] 训练损失: 22527.010731 (L1: 18558.059079, L2: 12.428018, L3: 49.964684, L4_cpa: 3906.559268)
[2026-03-19 21:09:56,604] [__main__] [train_dt.py(290)] [INFO] [Step   4000/20000] 训练损失: 65697.565561 (L1: 56209.164100, L2: 11.580948, L3: 49.997886, L4_cpa: 9426.823034)
[2026-03-19 21:09:56,604] [__main__] [train_dt.py(293)] [INFO]   指标 - W: 0.500021, Target: 0.026833, Pred: 0.006146, Pred1: 0.006231
[2026-03-19 21:10:00,367] [__main__] [train_dt.py(310)] [INFO] [Step   4000] 验证损失: 13157.2973
[2026-03-19 21:10:00,407] [__main__] [train_dt.py(322)] [INFO] 💾 检查点保存于步数 4000
[2026-03-19 21:10:08,526] [__main__] [train_dt.py(290)] [INFO] [Step   4100/20000] 训练损失: 21355.190018 (L1: 17640.277735, L2: 21.717758, L3: 49.867341, L4_cpa: 3643.327443)
[2026-03-19 21:10:16,652] [__main__] [train_dt.py(290)] [INFO] [Step   4200/20000] 训练损失: 46665.701591 (L1: 41116.892131, L2: 13.977254, L3: 49.921765, L4_cpa: 5484.910921)
[2026-03-19 21:10:24,786] [__main__] [train_dt.py(290)] [INFO] [Step   4300/20000] 训练损失: 37298.091004 (L1: 28289.423987, L2: 5.838410, L3: 49.952468, L4_cpa: 8952.876530)
[2026-03-19 21:10:32,916] [__main__] [train_dt.py(290)] [INFO] [Step   4400/20000] 训练损失: 48375.425689 (L1: 29067.664965, L2: 4.117796, L3: 49.920411, L4_cpa: 19253.721856)
[2026-03-19 21:10:41,080] [__main__] [train_dt.py(290)] [INFO] [Step   4500/20000] 训练损失: 28113.805855 (L1: 22825.847503, L2: 21.244762, L3: 49.953202, L4_cpa: 5216.759919)
[2026-03-19 21:10:41,080] [__main__] [train_dt.py(293)] [INFO]   指标 - W: 0.500468, Target: 0.030022, Pred: 0.029118, Pred1: 0.030990
[2026-03-19 21:10:44,843] [__main__] [train_dt.py(310)] [INFO] [Step   4500] 验证损失: 8318.3606
[2026-03-19 21:10:52,974] [__main__] [train_dt.py(290)] [INFO] [Step   4600/20000] 训练损失: 63051.685707 (L1: 47267.313336, L2: 39.555846, L3: 49.877450, L4_cpa: 15694.938233)
[2026-03-19 21:11:01,121] [__main__] [train_dt.py(290)] [INFO] [Step   4700/20000] 训练损失: 31471.815390 (L1: 21576.459673, L2: 26.619270, L3: 49.940344, L4_cpa: 9818.796072)
[2026-03-19 21:11:09,264] [__main__] [train_dt.py(290)] [INFO] [Step   4800/20000] 训练损失: 31477.142942 (L1: 15889.171675, L2: 26.210244, L3: 49.989753, L4_cpa: 15511.771328)
[2026-03-19 21:11:17,383] [__main__] [train_dt.py(290)] [INFO] [Step   4900/20000] 训练损失: 66824.800490 (L1: 34115.712910, L2: 47.598494, L3: 49.819517, L4_cpa: 32611.668411)
[2026-03-19 21:11:25,500] [__main__] [train_dt.py(290)] [INFO] [Step   5000/20000] 训练损失: 70085.367515 (L1: 60021.291730, L2: 20.080891, L3: 49.789080, L4_cpa: 9994.205701)
[2026-03-19 21:11:25,500] [__main__] [train_dt.py(293)] [INFO]   指标 - W: 0.502109, Target: 0.029247, Pred: 0.028637, Pred1: 0.037074
[2026-03-19 21:11:29,250] [__main__] [train_dt.py(310)] [INFO] [Step   5000] 验证损失: 13823.6335
[2026-03-19 21:11:37,367] [__main__] [train_dt.py(290)] [INFO] [Step   5100/20000] 训练损失: 46618.052610 (L1: 36388.490295, L2: 15.012482, L3: 49.865051, L4_cpa: 10164.685059)
[2026-03-19 21:11:45,488] [__main__] [train_dt.py(290)] [INFO] [Step   5200/20000] 训练损失: 48956.990937 (L1: 41561.776027, L2: 8.959181, L3: 49.882066, L4_cpa: 7336.374357)
[2026-03-19 21:11:53,603] [__main__] [train_dt.py(290)] [INFO] [Step   5300/20000] 训练损失: 50530.577630 (L1: 42514.974087, L2: 38.019641, L3: 49.725764, L4_cpa: 7927.860315)
[2026-03-19 21:12:01,743] [__main__] [train_dt.py(290)] [INFO] [Step   5400/20000] 训练损失: 32836.808885 (L1: 24482.926964, L2: 23.245913, L3: 49.806948, L4_cpa: 8280.828409)
[2026-03-19 21:12:09,936] [__main__] [train_dt.py(290)] [INFO] [Step   5500/20000] 训练损失: 39481.048343 (L1: 29396.564569, L2: 2.295627, L3: 49.916547, L4_cpa: 10032.271657)
[2026-03-19 21:12:09,936] [__main__] [train_dt.py(293)] [INFO]   指标 - W: 0.500835, Target: 0.030331, Pred: 0.036798, Pred1: 0.040137
[2026-03-19 21:12:13,669] [__main__] [train_dt.py(310)] [INFO] [Step   5500] 验证损失: 16042.8368
[2026-03-19 21:12:21,782] [__main__] [train_dt.py(290)] [INFO] [Step   5600/20000] 训练损失: 65145.104078 (L1: 43466.188660, L2: 4.832942, L3: 49.928665, L4_cpa: 21624.153527)
[2026-03-19 21:12:29,894] [__main__] [train_dt.py(290)] [INFO] [Step   5700/20000] 训练损失: 24132.196306 (L1: 15154.576995, L2: 31.581395, L3: 49.819811, L4_cpa: 8896.218066)
[2026-03-19 21:12:38,031] [__main__] [train_dt.py(290)] [INFO] [Step   5800/20000] 训练损失: 35453.726774 (L1: 23847.001631, L2: 18.034896, L3: 49.945779, L4_cpa: 11538.744391)
[2026-03-19 21:12:46,174] [__main__] [train_dt.py(290)] [INFO] [Step   5900/20000] 训练损失: 61493.750493 (L1: 45821.667641, L2: 30.270769, L3: 49.912006, L4_cpa: 15591.900197)
[2026-03-19 21:12:54,310] [__main__] [train_dt.py(290)] [INFO] [Step   6000/20000] 训练损失: 86486.623830 (L1: 63317.771823, L2: 12.536471, L3: 49.894481, L4_cpa: 23106.421342)
[2026-03-19 21:12:54,310] [__main__] [train_dt.py(293)] [INFO]   指标 - W: 0.501055, Target: 0.030378, Pred: 0.037947, Pred1: 0.042168
[2026-03-19 21:12:58,052] [__main__] [train_dt.py(310)] [INFO] [Step   6000] 验证损失: 20409.8127
[2026-03-19 21:12:58,091] [__main__] [train_dt.py(322)] [INFO] 💾 检查点保存于步数 6000
[2026-03-19 21:13:06,225] [__main__] [train_dt.py(290)] [INFO] [Step   6100/20000] 训练损失: 43394.788974 (L1: 34008.653158, L2: 13.467588, L3: 49.927812, L4_cpa: 9322.740586)
[2026-03-19 21:13:14,364] [__main__] [train_dt.py(290)] [INFO] [Step   6200/20000] 训练损失: 58975.180411 (L1: 46744.269955, L2: 23.204763, L3: 49.934711, L4_cpa: 12157.770473)
[2026-03-19 21:13:22,496] [__main__] [train_dt.py(290)] [INFO] [Step   6300/20000] 训练损失: 32361.441523 (L1: 24903.482747, L2: 60.157265, L3: 49.869960, L4_cpa: 7347.931422)
[2026-03-19 21:13:30,705] [__main__] [train_dt.py(290)] [INFO] [Step   6400/20000] 训练损失: 54282.054877 (L1: 41216.287885, L2: 34.034674, L3: 49.919173, L4_cpa: 12981.813756)
[2026-03-19 21:13:38,858] [__main__] [train_dt.py(290)] [INFO] [Step   6500/20000] 训练损失: 49349.383535 (L1: 36913.272480, L2: 23.209822, L3: 49.807409, L4_cpa: 12363.094004)
[2026-03-19 21:13:38,858] [__main__] [train_dt.py(293)] [INFO]   指标 - W: 0.501926, Target: 0.032374, Pred: 0.053792, Pred1: 0.061499
[2026-03-19 21:13:42,608] [__main__] [train_dt.py(310)] [INFO] [Step   6500] 验证损失: 14255.3230
[2026-03-19 21:13:50,733] [__main__] [train_dt.py(290)] [INFO] [Step   6600/20000] 训练损失: 121892.821876 (L1: 106847.048558, L2: 21.319291, L3: 49.803049, L4_cpa: 14974.652226)
[2026-03-19 21:13:58,852] [__main__] [train_dt.py(290)] [INFO] [Step   6700/20000] 训练损失: 78685.957277 (L1: 73196.564834, L2: 25.077874, L3: 49.882000, L4_cpa: 5414.436388)
[2026-03-19 21:14:07,013] [__main__] [train_dt.py(290)] [INFO] [Step   6800/20000] 训练损失: 36224.126783 (L1: 26581.324737, L2: 26.190616, L3: 49.869793, L4_cpa: 9566.741910)
[2026-03-19 21:14:15,151] [__main__] [train_dt.py(290)] [INFO] [Step   6900/20000] 训练损失: 22099.251121 (L1: 13404.819529, L2: 17.422648, L3: 49.893894, L4_cpa: 8627.115041)
[2026-03-19 21:14:23,313] [__main__] [train_dt.py(290)] [INFO] [Step   7000/20000] 训练损失: 36319.539724 (L1: 30175.867753, L2: 24.701909, L3: 49.864922, L4_cpa: 6069.105388)
[2026-03-19 21:14:23,313] [__main__] [train_dt.py(293)] [INFO]   指标 - W: 0.501351, Target: 0.031066, Pred: 0.053922, Pred1: 0.059326
[2026-03-19 21:14:27,092] [__main__] [train_dt.py(310)] [INFO] [Step   7000] 验证损失: 9939.2714
[2026-03-19 21:14:35,234] [__main__] [train_dt.py(290)] [INFO] [Step   7100/20000] 训练损失: 68917.919231 (L1: 51720.996874, L2: 36.512639, L3: 49.809257, L4_cpa: 17110.602459)
[2026-03-19 21:14:43,360] [__main__] [train_dt.py(290)] [INFO] [Step   7200/20000] 训练损失: 38772.455500 (L1: 32687.596807, L2: 63.101365, L3: 49.874700, L4_cpa: 5971.882411)
[2026-03-19 21:14:51,504] [__main__] [train_dt.py(290)] [INFO] [Step   7300/20000] 训练损失: 49900.195418 (L1: 43702.546344, L2: 27.282587, L3: 49.786381, L4_cpa: 6120.579588)
[2026-03-19 21:14:59,714] [__main__] [train_dt.py(290)] [INFO] [Step   7400/20000] 训练损失: 54767.222104 (L1: 50812.119654, L2: 24.939760, L3: 49.893421, L4_cpa: 3880.266979)
[2026-03-19 21:15:07,860] [__main__] [train_dt.py(290)] [INFO] [Step   7500/20000] 训练损失: 52241.805938 (L1: 43253.800056, L2: 28.639607, L3: 49.948810, L4_cpa: 8909.417696)
[2026-03-19 21:15:07,860] [__main__] [train_dt.py(293)] [INFO]   指标 - W: 0.500512, Target: 0.029530, Pred: 0.024411, Pred1: 0.026459
[2026-03-19 21:15:11,630] [__main__] [train_dt.py(310)] [INFO] [Step   7500] 验证损失: 7619.0510
[2026-03-19 21:15:11,710] [__main__] [train_dt.py(316)] [INFO]   🏆 新的最佳模型! (验证损失: 7619.0510)
[2026-03-19 21:15:19,872] [__main__] [train_dt.py(290)] [INFO] [Step   7600/20000] 训练损失: 53696.486726 (L1: 36098.701202, L2: 18.342263, L3: 49.878054, L4_cpa: 17529.564674)
[2026-03-19 21:15:27,998] [__main__] [train_dt.py(290)] [INFO] [Step   7700/20000] 训练损失: 64813.500246 (L1: 57986.049328, L2: 7.062100, L3: 49.934128, L4_cpa: 6770.453998)
[2026-03-19 21:15:36,157] [__main__] [train_dt.py(290)] [INFO] [Step   7800/20000] 训练损失: 22869.396472 (L1: 9622.159441, L2: 2.634566, L3: 49.933603, L4_cpa: 13194.668588)
[2026-03-19 21:15:44,305] [__main__] [train_dt.py(290)] [INFO] [Step   7900/20000] 训练损失: 29866.773605 (L1: 23080.701287, L2: 14.461965, L3: 49.917446, L4_cpa: 6721.692515)
[2026-03-19 21:15:52,455] [__main__] [train_dt.py(290)] [INFO] [Step   8000/20000] 训练损失: 41434.940797 (L1: 35961.287923, L2: 2.261061, L3: 49.943513, L4_cpa: 5421.448777)
[2026-03-19 21:15:52,455] [__main__] [train_dt.py(293)] [INFO]   指标 - W: 0.500565, Target: 0.028682, Pred: 0.031608, Pred1: 0.033868
[2026-03-19 21:15:56,235] [__main__] [train_dt.py(310)] [INFO] [Step   8000] 验证损失: 53196.9568
[2026-03-19 21:15:56,275] [__main__] [train_dt.py(322)] [INFO] 💾 检查点保存于步数 8000
[2026-03-19 21:16:04,388] [__main__] [train_dt.py(290)] [INFO] [Step   8100/20000] 训练损失: 30919.133187 (L1: 22434.301272, L2: 3.426173, L3: 49.959061, L4_cpa: 8431.447125)
[2026-03-19 21:16:12,525] [__main__] [train_dt.py(290)] [INFO] [Step   8200/20000] 训练损失: 25829.805596 (L1: 13013.455216, L2: 33.018933, L3: 49.843487, L4_cpa: 12733.488280)
[2026-03-19 21:16:20,715] [__main__] [train_dt.py(290)] [INFO] [Step   8300/20000] 训练损失: 35089.405334 (L1: 27307.944750, L2: 31.568387, L3: 49.823806, L4_cpa: 7700.067917)
[2026-03-19 21:16:28,839] [__main__] [train_dt.py(290)] [INFO] [Step   8400/20000] 训练损失: 26435.237814 (L1: 18059.413375, L2: 15.969413, L3: 49.904398, L4_cpa: 8309.950976)
[2026-03-19 21:16:36,965] [__main__] [train_dt.py(290)] [INFO] [Step   8500/20000] 训练损失: 32935.871563 (L1: 26820.559377, L2: 8.139875, L3: 49.830443, L4_cpa: 6057.343241)
[2026-03-19 21:16:36,965] [__main__] [train_dt.py(293)] [INFO]   指标 - W: 0.501696, Target: 0.027558, Pred: 0.036619, Pred1: 0.043402
[2026-03-19 21:16:40,740] [__main__] [train_dt.py(310)] [INFO] [Step   8500] 验证损失: 6775.2642
[2026-03-19 21:16:40,809] [__main__] [train_dt.py(316)] [INFO]   🏆 新的最佳模型! (验证损失: 6775.2642)
[2026-03-19 21:16:48,953] [__main__] [train_dt.py(290)] [INFO] [Step   8600/20000] 训练损失: 69569.446356 (L1: 54303.778440, L2: 12.839813, L3: 49.886615, L4_cpa: 15202.940969)
[2026-03-19 21:16:57,087] [__main__] [train_dt.py(290)] [INFO] [Step   8700/20000] 训练损失: 37910.447985 (L1: 25675.398345, L2: 14.772223, L3: 49.811157, L4_cpa: 12170.466849)
[2026-03-19 21:17:05,164] [__main__] [train_dt.py(290)] [INFO] [Step   8800/20000] 训练损失: 120270.882058 (L1: 93857.914278, L2: 13.226721, L3: 49.946105, L4_cpa: 26349.796258)
[2026-03-19 21:17:12,855] [__main__] [train_dt.py(290)] [INFO] [Step   8900/20000] 训练损失: 17229.079782 (L1: 11911.868403, L2: 13.740150, L3: 49.903996, L4_cpa: 5253.566861)
[2026-03-19 21:17:20,398] [__main__] [train_dt.py(290)] [INFO] [Step   9000/20000] 训练损失: 110329.766277 (L1: 105008.163286, L2: 19.950066, L3: 49.854439, L4_cpa: 5251.795811)
[2026-03-19 21:17:20,398] [__main__] [train_dt.py(293)] [INFO]   指标 - W: 0.501456, Target: 0.032372, Pred: 0.041069, Pred1: 0.046892
[2026-03-19 21:17:23,977] [__main__] [train_dt.py(310)] [INFO] [Step   9000] 验证损失: 6981.5176
[2026-03-19 21:17:31,509] [__main__] [train_dt.py(290)] [INFO] [Step   9100/20000] 训练损失: 73416.830287 (L1: 55169.497074, L2: 13.247649, L3: 49.894517, L4_cpa: 18184.191047)
[2026-03-19 21:17:39,096] [__main__] [train_dt.py(290)] [INFO] [Step   9200/20000] 训练损失: 35250.139606 (L1: 20940.732268, L2: 8.153508, L3: 49.835981, L4_cpa: 14251.417331)
[2026-03-19 21:17:46,631] [__main__] [train_dt.py(290)] [INFO] [Step   9300/20000] 训练损失: 29688.052535 (L1: 22051.077704, L2: 12.919354, L3: 49.861603, L4_cpa: 7574.194113)
[2026-03-19 21:17:54,172] [__main__] [train_dt.py(290)] [INFO] [Step   9400/20000] 训练损失: 39509.101291 (L1: 22854.265526, L2: 2.803137, L3: 49.906298, L4_cpa: 16602.126685)
[2026-03-19 21:18:01,716] [__main__] [train_dt.py(290)] [INFO] [Step   9500/20000] 训练损失: 68002.907660 (L1: 37927.427843, L2: 6.913745, L3: 49.881149, L4_cpa: 30018.684291)
[2026-03-19 21:18:01,716] [__main__] [train_dt.py(293)] [INFO]   指标 - W: 0.501189, Target: 0.028435, Pred: 0.026782, Pred1: 0.031537
[2026-03-19 21:18:05,322] [__main__] [train_dt.py(310)] [INFO] [Step   9500] 验证损失: 10380.3831
[2026-03-19 21:18:12,865] [__main__] [train_dt.py(290)] [INFO] [Step   9600/20000] 训练损失: 111456.965655 (L1: 90460.877608, L2: 12.011197, L3: 49.893521, L4_cpa: 20934.178442)
[2026-03-19 21:18:20,406] [__main__] [train_dt.py(290)] [INFO] [Step   9700/20000] 训练损失: 30010.629495 (L1: 22121.663494, L2: 3.908158, L3: 49.898225, L4_cpa: 7835.160110)
[2026-03-19 21:18:27,943] [__main__] [train_dt.py(290)] [INFO] [Step   9800/20000] 训练损失: 38477.691725 (L1: 20684.097736, L2: 7.913356, L3: 49.861102, L4_cpa: 17735.819503)
[2026-03-19 21:18:35,478] [__main__] [train_dt.py(290)] [INFO] [Step   9900/20000] 训练损失: 49836.813532 (L1: 43233.463670, L2: 13.014169, L3: 49.867430, L4_cpa: 6540.469174)
[2026-03-19 21:18:43,012] [__main__] [train_dt.py(290)] [INFO] [Step  10000/20000] 训练损失: 34541.912108 (L1: 27362.043334, L2: 19.276266, L3: 49.769108, L4_cpa: 7110.823481)
[2026-03-19 21:18:43,012] [__main__] [train_dt.py(293)] [INFO]   指标 - W: 0.502309, Target: 0.029524, Pred: 0.019027, Pred1: 0.028271
[2026-03-19 21:18:46,613] [__main__] [train_dt.py(310)] [INFO] [Step  10000] 验证损失: 8960.8622
[2026-03-19 21:18:46,652] [__main__] [train_dt.py(322)] [INFO] 💾 检查点保存于步数 10000
[2026-03-19 21:18:54,178] [__main__] [train_dt.py(290)] [INFO] [Step  10100/20000] 训练损失: 35057.648507 (L1: 19267.208783, L2: 18.670983, L3: 49.843363, L4_cpa: 15721.925242)
[2026-03-19 21:19:01,772] [__main__] [train_dt.py(290)] [INFO] [Step  10200/20000] 训练损失: 39574.762636 (L1: 29686.908379, L2: 25.034440, L3: 49.859063, L4_cpa: 9812.961327)
[2026-03-19 21:19:09,314] [__main__] [train_dt.py(290)] [INFO] [Step  10300/20000] 训练损失: 64523.920364 (L1: 59383.318318, L2: 24.098304, L3: 49.905548, L4_cpa: 5066.599032)
[2026-03-19 21:19:16,858] [__main__] [train_dt.py(290)] [INFO] [Step  10400/20000] 训练损失: 76900.297678 (L1: 63624.956953, L2: 23.142013, L3: 49.929445, L4_cpa: 13202.272944)
[2026-03-19 21:19:24,403] [__main__] [train_dt.py(290)] [INFO] [Step  10500/20000] 训练损失: 44604.131079 (L1: 15756.107549, L2: 20.265141, L3: 49.872866, L4_cpa: 28777.885095)
[2026-03-19 21:19:24,403] [__main__] [train_dt.py(293)] [INFO]   指标 - W: 0.501271, Target: 0.029775, Pred: 0.028960, Pred1: 0.034049
[2026-03-19 21:19:28,005] [__main__] [train_dt.py(310)] [INFO] [Step  10500] 验证损失: 10600.3760
[2026-03-19 21:19:35,538] [__main__] [train_dt.py(290)] [INFO] [Step  10600/20000] 训练损失: 12991.647435 (L1: 7777.881644, L2: 20.767537, L3: 49.798974, L4_cpa: 5143.199374)
[2026-03-19 21:19:43,077] [__main__] [train_dt.py(290)] [INFO] [Step  10700/20000] 训练损失: 32671.243553 (L1: 14955.929484, L2: 9.277152, L3: 49.817298, L4_cpa: 17656.219946)
[2026-03-19 21:19:50,620] [__main__] [train_dt.py(290)] [INFO] [Step  10800/20000] 训练损失: 25512.620437 (L1: 19438.533066, L2: 20.084048, L3: 49.879050, L4_cpa: 6004.124937)
[2026-03-19 21:19:58,161] [__main__] [train_dt.py(290)] [INFO] [Step  10900/20000] 训练损失: 35459.976465 (L1: 25847.588417, L2: 9.952459, L3: 49.859187, L4_cpa: 9552.576736)
[2026-03-19 21:20:05,708] [__main__] [train_dt.py(290)] [INFO] [Step  11000/20000] 训练损失: 16964.580404 (L1: 11298.124118, L2: 6.835402, L3: 49.931891, L4_cpa: 5609.688946)
[2026-03-19 21:20:05,708] [__main__] [train_dt.py(293)] [INFO]   指标 - W: 0.500681, Target: 0.026526, Pred: 0.021880, Pred1: 0.024605
[2026-03-19 21:20:09,295] [__main__] [train_dt.py(310)] [INFO] [Step  11000] 验证损失: 138356.4618
[2026-03-19 21:20:16,883] [__main__] [train_dt.py(290)] [INFO] [Step  11100/20000] 训练损失: 17372.857153 (L1: 12744.227881, L2: 28.365949, L3: 49.809676, L4_cpa: 4550.453781)
[2026-03-19 21:20:24,426] [__main__] [train_dt.py(290)] [INFO] [Step  11200/20000] 训练损失: 14524.627518 (L1: 10278.946399, L2: 55.023316, L3: 49.872063, L4_cpa: 4140.785864)
[2026-03-19 21:20:31,965] [__main__] [train_dt.py(290)] [INFO] [Step  11300/20000] 训练损失: 38882.339680 (L1: 26447.706923, L2: 18.061633, L3: 49.841373, L4_cpa: 12366.730165)
[2026-03-19 21:20:39,504] [__main__] [train_dt.py(290)] [INFO] [Step  11400/20000] 训练损失: 39153.353985 (L1: 28691.062011, L2: 13.131503, L3: 49.861914, L4_cpa: 10399.299038)
[2026-03-19 21:20:47,048] [__main__] [train_dt.py(290)] [INFO] [Step  11500/20000] 训练损失: 37842.930381 (L1: 22000.162023, L2: 69.404809, L3: 49.878899, L4_cpa: 15723.483565)
[2026-03-19 21:20:47,048] [__main__] [train_dt.py(293)] [INFO]   指标 - W: 0.501211, Target: 0.032639, Pred: 0.030369, Pred1: 0.035214
[2026-03-19 21:20:50,622] [__main__] [train_dt.py(310)] [INFO] [Step  11500] 验证损失: 9367.3850
[2026-03-19 21:20:58,156] [__main__] [train_dt.py(290)] [INFO] [Step  11600/20000] 训练损失: 20672.487417 (L1: 11921.981723, L2: 40.239894, L3: 49.883695, L4_cpa: 8660.382084)
[2026-03-19 21:21:05,698] [__main__] [train_dt.py(290)] [INFO] [Step  11700/20000] 训练损失: 47242.954453 (L1: 41568.920584, L2: 7.369648, L3: 49.859839, L4_cpa: 5616.803758)
[2026-03-19 21:21:13,237] [__main__] [train_dt.py(290)] [INFO] [Step  11800/20000] 训练损失: 34574.723816 (L1: 19004.050952, L2: 54.633081, L3: 49.901539, L4_cpa: 15466.137980)
[2026-03-19 21:21:20,783] [__main__] [train_dt.py(290)] [INFO] [Step  11900/20000] 训练损失: 51950.582913 (L1: 44241.442962, L2: 21.941336, L3: 49.829013, L4_cpa: 7637.368907)
[2026-03-19 21:21:28,321] [__main__] [train_dt.py(290)] [INFO] [Step  12000/20000] 训练损失: 60436.025811 (L1: 49809.612444, L2: 11.311728, L3: 49.991197, L4_cpa: 10565.110334)
[2026-03-19 21:21:28,321] [__main__] [train_dt.py(293)] [INFO]   指标 - W: 0.500088, Target: 0.029724, Pred: 0.020580, Pred1: 0.020932
[2026-03-19 21:21:31,915] [__main__] [train_dt.py(310)] [INFO] [Step  12000] 验证损失: 19798.0042
[2026-03-19 21:21:31,954] [__main__] [train_dt.py(322)] [INFO] 💾 检查点保存于步数 12000
[2026-03-19 21:21:39,533] [__main__] [train_dt.py(290)] [INFO] [Step  12100/20000] 训练损失: 49787.710783 (L1: 24703.667852, L2: 6.427025, L3: 49.984855, L4_cpa: 25027.630423)
[2026-03-19 21:21:47,075] [__main__] [train_dt.py(290)] [INFO] [Step  12200/20000] 训练损失: 78297.554025 (L1: 49103.842879, L2: 4.140388, L3: 49.924417, L4_cpa: 29139.645903)
[2026-03-19 21:21:54,620] [__main__] [train_dt.py(290)] [INFO] [Step  12300/20000] 训练损失: 75443.529276 (L1: 67679.353743, L2: 12.651159, L3: 49.933797, L4_cpa: 7701.591416)
[2026-03-19 21:22:02,160] [__main__] [train_dt.py(290)] [INFO] [Step  12400/20000] 训练损失: 37043.838524 (L1: 28066.486763, L2: 35.978638, L3: 49.902458, L4_cpa: 8891.470958)
[2026-03-19 21:22:09,700] [__main__] [train_dt.py(290)] [INFO] [Step  12500/20000] 训练损失: 42664.736841 (L1: 30618.290323, L2: 12.003736, L3: 49.966814, L4_cpa: 11984.476010)
[2026-03-19 21:22:09,700] [__main__] [train_dt.py(293)] [INFO]   指标 - W: 0.500332, Target: 0.033753, Pred: 0.028877, Pred1: 0.030206
[2026-03-19 21:22:13,295] [__main__] [train_dt.py(310)] [INFO] [Step  12500] 验证损失: 13280.4732
[2026-03-19 21:22:20,829] [__main__] [train_dt.py(290)] [INFO] [Step  12600/20000] 训练损失: 16567.533329 (L1: 11079.205779, L2: 6.614530, L3: 49.926655, L4_cpa: 5431.786382)
[2026-03-19 21:22:28,367] [__main__] [train_dt.py(290)] [INFO] [Step  12700/20000] 训练损失: 51449.582734 (L1: 45822.150161, L2: 4.632539, L3: 49.912190, L4_cpa: 5572.886617)
[2026-03-19 21:22:35,912] [__main__] [train_dt.py(290)] [INFO] [Step  12800/20000] 训练损失: 18754.039898 (L1: 14150.124526, L2: 2.726310, L3: 49.936834, L4_cpa: 4551.252473)
[2026-03-19 21:22:43,451] [__main__] [train_dt.py(290)] [INFO] [Step  12900/20000] 训练损失: 31254.349538 (L1: 27927.889705, L2: 13.030117, L3: 49.933860, L4_cpa: 3263.495926)
[2026-03-19 21:22:51,038] [__main__] [train_dt.py(290)] [INFO] [Step  13000/20000] 训练损失: 13910.285308 (L1: 9644.970140, L2: 7.755150, L3: 49.881534, L4_cpa: 4207.678190)
[2026-03-19 21:22:51,038] [__main__] [train_dt.py(293)] [INFO]   指标 - W: 0.501185, Target: 0.029899, Pred: 0.032181, Pred1: 0.036922
[2026-03-19 21:22:54,645] [__main__] [train_dt.py(310)] [INFO] [Step  13000] 验证损失: 104466.2784
[2026-03-19 21:23:02,182] [__main__] [train_dt.py(290)] [INFO] [Step  13100/20000] 训练损失: 31492.436431 (L1: 16980.319057, L2: 2.769510, L3: 49.923286, L4_cpa: 14459.424321)
[2026-03-19 21:23:09,722] [__main__] [train_dt.py(290)] [INFO] [Step  13200/20000] 训练损失: 17465.549198 (L1: 12041.047201, L2: 16.900358, L3: 49.930536, L4_cpa: 5357.670976)
[2026-03-19 21:23:17,263] [__main__] [train_dt.py(290)] [INFO] [Step  13300/20000] 训练损失: 23431.048895 (L1: 15645.448603, L2: 33.708285, L3: 49.928025, L4_cpa: 7701.963902)
[2026-03-19 21:23:24,811] [__main__] [train_dt.py(290)] [INFO] [Step  13400/20000] 训练损失: 23012.981627 (L1: 19425.549284, L2: 16.273047, L3: 49.897019, L4_cpa: 3521.262219)
[2026-03-19 21:23:32,351] [__main__] [train_dt.py(290)] [INFO] [Step  13500/20000] 训练损失: 29129.835328 (L1: 19168.982115, L2: 6.973391, L3: 49.936529, L4_cpa: 9903.942752)
[2026-03-19 21:23:32,351] [__main__] [train_dt.py(293)] [INFO]   指标 - W: 0.500635, Target: 0.031462, Pred: 0.038680, Pred1: 0.041218
[2026-03-19 21:23:35,949] [__main__] [train_dt.py(310)] [INFO] [Step  13500] 验证损失: 7748.0856
[2026-03-19 21:23:43,477] [__main__] [train_dt.py(290)] [INFO] [Step  13600/20000] 训练损失: 21959.902123 (L1: 14234.904146, L2: 2.510134, L3: 49.944896, L4_cpa: 7672.543458)
[2026-03-19 21:23:51,013] [__main__] [train_dt.py(290)] [INFO] [Step  13700/20000] 训练损失: 27430.971589 (L1: 17211.166751, L2: 4.455803, L3: 49.928199, L4_cpa: 10165.420791)
[2026-03-19 21:23:58,551] [__main__] [train_dt.py(290)] [INFO] [Step  13800/20000] 训练损失: 25378.090624 (L1: 17709.492655, L2: 8.805922, L3: 49.909725, L4_cpa: 7609.882475)
[2026-03-19 21:24:06,093] [__main__] [train_dt.py(290)] [INFO] [Step  13900/20000] 训练损失: 75508.428073 (L1: 62521.831098, L2: 10.099768, L3: 49.876871, L4_cpa: 12926.620676)
[2026-03-19 21:24:13,689] [__main__] [train_dt.py(290)] [INFO] [Step  14000/20000] 训练损失: 54014.558313 (L1: 49689.499568, L2: 11.209258, L3: 49.916517, L4_cpa: 4263.931788)
[2026-03-19 21:24:13,689] [__main__] [train_dt.py(293)] [INFO]   指标 - W: 0.500835, Target: 0.032127, Pred: 0.042320, Pred1: 0.045660
[2026-03-19 21:24:17,282] [__main__] [train_dt.py(310)] [INFO] [Step  14000] 验证损失: 275983.3105
[2026-03-19 21:24:17,321] [__main__] [train_dt.py(322)] [INFO] 💾 检查点保存于步数 14000
[2026-03-19 21:24:24,856] [__main__] [train_dt.py(290)] [INFO] [Step  14100/20000] 训练损失: 76326.812473 (L1: 34184.065125, L2: 9.248534, L3: 49.897884, L4_cpa: 42083.603148)
[2026-03-19 21:24:32,404] [__main__] [train_dt.py(290)] [INFO] [Step  14200/20000] 训练损失: 36660.687941 (L1: 29928.799071, L2: 5.799645, L3: 49.946197, L4_cpa: 6676.143312)
[2026-03-19 21:24:39,943] [__main__] [train_dt.py(290)] [INFO] [Step  14300/20000] 训练损失: 19249.966237 (L1: 13333.689435, L2: 34.954745, L3: 49.908662, L4_cpa: 5831.413493)
[2026-03-19 21:24:47,475] [__main__] [train_dt.py(290)] [INFO] [Step  14400/20000] 训练损失: 28318.045302 (L1: 23300.941649, L2: 29.801383, L3: 49.964174, L4_cpa: 4937.338427)
[2026-03-19 21:24:55,021] [__main__] [train_dt.py(290)] [INFO] [Step  14500/20000] 训练损失: 38935.568836 (L1: 31563.932688, L2: 17.300832, L3: 49.916943, L4_cpa: 7304.416786)
[2026-03-19 21:24:55,021] [__main__] [train_dt.py(293)] [INFO]   指标 - W: 0.500831, Target: 0.031681, Pred: 0.044221, Pred1: 0.047544
[2026-03-19 21:24:58,605] [__main__] [train_dt.py(310)] [INFO] [Step  14500] 验证损失: 71202.9005
[2026-03-19 21:25:06,139] [__main__] [train_dt.py(290)] [INFO] [Step  14600/20000] 训练损失: 30727.646276 (L1: 24311.248913, L2: 6.223780, L3: 49.917088, L4_cpa: 6360.256472)
[2026-03-19 21:25:13,677] [__main__] [train_dt.py(290)] [INFO] [Step  14700/20000] 训练损失: 62624.326873 (L1: 53090.127315, L2: 36.889770, L3: 49.907183, L4_cpa: 9447.399773)
[2026-03-19 21:25:21,220] [__main__] [train_dt.py(290)] [INFO] [Step  14800/20000] 训练损失: 27356.144553 (L1: 25681.174933, L2: 9.351092, L3: 49.910187, L4_cpa: 1615.708722)
[2026-03-19 21:25:28,817] [__main__] [train_dt.py(290)] [INFO] [Step  14900/20000] 训练损失: 27623.101477 (L1: 18965.667130, L2: 3.769000, L3: 49.894598, L4_cpa: 8603.771913)
[2026-03-19 21:25:36,360] [__main__] [train_dt.py(290)] [INFO] [Step  15000/20000] 训练损失: 32125.943683 (L1: 17952.235065, L2: 4.878668, L3: 49.929801, L4_cpa: 14118.899833)
[2026-03-19 21:25:36,360] [__main__] [train_dt.py(293)] [INFO]   指标 - W: 0.500702, Target: 0.030970, Pred: 0.043279, Pred1: 0.046090
[2026-03-19 21:25:39,968] [__main__] [train_dt.py(310)] [INFO] [Step  15000] 验证损失: 22834.8764
[2026-03-19 21:25:47,505] [__main__] [train_dt.py(290)] [INFO] [Step  15100/20000] 训练损失: 41586.807062 (L1: 25442.639186, L2: 4.079858, L3: 49.950636, L4_cpa: 16090.137076)
[2026-03-19 21:25:55,041] [__main__] [train_dt.py(290)] [INFO] [Step  15200/20000] 训练损失: 38441.900558 (L1: 22252.189047, L2: 12.536695, L3: 49.957431, L4_cpa: 16127.217421)
[2026-03-19 21:26:02,576] [__main__] [train_dt.py(290)] [INFO] [Step  15300/20000] 训练损失: 53992.479865 (L1: 22243.376241, L2: 4.314965, L3: 49.931117, L4_cpa: 31694.858239)
[2026-03-19 21:26:10,107] [__main__] [train_dt.py(290)] [INFO] [Step  15400/20000] 训练损失: 28868.120696 (L1: 17576.070334, L2: 2.123295, L3: 49.931538, L4_cpa: 11239.994924)
[2026-03-19 21:26:17,642] [__main__] [train_dt.py(290)] [INFO] [Step  15500/20000] 训练损失: 22189.453120 (L1: 15855.444198, L2: 1.965529, L3: 49.939737, L4_cpa: 6282.103569)
[2026-03-19 21:26:17,642] [__main__] [train_dt.py(293)] [INFO]   指标 - W: 0.500603, Target: 0.029169, Pred: 0.035092, Pred1: 0.037502
[2026-03-19 21:26:21,241] [__main__] [train_dt.py(310)] [INFO] [Step  15500] 验证损失: 13926.5284
[2026-03-19 21:26:28,775] [__main__] [train_dt.py(290)] [INFO] [Step  15600/20000] 训练损失: 21120.014975 (L1: 14328.788580, L2: 2.069155, L3: 49.957593, L4_cpa: 6739.199163)
[2026-03-19 21:26:36,311] [__main__] [train_dt.py(290)] [INFO] [Step  15700/20000] 训练损失: 41972.963143 (L1: 34838.826709, L2: 17.768658, L3: 49.933717, L4_cpa: 7066.434224)
[2026-03-19 21:26:43,850] [__main__] [train_dt.py(290)] [INFO] [Step  15800/20000] 训练损失: 18466.622301 (L1: 14263.323822, L2: 4.089442, L3: 49.940910, L4_cpa: 4149.267946)
[2026-03-19 21:26:51,443] [__main__] [train_dt.py(290)] [INFO] [Step  15900/20000] 训练损失: 20212.445035 (L1: 10570.699904, L2: 19.046999, L3: 49.885308, L4_cpa: 9572.812753)
[2026-03-19 21:26:58,974] [__main__] [train_dt.py(290)] [INFO] [Step  16000/20000] 训练损失: 46792.228824 (L1: 24675.458474, L2: 4.277771, L3: 49.931313, L4_cpa: 22062.562243)
[2026-03-19 21:26:58,974] [__main__] [train_dt.py(293)] [INFO]   指标 - W: 0.500687, Target: 0.029713, Pred: 0.038829, Pred1: 0.041576
[2026-03-19 21:27:02,531] [__main__] [train_dt.py(310)] [INFO] [Step  16000] 验证损失: 13404.0504
[2026-03-19 21:27:02,569] [__main__] [train_dt.py(322)] [INFO] 💾 检查点保存于步数 16000
[2026-03-19 21:27:10,102] [__main__] [train_dt.py(290)] [INFO] [Step  16100/20000] 训练损失: 24263.680512 (L1: 17383.276788, L2: 3.330792, L3: 49.910078, L4_cpa: 6827.163248)
[2026-03-19 21:27:17,645] [__main__] [train_dt.py(290)] [INFO] [Step  16200/20000] 训练损失: 45197.178512 (L1: 31362.780397, L2: 9.075738, L3: 49.919371, L4_cpa: 13775.402850)
[2026-03-19 21:27:25,196] [__main__] [train_dt.py(290)] [INFO] [Step  16300/20000] 训练损失: 27893.647237 (L1: 14136.690216, L2: 6.963118, L3: 49.943385, L4_cpa: 13700.050468)
[2026-03-19 21:27:32,739] [__main__] [train_dt.py(290)] [INFO] [Step  16400/20000] 训练损失: 49213.437835 (L1: 40531.089322, L2: 12.656212, L3: 49.970827, L4_cpa: 8619.721515)
[2026-03-19 21:27:40,286] [__main__] [train_dt.py(290)] [INFO] [Step  16500/20000] 训练损失: 23660.849986 (L1: 19201.152291, L2: 3.322717, L3: 49.892446, L4_cpa: 4406.482905)
[2026-03-19 21:27:40,286] [__main__] [train_dt.py(293)] [INFO]   指标 - W: 0.501076, Target: 0.028596, Pred: 0.030659, Pred1: 0.034961
[2026-03-19 21:27:43,911] [__main__] [train_dt.py(310)] [INFO] [Step  16500] 验证损失: 8996.8634
[2026-03-19 21:27:51,446] [__main__] [train_dt.py(290)] [INFO] [Step  16600/20000] 训练损失: 68044.609728 (L1: 36356.191649, L2: 8.870329, L3: 49.945749, L4_cpa: 31629.601743)
[2026-03-19 21:27:58,977] [__main__] [train_dt.py(290)] [INFO] [Step  16700/20000] 训练损失: 62206.468466 (L1: 59017.514362, L2: 14.745535, L3: 49.928359, L4_cpa: 3124.279407)
[2026-03-19 21:28:06,572] [__main__] [train_dt.py(290)] [INFO] [Step  16800/20000] 训练损失: 38355.946909 (L1: 32463.568557, L2: 16.693486, L3: 49.918418, L4_cpa: 5825.767375)
[2026-03-19 21:28:14,119] [__main__] [train_dt.py(290)] [INFO] [Step  16900/20000] 训练损失: 46461.325322 (L1: 28353.034160, L2: 7.953589, L3: 49.935596, L4_cpa: 18050.401561)
[2026-03-19 21:28:21,664] [__main__] [train_dt.py(290)] [INFO] [Step  17000/20000] 训练损失: 34001.444624 (L1: 25409.266093, L2: 4.484269, L3: 49.933131, L4_cpa: 8537.760056)
[2026-03-19 21:28:21,664] [__main__] [train_dt.py(293)] [INFO]   指标 - W: 0.500669, Target: 0.029649, Pred: 0.037984, Pred1: 0.040659
[2026-03-19 21:28:25,266] [__main__] [train_dt.py(310)] [INFO] [Step  17000] 验证损失: 8791.4158
[2026-03-19 21:28:32,799] [__main__] [train_dt.py(290)] [INFO] [Step  17100/20000] 训练损失: 59284.143167 (L1: 40609.472573, L2: 5.540751, L3: 49.932228, L4_cpa: 18619.198004)
[2026-03-19 21:28:40,339] [__main__] [train_dt.py(290)] [INFO] [Step  17200/20000] 训练损失: 73016.458495 (L1: 44583.354921, L2: 7.973118, L3: 49.945135, L4_cpa: 28375.185646)
[2026-03-19 21:28:47,874] [__main__] [train_dt.py(290)] [INFO] [Step  17300/20000] 训练损失: 50746.012513 (L1: 39752.035568, L2: 20.349783, L3: 49.925979, L4_cpa: 10923.702248)
[2026-03-19 21:28:55,401] [__main__] [train_dt.py(290)] [INFO] [Step  17400/20000] 训练损失: 15477.884794 (L1: 8088.576523, L2: 9.186926, L3: 49.920923, L4_cpa: 7330.200478)
[2026-03-19 21:29:03,081] [__main__] [train_dt.py(290)] [INFO] [Step  17500/20000] 训练损失: 51787.892841 (L1: 40184.582462, L2: 12.976667, L3: 49.958650, L4_cpa: 11540.375768)
[2026-03-19 21:29:03,081] [__main__] [train_dt.py(293)] [INFO]   指标 - W: 0.500414, Target: 0.030371, Pred: 0.030538, Pred1: 0.032190
[2026-03-19 21:29:06,689] [__main__] [train_dt.py(310)] [INFO] [Step  17500] 验证损失: 11175.0792
[2026-03-19 21:29:14,399] [__main__] [train_dt.py(290)] [INFO] [Step  17600/20000] 训练损失: 14071.781795 (L1: 10162.939253, L2: 14.788884, L3: 49.922560, L4_cpa: 3844.131299)
[2026-03-19 21:29:22,164] [__main__] [train_dt.py(290)] [INFO] [Step  17700/20000] 训练损失: 19102.299185 (L1: 12411.966216, L2: 23.496351, L3: 49.948331, L4_cpa: 6616.888516)
[2026-03-19 21:29:29,879] [__main__] [train_dt.py(290)] [INFO] [Step  17800/20000] 训练损失: 52155.618612 (L1: 32825.668365, L2: 3.999065, L3: 49.948564, L4_cpa: 19276.002982)
[2026-03-19 21:29:37,604] [__main__] [train_dt.py(290)] [INFO] [Step  17900/20000] 训练损失: 44598.682617 (L1: 28295.817119, L2: 6.890164, L3: 49.908820, L4_cpa: 16246.066920)
[2026-03-19 21:29:45,331] [__main__] [train_dt.py(290)] [INFO] [Step  18000/20000] 训练损失: 85502.277443 (L1: 78180.202080, L2: 5.357744, L3: 49.932938, L4_cpa: 7266.784585)
[2026-03-19 21:29:45,331] [__main__] [train_dt.py(293)] [INFO]   指标 - W: 0.500671, Target: 0.032275, Pred: 0.039726, Pred1: 0.042395
[2026-03-19 21:29:48,944] [__main__] [train_dt.py(310)] [INFO] [Step  18000] 验证损失: 1036064.4751
[2026-03-19 21:29:48,984] [__main__] [train_dt.py(322)] [INFO] 💾 检查点保存于步数 18000
[2026-03-19 21:29:56,703] [__main__] [train_dt.py(290)] [INFO] [Step  18100/20000] 训练损失: 19269.719819 (L1: 13982.255914, L2: 3.592747, L3: 49.938953, L4_cpa: 5233.931982)
[2026-03-19 21:30:04,434] [__main__] [train_dt.py(290)] [INFO] [Step  18200/20000] 训练损失: 38824.311957 (L1: 27119.944486, L2: 2.405887, L3: 49.934260, L4_cpa: 11652.026298)
[2026-03-19 21:30:12,155] [__main__] [train_dt.py(290)] [INFO] [Step  18300/20000] 训练损失: 52122.140666 (L1: 40898.525270, L2: 19.351791, L3: 49.925067, L4_cpa: 11154.339878)
[2026-03-19 21:30:19,884] [__main__] [train_dt.py(290)] [INFO] [Step  18400/20000] 训练损失: 39801.625121 (L1: 21705.989750, L2: 12.570713, L3: 49.900155, L4_cpa: 18033.164641)
[2026-03-19 21:30:27,616] [__main__] [train_dt.py(290)] [INFO] [Step  18500/20000] 训练损失: 19202.498050 (L1: 14132.294099, L2: 8.145085, L3: 49.926932, L4_cpa: 5012.131853)
[2026-03-19 21:30:27,616] [__main__] [train_dt.py(293)] [INFO]   指标 - W: 0.500731, Target: 0.032838, Pred: 0.036554, Pred1: 0.039476
[2026-03-19 21:30:31,231] [__main__] [train_dt.py(310)] [INFO] [Step  18500] 验证损失: 18342.8769
[2026-03-19 21:30:39,002] [__main__] [train_dt.py(290)] [INFO] [Step  18600/20000] 训练损失: 30710.435060 (L1: 17793.318047, L2: 14.306603, L3: 49.905960, L4_cpa: 12852.903391)
[2026-03-19 21:30:46,736] [__main__] [train_dt.py(290)] [INFO] [Step  18700/20000] 训练损失: 10590.335177 (L1: 5134.036690, L2: 2.093208, L3: 49.903736, L4_cpa: 5404.301492)
[2026-03-19 21:30:54,599] [__main__] [train_dt.py(290)] [INFO] [Step  18800/20000] 训练损失: 21996.233814 (L1: 15494.395311, L2: 2.885729, L3: 49.922599, L4_cpa: 6449.029925)
[2026-03-19 21:31:02,757] [__main__] [train_dt.py(290)] [INFO] [Step  18900/20000] 训练损失: 26905.209282 (L1: 19760.334668, L2: 1.977674, L3: 49.923637, L4_cpa: 7092.973326)
[2026-03-19 21:31:10,917] [__main__] [train_dt.py(290)] [INFO] [Step  19000/20000] 训练损失: 57494.992986 (L1: 29143.373199, L2: 5.685493, L3: 49.921250, L4_cpa: 28296.013695)
[2026-03-19 21:31:10,917] [__main__] [train_dt.py(293)] [INFO]   指标 - W: 0.500788, Target: 0.029661, Pred: 0.035901, Pred1: 0.039052
[2026-03-19 21:31:14,652] [__main__] [train_dt.py(310)] [INFO] [Step  19000] 验证损失: 9727.6073
[2026-03-19 21:31:22,806] [__main__] [train_dt.py(290)] [INFO] [Step  19100/20000] 训练损失: 79900.646201 (L1: 74564.459033, L2: 17.671239, L3: 49.938244, L4_cpa: 5268.576807)
[2026-03-19 21:31:30,965] [__main__] [train_dt.py(290)] [INFO] [Step  19200/20000] 训练损失: 34142.455173 (L1: 30164.732506, L2: 13.072937, L3: 49.901723, L4_cpa: 3914.747805)
[2026-03-19 21:31:39,132] [__main__] [train_dt.py(290)] [INFO] [Step  19300/20000] 训练损失: 14200.949682 (L1: 10355.477938, L2: 13.576919, L3: 49.955176, L4_cpa: 3781.939439)
[2026-03-19 21:31:47,269] [__main__] [train_dt.py(290)] [INFO] [Step  19400/20000] 训练损失: 41018.171174 (L1: 25957.441843, L2: 3.559719, L3: 49.939699, L4_cpa: 15007.229817)
[2026-03-19 21:31:55,419] [__main__] [train_dt.py(290)] [INFO] [Step  19500/20000] 训练损失: 27613.036440 (L1: 23460.695730, L2: 2.073617, L3: 49.923625, L4_cpa: 4100.344200)
[2026-03-19 21:31:55,419] [__main__] [train_dt.py(293)] [INFO]   指标 - W: 0.500764, Target: 0.029513, Pred: 0.035501, Pred1: 0.038554
[2026-03-19 21:31:59,192] [__main__] [train_dt.py(310)] [INFO] [Step  19500] 验证损失: 44661.6350
[2026-03-19 21:32:07,400] [__main__] [train_dt.py(290)] [INFO] [Step  19600/20000] 训练损失: 14425.452247 (L1: 10528.723227, L2: 20.412576, L3: 49.926897, L4_cpa: 3826.389602)
[2026-03-19 21:32:15,574] [__main__] [train_dt.py(290)] [INFO] [Step  19700/20000] 训练损失: 38784.230619 (L1: 24576.764901, L2: 4.681066, L3: 49.960768, L4_cpa: 14152.823876)
[2026-03-19 21:32:23,743] [__main__] [train_dt.py(290)] [INFO] [Step  19800/20000] 训练损失: 14791.914062 (L1: 10981.000162, L2: 2.368113, L3: 49.934362, L4_cpa: 3758.611705)
[2026-03-19 21:32:31,900] [__main__] [train_dt.py(290)] [INFO] [Step  19900/20000] 训练损失: 25618.175863 (L1: 17216.472485, L2: 10.932783, L3: 49.934376, L4_cpa: 8340.836510)
[2026-03-19 21:32:40,080] [__main__] [train_dt.py(290)] [INFO] [Step  20000/20000] 训练损失: 37622.005771 (L1: 30752.013881, L2: 2.358795, L3: 49.930333, L4_cpa: 6817.704104)
[2026-03-19 21:32:40,080] [__main__] [train_dt.py(293)] [INFO]   指标 - W: 0.500697, Target: 0.031283, Pred: 0.033290, Pred1: 0.036079
[2026-03-19 21:32:43,838] [__main__] [train_dt.py(310)] [INFO] [Step  20000] 验证损失: 45985.3297
[2026-03-19 21:32:43,878] [__main__] [train_dt.py(322)] [INFO] 💾 检查点保存于步数 20000
[2026-03-19 21:32:43,883] [__main__] [train_dt.py(324)] [INFO] ======================================================================
[2026-03-19 21:32:43,883] [__main__] [train_dt.py(325)] [INFO] ✅ 训练完成!
[2026-03-19 21:32:43,883] [__main__] [train_dt.py(326)] [INFO] 最佳验证损失: 6775.2642 (步数: 8500)
[2026-03-19 21:32:43,883] [__main__] [train_dt.py(329)] [INFO] 平均每步耗时: 0.0708 秒
/home/deborah/Gave/gave/code/bidding_train_env/baseline/dt/dt.py:399: UserWarning: To copy construct from a tensor, it is recommended to use sourceTensor.clone().detach() or sourceTensor.clone().detach().requires_grad_(True), rather than torch.tensor(sourceTensor).
  self.eval_all_reward = torch.tensor(all_reward, dtype=torch.float32).reshape(1, 1).to(self.device)
[2026-03-19 21:32:43,898] [__main__] [train_dt.py(331)] [INFO] 测试动作: [1.025914]
[2026-03-19 21:32:43,988] [__main__] [train_dt.py(428)] [INFO] 
✅ 训练完成! 模型保存在: ./experiments/exp_winnum_filter/models/DT_20260319_210240
✅ 验证集加载完成: 627 条轨迹
✅ 验证集加载完成: 627 条轨迹
✅ 验证集加载完成: 627 条轨迹
✅ 验证集加载完成: 627 条轨迹
✅ 验证集加载完成: 627 条轨迹
✅ 验证集加载完成: 627 条轨迹
✅ 验证集加载完成: 627 条轨迹
✅ 验证集加载完成: 627 条轨迹
✅ 验证集加载完成: 627 条轨迹
✅ 验证集加载完成: 627 条轨迹
✅ 验证集加载完成: 627 条轨迹
✅ 验证集加载完成: 627 条轨迹
✅ 验证集加载完成: 627 条轨迹
✅ 验证集加载完成: 627 条轨迹
✅ 验证集加载完成: 627 条轨迹
✅ 验证集加载完成: 627 条轨迹
✅ 验证集加载完成: 627 条轨迹
✅ 验证集加载完成: 627 条轨迹
✅ 验证集加载完成: 627 条轨迹
✅ 验证集加载完成: 627 条轨迹
✅ 验证集加载完成: 627 条轨迹
✅ 验证集加载完成: 627 条轨迹
✅ 验证集加载完成: 627 条轨迹
✅ 验证集加载完成: 627 条轨迹
✅ 验证集加载完成: 627 条轨迹
✅ 验证集加载完成: 627 条轨迹
✅ 验证集加载完成: 627 条轨迹
✅ 验证集加载完成: 627 条轨迹
✅ 验证集加载完成: 627 条轨迹
✅ 验证集加载完成: 627 条轨迹
✅ 验证集加载完成: 627 条轨迹
✅ 验证集加载完成: 627 条轨迹
✅ 验证集加载完成: 627 条轨迹
✅ 验证集加载完成: 627 条轨迹
✅ 验证集加载完成: 627 条轨迹
✅ 验证集加载完成: 627 条轨迹
✅ 验证集加载完成: 627 条轨迹
✅ 验证集加载完成: 627 条轨迹
✅ 验证集加载完成: 627 条轨迹
✅ 验证集加载完成: 627 条轨迹
