Error processing line 1 of /home/deborah/miniconda3/envs/gave_env/lib/python3.10/site-packages/distutils-precedence.pth:

  Traceback (most recent call last):
    File "/home/deborah/miniconda3/envs/gave_env/lib/python3.10/site.py", line 195, in addpackage
      exec(line)
    File "<string>", line 1, in <module>
  ModuleNotFoundError: No module named '_distutils_hack'

Remainder of file ignored
[2026-04-15 22:33:25,916] [__main__] [train_dt.py(330)] [INFO] ================================================================================
[2026-04-15 22:33:25,916] [__main__] [train_dt.py(331)] [INFO] Decision Transformer 训练（直接使用 CSV 数据）
[2026-04-15 22:33:25,916] [__main__] [train_dt.py(332)] [INFO] ================================================================================
[2026-04-15 22:33:25,916] [__main__] [train_dt.py(339)] [INFO] 模型将保存到: ./experiments/exp_score_exp_penalty/models/DT_20260415_223325
[2026-04-15 22:33:25,917] [__main__] [train_dt.py(358)] [INFO] 状态维度: 16 (从 stats.json 加载)
[2026-04-15 22:33:25,917] [__main__] [train_dt.py(397)] [INFO] 配置已保存: ./experiments/exp_score_exp_penalty/models/DT_20260415_223325/config.json
[2026-04-15 22:33:25,917] [__main__] [train_dt.py(400)] [INFO] 
🚀 开始训练...
[2026-04-15 22:33:25,917] [__main__] [train_dt.py(158)] [INFO] 开始加载训练数据...
/home/deborah/Desktop/gave/code/bidding_train_env/baseline/dt/utils.py:18: RuntimeWarning: overflow encountered in exp
  np.exp(-alpha * violation_ratio)
[2026-04-15 22:34:14,452] [__main__] [train_dt.py(179)] [INFO] 训练数据加载完成，总耗时: 48.54 秒
[2026-04-15 22:34:14,453] [__main__] [train_dt.py(193)] [INFO] 归一化参数已保存到: ./experiments/exp_score_exp_penalty/models/DT_20260415_223325/normalize_dict.json
[2026-04-15 22:34:15,011] [__main__] [train_dt.py(214)] [INFO] 模型初始化耗时: 0.56 秒
[2026-04-15 22:34:15,011] [__main__] [train_dt.py(225)] [INFO] 采样器和 DataLoader 构建耗时: 0.00 秒
[2026-04-15 22:34:15,011] [__main__] [train_dt.py(237)] [INFO] ======================================================================
[2026-04-15 22:34:15,011] [__main__] [train_dt.py(238)] [INFO] 开始训练
[2026-04-15 22:34:15,011] [__main__] [train_dt.py(239)] [INFO] 总步数: 20000 | 批次大小: 64
[2026-04-15 22:34:15,011] [__main__] [train_dt.py(240)] [INFO] 上下文长度 K: 20
[2026-04-15 22:34:15,011] [__main__] [train_dt.py(241)] [INFO] ======================================================================
[2026-04-15 22:34:15,481] [__main__] [train_dt.py(278)] [INFO] [Step      1/20000] 初始损失: 90913.234375 (L1: 90796.648438, L2: 66.558281, L3: 50.033154)
[2026-04-15 22:34:15,481] [__main__] [train_dt.py(281)] [INFO]   指标 - W: 0.499669, Target: 0.012070, Pred: 0.185509, Pred1: 0.184183
[2026-04-15 22:34:22,828] [__main__] [train_dt.py(278)] [INFO] [Step    100/20000] 训练损失: 77008.638464 (L1: 76910.592129, L2: 48.539365, L3: 49.506408)
[2026-04-15 22:34:30,245] [__main__] [train_dt.py(278)] [INFO] [Step    200/20000] 训练损失: 47055.811002 (L1: 46991.906962, L2: 13.895299, L3: 50.008998)
[2026-04-15 22:34:37,825] [__main__] [train_dt.py(278)] [INFO] [Step    300/20000] 训练损失: 45960.117607 (L1: 45897.451452, L2: 12.663479, L3: 50.002585)
[2026-04-15 22:34:45,859] [__main__] [train_dt.py(278)] [INFO] [Step    400/20000] 训练损失: 51312.650299 (L1: 51244.552114, L2: 18.096493, L3: 50.000755)
[2026-04-15 22:34:53,933] [__main__] [train_dt.py(278)] [INFO] [Step    500/20000] 训练损失: 97721.165328 (L1: 97658.343336, L2: 12.819149, L3: 50.000967)
[2026-04-15 22:34:53,933] [__main__] [train_dt.py(281)] [INFO]   指标 - W: 0.499990, Target: 0.011970, Pred: 0.019407, Pred1: 0.019368
/home/deborah/Desktop/gave/code/bidding_train_env/baseline/dt/utils.py:18: RuntimeWarning: overflow encountered in exp
  np.exp(-alpha * violation_ratio)
[2026-04-15 22:35:53,429] [__main__] [train_dt.py(293)] [INFO] ==================================================
[2026-04-15 22:35:53,429] [__main__] [train_dt.py(294)] [INFO] ✅ 验证评估
[2026-04-15 22:35:53,429] [__main__] [train_dt.py(295)] [INFO] [Step    500] 验证损失: 24801.7116
[2026-04-15 22:35:53,470] [__main__] [train_dt.py(303)] [INFO]   🏆 新的最佳模型! (验证损失: 24801.7116)
[2026-04-15 22:36:01,518] [__main__] [train_dt.py(278)] [INFO] [Step    600/20000] 训练损失: 32787.311951 (L1: 32725.421200, L2: 11.900137, L3: 49.990589)
[2026-04-15 22:36:09,548] [__main__] [train_dt.py(278)] [INFO] [Step    700/20000] 训练损失: 166885.319414 (L1: 166822.250652, L2: 13.085096, L3: 49.985257)
[2026-04-15 22:36:17,633] [__main__] [train_dt.py(278)] [INFO] [Step    800/20000] 训练损失: 40261.652604 (L1: 40204.379000, L2: 7.291161, L3: 49.982837)
[2026-04-15 22:36:25,737] [__main__] [train_dt.py(278)] [INFO] [Step    900/20000] 训练损失: 117520.463804 (L1: 117461.196840, L2: 9.297231, L3: 49.971047)
[2026-04-15 22:36:33,828] [__main__] [train_dt.py(278)] [INFO] [Step   1000/20000] 训练损失: 45363.476293 (L1: 45305.798030, L2: 7.709571, L3: 49.968888)
[2026-04-15 22:36:33,829] [__main__] [train_dt.py(281)] [INFO]   指标 - W: 0.500311, Target: 0.011312, Pred: 0.018649, Pred1: 0.019894
/home/deborah/Desktop/gave/code/bidding_train_env/baseline/dt/utils.py:18: RuntimeWarning: overflow encountered in exp
  np.exp(-alpha * violation_ratio)
[2026-04-15 22:37:33,356] [__main__] [train_dt.py(297)] [INFO] [Step   1000] 验证损失: 15704.2082
[2026-04-15 22:37:33,425] [__main__] [train_dt.py(303)] [INFO]   🏆 新的最佳模型! (验证损失: 15704.2082)
[2026-04-15 22:37:41,447] [__main__] [train_dt.py(278)] [INFO] [Step   1100/20000] 训练损失: 11218.629976 (L1: 11160.663005, L2: 7.996101, L3: 49.970893)
[2026-04-15 22:37:49,489] [__main__] [train_dt.py(278)] [INFO] [Step   1200/20000] 训练损失: 144003.210591 (L1: 143946.061909, L2: 7.178814, L3: 49.967713)
[2026-04-15 22:37:57,560] [__main__] [train_dt.py(278)] [INFO] [Step   1300/20000] 训练损失: 41097.030806 (L1: 41035.110454, L2: 11.958786, L3: 49.962396)
[2026-04-15 22:38:05,668] [__main__] [train_dt.py(278)] [INFO] [Step   1400/20000] 训练损失: 106410.020668 (L1: 106350.369509, L2: 9.700522, L3: 49.946942)
[2026-04-15 22:38:13,759] [__main__] [train_dt.py(278)] [INFO] [Step   1500/20000] 训练损失: 9661.115828 (L1: 9600.974147, L2: 10.209448, L3: 49.932267)
[2026-04-15 22:38:13,759] [__main__] [train_dt.py(281)] [INFO]   指标 - W: 0.500677, Target: 0.012483, Pred: 0.020663, Pred1: 0.023375
/home/deborah/Desktop/gave/code/bidding_train_env/baseline/dt/utils.py:18: RuntimeWarning: overflow encountered in exp
  np.exp(-alpha * violation_ratio)
[2026-04-15 22:39:13,002] [__main__] [train_dt.py(297)] [INFO] [Step   1500] 验证损失: 14756.6679
[2026-04-15 22:39:13,087] [__main__] [train_dt.py(303)] [INFO]   🏆 新的最佳模型! (验证损失: 14756.6679)
[2026-04-15 22:39:21,147] [__main__] [train_dt.py(278)] [INFO] [Step   1600/20000] 训练损失: 69906.423248 (L1: 69846.732404, L2: 9.757219, L3: 49.932018)
[2026-04-15 22:39:29,217] [__main__] [train_dt.py(278)] [INFO] [Step   1700/20000] 训练损失: 19686.000044 (L1: 19627.871047, L2: 8.203898, L3: 49.925714)
[2026-04-15 22:39:37,274] [__main__] [train_dt.py(278)] [INFO] [Step   1800/20000] 训练损失: 43403.787773 (L1: 43346.043838, L2: 7.813935, L3: 49.929922)
[2026-04-15 22:39:45,375] [__main__] [train_dt.py(278)] [INFO] [Step   1900/20000] 训练损失: 38904.535158 (L1: 38841.432147, L2: 13.151514, L3: 49.953005)
[2026-04-15 22:39:53,468] [__main__] [train_dt.py(278)] [INFO] [Step   2000/20000] 训练损失: 45985.075799 (L1: 45922.930004, L2: 12.216425, L3: 49.929627)
[2026-04-15 22:39:53,468] [__main__] [train_dt.py(281)] [INFO]   指标 - W: 0.500704, Target: 0.012269, Pred: 0.020795, Pred1: 0.023612
/home/deborah/Desktop/gave/code/bidding_train_env/baseline/dt/utils.py:18: RuntimeWarning: overflow encountered in exp
  np.exp(-alpha * violation_ratio)
[2026-04-15 22:40:52,659] [__main__] [train_dt.py(297)] [INFO] [Step   2000] 验证损失: 12981.9059
[2026-04-15 22:40:52,741] [__main__] [train_dt.py(303)] [INFO]   🏆 新的最佳模型! (验证损失: 12981.9059)
[2026-04-15 22:40:52,786] [__main__] [train_dt.py(309)] [INFO] 💾 检查点保存于步数 2000
[2026-04-15 22:41:00,819] [__main__] [train_dt.py(278)] [INFO] [Step   2100/20000] 训练损失: 78848.615249 (L1: 78786.609956, L2: 12.063261, L3: 49.942246)
[2026-04-15 22:41:08,860] [__main__] [train_dt.py(278)] [INFO] [Step   2200/20000] 训练损失: 111981.191284 (L1: 111920.495295, L2: 10.740876, L3: 49.954386)
[2026-04-15 22:41:16,921] [__main__] [train_dt.py(278)] [INFO] [Step   2300/20000] 训练损失: 25894.318371 (L1: 25837.960657, L2: 6.412016, L3: 49.945893)
[2026-04-15 22:41:25,020] [__main__] [train_dt.py(278)] [INFO] [Step   2400/20000] 训练损失: 32296.663683 (L1: 32235.660683, L2: 11.038713, L3: 49.964708)
[2026-04-15 22:41:33,127] [__main__] [train_dt.py(278)] [INFO] [Step   2500/20000] 训练损失: 29812.085485 (L1: 29753.597813, L2: 8.506036, L3: 49.981969)
[2026-04-15 22:41:33,127] [__main__] [train_dt.py(281)] [INFO]   指标 - W: 0.500180, Target: 0.010683, Pred: 0.009996, Pred1: 0.010719
/home/deborah/Desktop/gave/code/bidding_train_env/baseline/dt/utils.py:18: RuntimeWarning: overflow encountered in exp
  np.exp(-alpha * violation_ratio)
[2026-04-15 22:42:32,441] [__main__] [train_dt.py(297)] [INFO] [Step   2500] 验证损失: 13870.0935
[2026-04-15 22:42:40,435] [__main__] [train_dt.py(278)] [INFO] [Step   2600/20000] 训练损失: 100080.459729 (L1: 100022.950453, L2: 7.559802, L3: 49.950955)
[2026-04-15 22:42:48,449] [__main__] [train_dt.py(278)] [INFO] [Step   2700/20000] 训练损失: 63525.034104 (L1: 63467.937007, L2: 7.155883, L3: 49.941457)
[2026-04-15 22:42:56,514] [__main__] [train_dt.py(278)] [INFO] [Step   2800/20000] 训练损失: 75952.474370 (L1: 75893.887478, L2: 8.658141, L3: 49.928769)
[2026-04-15 22:43:04,577] [__main__] [train_dt.py(278)] [INFO] [Step   2900/20000] 训练损失: 31982.173515 (L1: 31925.335695, L2: 6.917104, L3: 49.921089)
[2026-04-15 22:43:12,666] [__main__] [train_dt.py(278)] [INFO] [Step   3000/20000] 训练损失: 62386.801697 (L1: 62326.762966, L2: 10.110522, L3: 49.927804)
[2026-04-15 22:43:12,666] [__main__] [train_dt.py(281)] [INFO]   指标 - W: 0.500722, Target: 0.010744, Pred: 0.016460, Pred1: 0.019351
/home/deborah/Desktop/gave/code/bidding_train_env/baseline/dt/utils.py:18: RuntimeWarning: overflow encountered in exp
  np.exp(-alpha * violation_ratio)
[2026-04-15 22:44:09,452] [__main__] [train_dt.py(297)] [INFO] [Step   3000] 验证损失: 19659.3973
[2026-04-15 22:44:16,863] [__main__] [train_dt.py(278)] [INFO] [Step   3100/20000] 训练损失: 39448.000044 (L1: 39389.955129, L2: 8.129125, L3: 49.915556)
[2026-04-15 22:44:24,282] [__main__] [train_dt.py(278)] [INFO] [Step   3200/20000] 训练损失: 29317.720343 (L1: 29255.853177, L2: 11.934796, L3: 49.932976)
[2026-04-15 22:44:31,703] [__main__] [train_dt.py(278)] [INFO] [Step   3300/20000] 训练损失: 152258.319957 (L1: 152194.510472, L2: 13.928392, L3: 49.878328)
[2026-04-15 22:44:39,116] [__main__] [train_dt.py(278)] [INFO] [Step   3400/20000] 训练损失: 124543.903728 (L1: 124476.463668, L2: 17.486372, L3: 49.948986)
[2026-04-15 22:44:46,535] [__main__] [train_dt.py(278)] [INFO] [Step   3500/20000] 训练损失: 117151.903203 (L1: 117090.211264, L2: 11.784109, L3: 49.907776)
[2026-04-15 22:44:46,535] [__main__] [train_dt.py(281)] [INFO]   指标 - W: 0.500922, Target: 0.011259, Pred: 0.017997, Pred1: 0.021691
/home/deborah/Desktop/gave/code/bidding_train_env/baseline/dt/utils.py:18: RuntimeWarning: overflow encountered in exp
  np.exp(-alpha * violation_ratio)
[2026-04-15 22:45:42,137] [__main__] [train_dt.py(297)] [INFO] [Step   3500] 验证损失: 25693.3020
[2026-04-15 22:45:49,549] [__main__] [train_dt.py(278)] [INFO] [Step   3600/20000] 训练损失: 152977.536463 (L1: 152908.498151, L2: 19.038897, L3: 50.000867)
[2026-04-15 22:45:56,960] [__main__] [train_dt.py(278)] [INFO] [Step   3700/20000] 训练损失: 67353.524030 (L1: 67252.655821, L2: 50.956933, L3: 49.912139)
[2026-04-15 22:46:04,372] [__main__] [train_dt.py(278)] [INFO] [Step   3800/20000] 训练损失: 35276.270944 (L1: 35203.245181, L2: 23.126195, L3: 49.899684)
[2026-04-15 22:46:11,793] [__main__] [train_dt.py(278)] [INFO] [Step   3900/20000] 训练损失: 128541.212996 (L1: 128460.217836, L2: 31.055817, L3: 49.934625)
[2026-04-15 22:46:19,209] [__main__] [train_dt.py(278)] [INFO] [Step   4000/20000] 训练损失: 162169.523230 (L1: 162103.302897, L2: 16.242207, L3: 49.977197)
[2026-04-15 22:46:19,209] [__main__] [train_dt.py(281)] [INFO]   指标 - W: 0.500228, Target: 0.012602, Pred: 0.018999, Pred1: 0.019935
/home/deborah/Desktop/gave/code/bidding_train_env/baseline/dt/utils.py:18: RuntimeWarning: overflow encountered in exp
  np.exp(-alpha * violation_ratio)
[2026-04-15 22:47:14,971] [__main__] [train_dt.py(297)] [INFO] [Step   4000] 验证损失: 27939.5233
[2026-04-15 22:47:15,012] [__main__] [train_dt.py(309)] [INFO] 💾 检查点保存于步数 4000
[2026-04-15 22:47:22,421] [__main__] [train_dt.py(278)] [INFO] [Step   4100/20000] 训练损失: 82116.411508 (L1: 82045.351697, L2: 21.121153, L3: 49.938113)
[2026-04-15 22:47:29,837] [__main__] [train_dt.py(278)] [INFO] [Step   4200/20000] 训练损失: 58255.701316 (L1: 58189.509909, L2: 16.316008, L3: 49.874221)
[2026-04-15 22:47:37,259] [__main__] [train_dt.py(278)] [INFO] [Step   4300/20000] 训练损失: 146820.812207 (L1: 146762.282622, L2: 8.664153, L3: 49.863147)
[2026-04-15 22:47:44,679] [__main__] [train_dt.py(278)] [INFO] [Step   4400/20000] 训练损失: 32874.644222 (L1: 32813.102462, L2: 11.668226, L3: 49.873166)
[2026-04-15 22:47:52,108] [__main__] [train_dt.py(278)] [INFO] [Step   4500/20000] 训练损失: 122988.742151 (L1: 122912.920695, L2: 25.929880, L3: 49.890446)
[2026-04-15 22:47:52,108] [__main__] [train_dt.py(281)] [INFO]   指标 - W: 0.501096, Target: 0.014474, Pred: 0.016105, Pred1: 0.020488
/home/deborah/Desktop/gave/code/bidding_train_env/baseline/dt/utils.py:18: RuntimeWarning: overflow encountered in exp
  np.exp(-alpha * violation_ratio)
[2026-04-15 22:48:47,621] [__main__] [train_dt.py(297)] [INFO] [Step   4500] 验证损失: 23219.7666
[2026-04-15 22:48:55,100] [__main__] [train_dt.py(278)] [INFO] [Step   4600/20000] 训练损失: 35950.438819 (L1: 35889.449918, L2: 11.117916, L3: 49.871801)
[2026-04-15 22:49:02,542] [__main__] [train_dt.py(278)] [INFO] [Step   4700/20000] 训练损失: 54221.480111 (L1: 54151.947127, L2: 19.633893, L3: 49.899384)
[2026-04-15 22:49:09,976] [__main__] [train_dt.py(278)] [INFO] [Step   4800/20000] 训练损失: 29164.511084 (L1: 29102.620211, L2: 12.058663, L3: 49.831090)
[2026-04-15 22:49:17,402] [__main__] [train_dt.py(278)] [INFO] [Step   4900/20000] 训练损失: 42175.188734 (L1: 42082.900077, L2: 42.286703, L3: 50.000869)
[2026-04-15 22:49:24,830] [__main__] [train_dt.py(278)] [INFO] [Step   5000/20000] 训练损失: 61191.066407 (L1: 61125.983422, L2: 15.196993, L3: 49.887430)
[2026-04-15 22:49:24,830] [__main__] [train_dt.py(281)] [INFO]   指标 - W: 0.501126, Target: 0.011633, Pred: 0.018532, Pred1: 0.023034
/home/deborah/Desktop/gave/code/bidding_train_env/baseline/dt/utils.py:18: RuntimeWarning: overflow encountered in exp
  np.exp(-alpha * violation_ratio)
[2026-04-15 22:50:20,611] [__main__] [train_dt.py(297)] [INFO] [Step   5000] 验证损失: 20115.8695
[2026-04-15 22:50:28,065] [__main__] [train_dt.py(278)] [INFO] [Step   5100/20000] 训练损失: 77898.065771 (L1: 77833.693864, L2: 14.504850, L3: 49.865101)
[2026-04-15 22:50:35,484] [__main__] [train_dt.py(278)] [INFO] [Step   5200/20000] 训练损失: 108821.333505 (L1: 108743.892057, L2: 27.573360, L3: 49.870277)
[2026-04-15 22:50:42,908] [__main__] [train_dt.py(278)] [INFO] [Step   5300/20000] 训练损失: 192656.942269 (L1: 192590.338722, L2: 16.706026, L3: 49.892883)
[2026-04-15 22:50:50,330] [__main__] [train_dt.py(278)] [INFO] [Step   5400/20000] 训练损失: 90182.157260 (L1: 90122.199328, L2: 10.065325, L3: 49.893087)
[2026-04-15 22:50:57,758] [__main__] [train_dt.py(278)] [INFO] [Step   5500/20000] 训练损失: 111913.190442 (L1: 111852.617012, L2: 10.645733, L3: 49.926193)
[2026-04-15 22:50:57,758] [__main__] [train_dt.py(281)] [INFO]   指标 - W: 0.500738, Target: 0.009550, Pred: 0.008589, Pred1: 0.011542
/home/deborah/Desktop/gave/code/bidding_train_env/baseline/dt/utils.py:18: RuntimeWarning: overflow encountered in exp
  np.exp(-alpha * violation_ratio)
[2026-04-15 22:51:53,381] [__main__] [train_dt.py(297)] [INFO] [Step   5500] 验证损失: 21274.2161
[2026-04-15 22:52:00,834] [__main__] [train_dt.py(278)] [INFO] [Step   5600/20000] 训练损失: 28079.686711 (L1: 28014.382532, L2: 15.388859, L3: 49.914590)
[2026-04-15 22:52:08,239] [__main__] [train_dt.py(278)] [INFO] [Step   5700/20000] 训练损失: 40682.030865 (L1: 40607.434674, L2: 24.695654, L3: 49.901075)
[2026-04-15 22:52:15,638] [__main__] [train_dt.py(278)] [INFO] [Step   5800/20000] 训练损失: 68832.530187 (L1: 68767.234909, L2: 15.322765, L3: 49.971266)
[2026-04-15 22:52:23,035] [__main__] [train_dt.py(278)] [INFO] [Step   5900/20000] 训练损失: 161929.669850 (L1: 161857.990825, L2: 21.774503, L3: 49.905756)
[2026-04-15 22:52:30,447] [__main__] [train_dt.py(278)] [INFO] [Step   6000/20000] 训练损失: 161778.410819 (L1: 161708.845868, L2: 19.696580, L3: 49.865351)
[2026-04-15 22:52:30,447] [__main__] [train_dt.py(281)] [INFO]   指标 - W: 0.501347, Target: 0.012944, Pred: 0.015128, Pred1: 0.020515
/home/deborah/Desktop/gave/code/bidding_train_env/baseline/dt/utils.py:18: RuntimeWarning: overflow encountered in exp
  np.exp(-alpha * violation_ratio)
[2026-04-15 22:53:26,085] [__main__] [train_dt.py(297)] [INFO] [Step   6000] 验证损失: 12113.0850
[2026-04-15 22:53:26,161] [__main__] [train_dt.py(303)] [INFO]   🏆 新的最佳模型! (验证损失: 12113.0850)
[2026-04-15 22:53:26,203] [__main__] [train_dt.py(309)] [INFO] 💾 检查点保存于步数 6000
[2026-04-15 22:53:33,606] [__main__] [train_dt.py(278)] [INFO] [Step   6100/20000] 训练损失: 82927.293559 (L1: 82853.070528, L2: 24.409202, L3: 49.813771)
[2026-04-15 22:53:41,073] [__main__] [train_dt.py(278)] [INFO] [Step   6200/20000] 训练损失: 108526.835477 (L1: 108463.886671, L2: 13.086129, L3: 49.861983)
[2026-04-15 22:53:48,494] [__main__] [train_dt.py(278)] [INFO] [Step   6300/20000] 训练损失: 49381.759593 (L1: 49322.132152, L2: 9.745705, L3: 49.882173)
[2026-04-15 22:53:55,920] [__main__] [train_dt.py(278)] [INFO] [Step   6400/20000] 训练损失: 52354.440799 (L1: 52281.688145, L2: 22.868223, L3: 49.883153)
[2026-04-15 22:54:03,354] [__main__] [train_dt.py(278)] [INFO] [Step   6500/20000] 训练损失: 43024.404754 (L1: 42959.515647, L2: 15.032508, L3: 49.857288)
[2026-04-15 22:54:03,354] [__main__] [train_dt.py(281)] [INFO]   指标 - W: 0.501427, Target: 0.012327, Pred: 0.017273, Pred1: 0.022984
/home/deborah/Desktop/gave/code/bidding_train_env/baseline/dt/utils.py:18: RuntimeWarning: overflow encountered in exp
  np.exp(-alpha * violation_ratio)
[2026-04-15 22:54:59,350] [__main__] [train_dt.py(297)] [INFO] [Step   6500] 验证损失: 13733.2077
[2026-04-15 22:55:06,827] [__main__] [train_dt.py(278)] [INFO] [Step   6600/20000] 训练损失: 81037.857395 (L1: 80949.948512, L2: 38.010914, L3: 49.896915)
[2026-04-15 22:55:14,523] [__main__] [train_dt.py(278)] [INFO] [Step   6700/20000] 训练损失: 71463.012285 (L1: 71395.367644, L2: 17.672969, L3: 49.971110)
[2026-04-15 22:55:22,085] [__main__] [train_dt.py(278)] [INFO] [Step   6800/20000] 训练损失: 32264.563613 (L1: 32193.859791, L2: 20.872016, L3: 49.832309)
[2026-04-15 22:55:29,637] [__main__] [train_dt.py(278)] [INFO] [Step   6900/20000] 训练损失: 59649.008217 (L1: 59575.042596, L2: 24.123510, L3: 49.842738)
[2026-04-15 22:55:37,184] [__main__] [train_dt.py(278)] [INFO] [Step   7000/20000] 训练损失: 108532.655745 (L1: 108428.473616, L2: 54.207910, L3: 49.975326)
[2026-04-15 22:55:37,184] [__main__] [train_dt.py(281)] [INFO]   指标 - W: 0.500247, Target: 0.012577, Pred: -0.026156, Pred1: -0.025317
/home/deborah/Desktop/gave/code/bidding_train_env/baseline/dt/utils.py:18: RuntimeWarning: overflow encountered in exp
  np.exp(-alpha * violation_ratio)
[2026-04-15 22:56:34,898] [__main__] [train_dt.py(297)] [INFO] [Step   7000] 验证损失: 17278.8021
[2026-04-15 22:56:42,835] [__main__] [train_dt.py(278)] [INFO] [Step   7100/20000] 训练损失: 103850.819956 (L1: 103782.272483, L2: 18.652098, L3: 49.897980)
[2026-04-15 22:56:50,765] [__main__] [train_dt.py(278)] [INFO] [Step   7200/20000] 训练损失: 11254.683435 (L1: 11179.353073, L2: 25.511635, L3: 49.818571)
[2026-04-15 22:56:58,251] [__main__] [train_dt.py(278)] [INFO] [Step   7300/20000] 训练损失: 36256.451723 (L1: 36178.731225, L2: 27.870404, L3: 49.850926)
[2026-04-15 22:57:05,890] [__main__] [train_dt.py(278)] [INFO] [Step   7400/20000] 训练损失: 35658.437155 (L1: 35593.936067, L2: 14.607322, L3: 49.893586)
[2026-04-15 22:57:13,403] [__main__] [train_dt.py(278)] [INFO] [Step   7500/20000] 训练损失: 38460.013266 (L1: 38393.959801, L2: 16.116398, L3: 49.936715)
[2026-04-15 22:57:13,403] [__main__] [train_dt.py(281)] [INFO]   指标 - W: 0.500633, Target: 0.010555, Pred: 0.023402, Pred1: 0.025927
/home/deborah/Desktop/gave/code/bidding_train_env/baseline/dt/utils.py:18: RuntimeWarning: overflow encountered in exp
  np.exp(-alpha * violation_ratio)
[2026-04-15 22:58:14,681] [__main__] [train_dt.py(297)] [INFO] [Step   7500] 验证损失: 12039.2843
[2026-04-15 22:58:14,763] [__main__] [train_dt.py(303)] [INFO]   🏆 新的最佳模型! (验证损失: 12039.2843)
[2026-04-15 22:58:22,680] [__main__] [train_dt.py(278)] [INFO] [Step   7600/20000] 训练损失: 50660.164100 (L1: 50590.941519, L2: 19.314281, L3: 49.909142)
[2026-04-15 22:58:31,228] [__main__] [train_dt.py(278)] [INFO] [Step   7700/20000] 训练损失: 18780.829508 (L1: 18720.641419, L2: 10.241993, L3: 49.945713)
[2026-04-15 22:58:40,417] [__main__] [train_dt.py(278)] [INFO] [Step   7800/20000] 训练损失: 103215.709403 (L1: 103131.654719, L2: 34.191161, L3: 49.864046)
[2026-04-15 22:58:49,222] [__main__] [train_dt.py(278)] [INFO] [Step   7900/20000] 训练损失: 25928.949610 (L1: 25834.943328, L2: 44.116565, L3: 49.889300)
[2026-04-15 22:58:57,938] [__main__] [train_dt.py(278)] [INFO] [Step   8000/20000] 训练损失: 51042.685328 (L1: 50934.384507, L2: 58.336691, L3: 49.963795)
[2026-04-15 22:58:57,938] [__main__] [train_dt.py(281)] [INFO]   指标 - W: 0.500362, Target: 0.010396, Pred: 0.013038, Pred1: 0.013324
/home/deborah/Desktop/gave/code/bidding_train_env/baseline/dt/utils.py:18: RuntimeWarning: overflow encountered in exp
  np.exp(-alpha * violation_ratio)
[2026-04-15 22:59:59,962] [__main__] [train_dt.py(297)] [INFO] [Step   8000] 验证损失: 14465.9826
[2026-04-15 23:00:00,005] [__main__] [train_dt.py(309)] [INFO] 💾 检查点保存于步数 8000
[2026-04-15 23:00:08,487] [__main__] [train_dt.py(278)] [INFO] [Step   8100/20000] 训练损失: 10946.328756 (L1: 10883.617811, L2: 12.836969, L3: 49.874004)
[2026-04-15 23:00:17,012] [__main__] [train_dt.py(278)] [INFO] [Step   8200/20000] 训练损失: 30880.837424 (L1: 30813.865922, L2: 17.072606, L3: 49.899210)
[2026-04-15 23:00:25,650] [__main__] [train_dt.py(278)] [INFO] [Step   8300/20000] 训练损失: 44662.559147 (L1: 44583.000220, L2: 29.684235, L3: 49.873669)
[2026-04-15 23:00:34,259] [__main__] [train_dt.py(278)] [INFO] [Step   8400/20000] 训练损失: 42791.846867 (L1: 42708.221092, L2: 33.664512, L3: 49.962080)
[2026-04-15 23:00:42,899] [__main__] [train_dt.py(278)] [INFO] [Step   8500/20000] 训练损失: 25370.785196 (L1: 25300.651736, L2: 20.256020, L3: 49.877609)
[2026-04-15 23:00:42,899] [__main__] [train_dt.py(281)] [INFO]   指标 - W: 0.501224, Target: 0.012211, Pred: -0.009030, Pred1: -0.004133
/home/deborah/Desktop/gave/code/bidding_train_env/baseline/dt/utils.py:18: RuntimeWarning: overflow encountered in exp
  np.exp(-alpha * violation_ratio)
[2026-04-15 23:01:44,928] [__main__] [train_dt.py(297)] [INFO] [Step   8500] 验证损失: 8153.5705
[2026-04-15 23:01:45,013] [__main__] [train_dt.py(303)] [INFO]   🏆 新的最佳模型! (验证损失: 8153.5705)
[2026-04-15 23:01:53,529] [__main__] [train_dt.py(278)] [INFO] [Step   8600/20000] 训练损失: 29646.895585 (L1: 29571.915655, L2: 25.100774, L3: 49.878874)
[2026-04-15 23:02:02,119] [__main__] [train_dt.py(278)] [INFO] [Step   8700/20000] 训练损失: 15972.593163 (L1: 15894.257069, L2: 28.358818, L3: 49.977611)
[2026-04-15 23:02:10,640] [__main__] [train_dt.py(278)] [INFO] [Step   8800/20000] 训练损失: 21501.446841 (L1: 21436.018628, L2: 15.467716, L3: 49.960315)
[2026-04-15 23:02:19,164] [__main__] [train_dt.py(278)] [INFO] [Step   8900/20000] 训练损失: 61436.373521 (L1: 61363.771351, L2: 22.688293, L3: 49.912878)
[2026-04-15 23:02:27,697] [__main__] [train_dt.py(278)] [INFO] [Step   9000/20000] 训练损失: 29170.262366 (L1: 29097.260138, L2: 23.026718, L3: 49.975118)
[2026-04-15 23:02:27,698] [__main__] [train_dt.py(281)] [INFO]   指标 - W: 0.500249, Target: 0.012645, Pred: 0.014315, Pred1: 0.015310
/home/deborah/Desktop/gave/code/bidding_train_env/baseline/dt/utils.py:18: RuntimeWarning: overflow encountered in exp
  np.exp(-alpha * violation_ratio)
[2026-04-15 23:03:29,894] [__main__] [train_dt.py(297)] [INFO] [Step   9000] 验证损失: 10524.9011
[2026-04-15 23:03:38,316] [__main__] [train_dt.py(278)] [INFO] [Step   9100/20000] 训练损失: 23227.267684 (L1: 23165.062180, L2: 12.299113, L3: 49.906693)
[2026-04-15 23:03:46,869] [__main__] [train_dt.py(278)] [INFO] [Step   9200/20000] 训练损失: 46860.962218 (L1: 46790.752687, L2: 20.309834, L3: 49.899688)
[2026-04-15 23:03:55,410] [__main__] [train_dt.py(278)] [INFO] [Step   9300/20000] 训练损失: 35291.181463 (L1: 35227.791314, L2: 13.456157, L3: 49.933387)
[2026-04-15 23:04:04,022] [__main__] [train_dt.py(278)] [INFO] [Step   9400/20000] 训练损失: 32903.494151 (L1: 32835.723459, L2: 17.855795, L3: 49.914117)
[2026-04-15 23:04:12,596] [__main__] [train_dt.py(278)] [INFO] [Step   9500/20000] 训练损失: 20471.411656 (L1: 20410.527343, L2: 10.980719, L3: 49.903257)
[2026-04-15 23:04:12,596] [__main__] [train_dt.py(281)] [INFO]   指标 - W: 0.500967, Target: 0.010650, Pred: 0.023148, Pred1: 0.027018
/home/deborah/Desktop/gave/code/bidding_train_env/baseline/dt/utils.py:18: RuntimeWarning: overflow encountered in exp
  np.exp(-alpha * violation_ratio)
[2026-04-15 23:05:14,555] [__main__] [train_dt.py(297)] [INFO] [Step   9500] 验证损失: 7882.1901
[2026-04-15 23:05:14,629] [__main__] [train_dt.py(303)] [INFO]   🏆 新的最佳模型! (验证损失: 7882.1901)
[2026-04-15 23:05:23,136] [__main__] [train_dt.py(278)] [INFO] [Step   9600/20000] 训练损失: 19605.412071 (L1: 19545.857868, L2: 9.591801, L3: 49.962571)
[2026-04-15 23:05:31,726] [__main__] [train_dt.py(278)] [INFO] [Step   9700/20000] 训练损失: 13733.950258 (L1: 13665.032722, L2: 19.035678, L3: 49.881883)
[2026-04-15 23:05:40,248] [__main__] [train_dt.py(278)] [INFO] [Step   9800/20000] 训练损失: 18024.691820 (L1: 17960.363979, L2: 14.424454, L3: 49.903001)
[2026-04-15 23:05:48,773] [__main__] [train_dt.py(278)] [INFO] [Step   9900/20000] 训练损失: 46971.291826 (L1: 46908.215447, L2: 13.036313, L3: 50.040012)
[2026-04-15 23:05:57,322] [__main__] [train_dt.py(278)] [INFO] [Step  10000/20000] 训练损失: 31010.366653 (L1: 30942.183299, L2: 18.262347, L3: 49.920493)
[2026-04-15 23:05:57,322] [__main__] [train_dt.py(281)] [INFO]   指标 - W: 0.500795, Target: 0.012386, Pred: 0.020586, Pred1: 0.023763
/home/deborah/Desktop/gave/code/bidding_train_env/baseline/dt/utils.py:18: RuntimeWarning: overflow encountered in exp
  np.exp(-alpha * violation_ratio)
[2026-04-15 23:06:59,314] [__main__] [train_dt.py(297)] [INFO] [Step  10000] 验证损失: 12618.7393
[2026-04-15 23:06:59,356] [__main__] [train_dt.py(309)] [INFO] 💾 检查点保存于步数 10000
[2026-04-15 23:07:07,868] [__main__] [train_dt.py(278)] [INFO] [Step  10100/20000] 训练损失: 109441.807117 (L1: 109366.480627, L2: 25.426038, L3: 49.900833)
[2026-04-15 23:07:16,461] [__main__] [train_dt.py(278)] [INFO] [Step  10200/20000] 训练损失: 116549.528271 (L1: 116464.714663, L2: 34.844627, L3: 49.970515)
[2026-04-15 23:07:24,987] [__main__] [train_dt.py(278)] [INFO] [Step  10300/20000] 训练损失: 14871.606178 (L1: 14797.817318, L2: 23.899210, L3: 49.889309)
[2026-04-15 23:07:33,524] [__main__] [train_dt.py(278)] [INFO] [Step  10400/20000] 训练损失: 33633.158160 (L1: 33558.125795, L2: 25.136952, L3: 49.895760)
[2026-04-15 23:07:42,048] [__main__] [train_dt.py(278)] [INFO] [Step  10500/20000] 训练损失: 25709.551042 (L1: 25633.354319, L2: 26.318430, L3: 49.878493)
[2026-04-15 23:07:42,048] [__main__] [train_dt.py(281)] [INFO]   指标 - W: 0.501215, Target: 0.011714, Pred: -0.003304, Pred1: 0.001703
/home/deborah/Desktop/gave/code/bidding_train_env/baseline/dt/utils.py:18: RuntimeWarning: overflow encountered in exp
  np.exp(-alpha * violation_ratio)
[2026-04-15 23:08:43,947] [__main__] [train_dt.py(297)] [INFO] [Step  10500] 验证损失: 9603.7665
[2026-04-15 23:08:52,458] [__main__] [train_dt.py(278)] [INFO] [Step  10600/20000] 训练损失: 20755.636990 (L1: 20554.540705, L2: 151.193334, L3: 49.902812)
[2026-04-15 23:09:01,053] [__main__] [train_dt.py(278)] [INFO] [Step  10700/20000] 训练损失: 46671.961890 (L1: 46604.727695, L2: 17.364124, L3: 49.872454)
