[2026-03-19 19:29:12,819] [__main__] [train_dt.py(343)] [INFO] ================================================================================
[2026-03-19 19:29:12,819] [__main__] [train_dt.py(344)] [INFO] Decision Transformer 训练（直接使用 CSV 数据）
[2026-03-19 19:29:12,819] [__main__] [train_dt.py(345)] [INFO] ================================================================================
[2026-03-19 19:29:12,819] [__main__] [train_dt.py(352)] [INFO] 模型将保存到: ./experiments/exp_19dim_cost/models/DT_20260319_192912
[2026-03-19 19:29:12,819] [__main__] [train_dt.py(371)] [INFO] 状态维度: 19 (从 stats.json 加载)
[2026-03-19 19:29:12,820] [__main__] [train_dt.py(410)] [INFO] 配置已保存: ./experiments/exp_19dim_cost/models/DT_20260319_192912/config.json
[2026-03-19 19:29:12,820] [__main__] [train_dt.py(413)] [INFO] 
🚀 开始训练...
[2026-03-19 19:29:12,820] [__main__] [train_dt.py(167)] [INFO] 开始加载训练数据...
[2026-03-19 19:30:15,001] [__main__] [train_dt.py(188)] [INFO] 训练数据加载完成，总耗时: 62.18 秒
[2026-03-19 19:30:15,001] [__main__] [train_dt.py(202)] [INFO] 归一化参数已保存到: ./experiments/exp_19dim_cost/models/DT_20260319_192912/normalize_dict.json
[2026-03-19 19:30:15,635] [__main__] [train_dt.py(223)] [INFO] 模型初始化耗时: 0.63 秒
[2026-03-19 19:30:15,635] [__main__] [train_dt.py(234)] [INFO] 采样器和 DataLoader 构建耗时: 0.00 秒
[2026-03-19 19:30:15,635] [__main__] [train_dt.py(246)] [INFO] ======================================================================
[2026-03-19 19:30:15,635] [__main__] [train_dt.py(247)] [INFO] 开始训练
[2026-03-19 19:30:15,635] [__main__] [train_dt.py(248)] [INFO] 总步数: 20000 | 批次大小: 64
[2026-03-19 19:30:15,636] [__main__] [train_dt.py(249)] [INFO] 上下文长度 K: 20
[2026-03-19 19:30:15,636] [__main__] [train_dt.py(250)] [INFO] ======================================================================
[2026-03-19 19:30:16,129] [__main__] [train_dt.py(290)] [INFO] [Step      1/20000] 初始损失: 8931.628906 (L1: 4596.915527, L2: 114.980125, L3: 49.979286, L4_cpa: 4169.753418)
[2026-03-19 19:30:16,129] [__main__] [train_dt.py(293)] [INFO]   指标 - W: 0.500207, Target: 0.000461, Pred: -0.236905, Pred1: -0.236076
[2026-03-19 19:30:24,009] [__main__] [train_dt.py(290)] [INFO] [Step    100/20000] 训练损失: 151492.928882 (L1: 31429.471714, L2: 60.565246, L3: 49.486976, L4_cpa: 119953.409794)
[2026-03-19 19:30:32,010] [__main__] [train_dt.py(290)] [INFO] [Step    200/20000] 训练损失: 75815.148185 (L1: 48116.975653, L2: 6.369996, L3: 50.006357, L4_cpa: 27641.796682)
[2026-03-19 19:30:40,025] [__main__] [train_dt.py(290)] [INFO] [Step    300/20000] 训练损失: 74158.441455 (L1: 21405.495259, L2: 11.993343, L3: 49.967584, L4_cpa: 52690.985803)
[2026-03-19 19:30:48,026] [__main__] [train_dt.py(290)] [INFO] [Step    400/20000] 训练损失: 42358.759315 (L1: 30948.684908, L2: 8.777747, L3: 49.955340, L4_cpa: 11351.341248)
[2026-03-19 19:30:56,061] [__main__] [train_dt.py(290)] [INFO] [Step    500/20000] 训练损失: 38119.867325 (L1: 36164.967565, L2: 5.536368, L3: 49.928639, L4_cpa: 1899.433145)
[2026-03-19 19:30:56,061] [__main__] [train_dt.py(293)] [INFO]   指标 - W: 0.500714, Target: 0.006070, Pred: 0.011630, Pred1: 0.014486
[2026-03-19 19:30:58,749] [__main__] [train_dt.py(306)] [INFO] ==================================================
[2026-03-19 19:30:58,749] [__main__] [train_dt.py(307)] [INFO] ✅ 验证评估
[2026-03-19 19:30:58,749] [__main__] [train_dt.py(308)] [INFO] [Step    500] 验证损失: 227874.5316
[2026-03-19 19:30:58,789] [__main__] [train_dt.py(316)] [INFO]   🏆 新的最佳模型! (验证损失: 227874.5316)
[2026-03-19 19:31:06,816] [__main__] [train_dt.py(290)] [INFO] [Step    600/20000] 训练损失: 16334.238555 (L1: 12049.806564, L2: 10.317584, L3: 49.879546, L4_cpa: 4224.234720)
[2026-03-19 19:31:14,852] [__main__] [train_dt.py(290)] [INFO] [Step    700/20000] 训练损失: 27474.728903 (L1: 18458.415602, L2: 4.022749, L3: 49.915872, L4_cpa: 8962.374654)
[2026-03-19 19:31:22,900] [__main__] [train_dt.py(290)] [INFO] [Step    800/20000] 训练损失: 18202.115669 (L1: 11144.639875, L2: 3.810024, L3: 49.905042, L4_cpa: 7003.760641)
[2026-03-19 19:31:30,851] [__main__] [train_dt.py(290)] [INFO] [Step    900/20000] 训练损失: 16525.911349 (L1: 7126.626566, L2: 3.681192, L3: 49.906754, L4_cpa: 9345.697061)
[2026-03-19 19:31:38,319] [__main__] [train_dt.py(290)] [INFO] [Step   1000/20000] 训练损失: 37881.096763 (L1: 12040.741404, L2: 4.176954, L3: 49.927933, L4_cpa: 25786.251337)
[2026-03-19 19:31:38,319] [__main__] [train_dt.py(293)] [INFO]   指标 - W: 0.500721, Target: 0.005214, Pred: 0.012323, Pred1: 0.015206
[2026-03-19 19:31:41,393] [__main__] [train_dt.py(310)] [INFO] [Step   1000] 验证损失: 223025.1684
[2026-03-19 19:31:41,472] [__main__] [train_dt.py(316)] [INFO]   🏆 新的最佳模型! (验证损失: 223025.1684)
[2026-03-19 19:31:49,519] [__main__] [train_dt.py(290)] [INFO] [Step   1100/20000] 训练损失: 19579.058683 (L1: 16757.369590, L2: 5.179573, L3: 49.937380, L4_cpa: 2766.572315)
[2026-03-19 19:31:57,558] [__main__] [train_dt.py(290)] [INFO] [Step   1200/20000] 训练损失: 45839.830187 (L1: 25470.497849, L2: 3.014439, L3: 49.950770, L4_cpa: 20316.365898)
[2026-03-19 19:32:05,629] [__main__] [train_dt.py(290)] [INFO] [Step   1300/20000] 训练损失: 20248.053426 (L1: 6222.334049, L2: 3.836488, L3: 49.936249, L4_cpa: 13971.946845)
[2026-03-19 19:32:13,693] [__main__] [train_dt.py(290)] [INFO] [Step   1400/20000] 训练损失: 11481.416270 (L1: 5396.039422, L2: 6.329092, L3: 49.933637, L4_cpa: 6029.114114)
[2026-03-19 19:32:21,747] [__main__] [train_dt.py(290)] [INFO] [Step   1500/20000] 训练损失: 27276.345312 (L1: 13701.831290, L2: 3.093289, L3: 49.958354, L4_cpa: 13521.462409)
[2026-03-19 19:32:21,747] [__main__] [train_dt.py(293)] [INFO]   指标 - W: 0.500416, Target: 0.005221, Pred: 0.007412, Pred1: 0.009079
[2026-03-19 19:32:24,804] [__main__] [train_dt.py(310)] [INFO] [Step   1500] 验证损失: 222784.9352
[2026-03-19 19:32:24,882] [__main__] [train_dt.py(316)] [INFO]   🏆 新的最佳模型! (验证损失: 222784.9352)
[2026-03-19 19:32:32,936] [__main__] [train_dt.py(290)] [INFO] [Step   1600/20000] 训练损失: 13353.392644 (L1: 6071.388074, L2: 3.773157, L3: 49.922278, L4_cpa: 7228.309063)
[2026-03-19 19:32:41,416] [__main__] [train_dt.py(290)] [INFO] [Step   1700/20000] 训练损失: 21474.943623 (L1: 9478.186721, L2: 3.251201, L3: 49.957968, L4_cpa: 11943.547751)
[2026-03-19 19:32:49,469] [__main__] [train_dt.py(290)] [INFO] [Step   1800/20000] 训练损失: 22246.163858 (L1: 18226.767794, L2: 3.968063, L3: 49.895004, L4_cpa: 3965.532634)
[2026-03-19 19:32:57,542] [__main__] [train_dt.py(290)] [INFO] [Step   1900/20000] 训练损失: 43759.934709 (L1: 34991.642811, L2: 7.078268, L3: 49.920452, L4_cpa: 8711.292068)
[2026-03-19 19:33:05,617] [__main__] [train_dt.py(290)] [INFO] [Step   2000/20000] 训练损失: 19318.914290 (L1: 13344.934424, L2: 2.454410, L3: 49.936685, L4_cpa: 5921.588737)
[2026-03-19 19:33:05,617] [__main__] [train_dt.py(293)] [INFO]   指标 - W: 0.500633, Target: 0.005908, Pred: 0.011747, Pred1: 0.014280
[2026-03-19 19:33:08,669] [__main__] [train_dt.py(310)] [INFO] [Step   2000] 验证损失: 225707.4574
[2026-03-19 19:33:08,709] [__main__] [train_dt.py(322)] [INFO] 💾 检查点保存于步数 2000
[2026-03-19 19:33:16,781] [__main__] [train_dt.py(290)] [INFO] [Step   2100/20000] 训练损失: 17941.688792 (L1: 4857.809417, L2: 7.278792, L3: 49.954413, L4_cpa: 13026.646469)
[2026-03-19 19:33:24,871] [__main__] [train_dt.py(290)] [INFO] [Step   2200/20000] 训练损失: 47491.314540 (L1: 26478.867415, L2: 5.637199, L3: 49.958809, L4_cpa: 20956.851494)
[2026-03-19 19:33:32,956] [__main__] [train_dt.py(290)] [INFO] [Step   2300/20000] 训练损失: 26922.246946 (L1: 9832.537282, L2: 2.626755, L3: 49.936721, L4_cpa: 17037.146513)
[2026-03-19 19:33:40,895] [__main__] [train_dt.py(290)] [INFO] [Step   2400/20000] 训练损失: 24315.945049 (L1: 10364.943173, L2: 2.652125, L3: 49.944986, L4_cpa: 13898.404605)
[2026-03-19 19:33:48,981] [__main__] [train_dt.py(290)] [INFO] [Step   2500/20000] 训练损失: 40055.093206 (L1: 30358.650934, L2: 2.771273, L3: 49.946206, L4_cpa: 9643.725626)
[2026-03-19 19:33:48,981] [__main__] [train_dt.py(293)] [INFO]   指标 - W: 0.500538, Target: 0.005934, Pred: 0.010019, Pred1: 0.012172
[2026-03-19 19:33:51,938] [__main__] [train_dt.py(310)] [INFO] [Step   2500] 验证损失: 228041.7619
[2026-03-19 19:33:59,510] [__main__] [train_dt.py(290)] [INFO] [Step   2600/20000] 训练损失: 51272.264807 (L1: 33390.782573, L2: 2.928128, L3: 49.939103, L4_cpa: 17828.614965)
[2026-03-19 19:34:07,079] [__main__] [train_dt.py(290)] [INFO] [Step   2700/20000] 训练损失: 44259.956474 (L1: 20875.900598, L2: 2.561243, L3: 49.978828, L4_cpa: 23331.515731)
[2026-03-19 19:34:14,655] [__main__] [train_dt.py(290)] [INFO] [Step   2800/20000] 训练损失: 30075.897662 (L1: 22649.131946, L2: 2.230990, L3: 49.957876, L4_cpa: 7374.577080)
[2026-03-19 19:34:22,231] [__main__] [train_dt.py(290)] [INFO] [Step   2900/20000] 训练损失: 47877.112137 (L1: 33633.247388, L2: 4.513151, L3: 49.935679, L4_cpa: 14189.416568)
[2026-03-19 19:34:29,800] [__main__] [train_dt.py(290)] [INFO] [Step   3000/20000] 训练损失: 51879.054464 (L1: 7343.093374, L2: 2.595367, L3: 49.951004, L4_cpa: 44483.414434)
[2026-03-19 19:34:29,800] [__main__] [train_dt.py(293)] [INFO]   指标 - W: 0.500490, Target: 0.005571, Pred: 0.011617, Pred1: 0.013577
[2026-03-19 19:34:32,753] [__main__] [train_dt.py(310)] [INFO] [Step   3000] 验证损失: 239733.2756
[2026-03-19 19:34:40,321] [__main__] [train_dt.py(290)] [INFO] [Step   3100/20000] 训练损失: 44799.018920 (L1: 36264.784353, L2: 2.737608, L3: 49.932726, L4_cpa: 8481.564313)
[2026-03-19 19:34:47,900] [__main__] [train_dt.py(290)] [INFO] [Step   3200/20000] 训练损失: 27658.311174 (L1: 10959.842195, L2: 3.286503, L3: 49.920160, L4_cpa: 16645.262304)
[2026-03-19 19:34:55,532] [__main__] [train_dt.py(290)] [INFO] [Step   3300/20000] 训练损失: 48891.137335 (L1: 28574.755720, L2: 3.553705, L3: 49.920924, L4_cpa: 20262.907077)
[2026-03-19 19:35:03,157] [__main__] [train_dt.py(290)] [INFO] [Step   3400/20000] 训练损失: 57860.705056 (L1: 22041.931934, L2: 3.100609, L3: 49.919613, L4_cpa: 35765.753236)
[2026-03-19 19:35:10,745] [__main__] [train_dt.py(290)] [INFO] [Step   3500/20000] 训练损失: 20718.548457 (L1: 9693.527896, L2: 2.764838, L3: 49.892022, L4_cpa: 10972.363771)
[2026-03-19 19:35:10,745] [__main__] [train_dt.py(293)] [INFO]   指标 - W: 0.501080, Target: 0.005267, Pred: 0.008312, Pred1: 0.012631
[2026-03-19 19:35:13,687] [__main__] [train_dt.py(310)] [INFO] [Step   3500] 验证损失: 250872.4641
[2026-03-19 19:35:21,264] [__main__] [train_dt.py(290)] [INFO] [Step   3600/20000] 训练损失: 53293.128316 (L1: 40996.964873, L2: 5.851685, L3: 49.906639, L4_cpa: 12240.405852)
[2026-03-19 19:35:28,846] [__main__] [train_dt.py(290)] [INFO] [Step   3700/20000] 训练损失: 41018.534183 (L1: 11187.468779, L2: 7.685134, L3: 49.920955, L4_cpa: 29773.460165)
[2026-03-19 19:35:36,415] [__main__] [train_dt.py(290)] [INFO] [Step   3800/20000] 训练损失: 35251.337176 (L1: 22218.625803, L2: 4.707200, L3: 49.939408, L4_cpa: 12978.064608)
[2026-03-19 19:35:43,994] [__main__] [train_dt.py(290)] [INFO] [Step   3900/20000] 训练损失: 34844.879323 (L1: 14041.910454, L2: 3.512997, L3: 49.931405, L4_cpa: 20749.524058)
[2026-03-19 19:35:51,577] [__main__] [train_dt.py(290)] [INFO] [Step   4000/20000] 训练损失: 13760.411867 (L1: 5160.500428, L2: 4.143776, L3: 49.922457, L4_cpa: 8545.845142)
[2026-03-19 19:35:51,577] [__main__] [train_dt.py(293)] [INFO]   指标 - W: 0.500775, Target: 0.005394, Pred: 0.008844, Pred1: 0.011946
[2026-03-19 19:35:54,519] [__main__] [train_dt.py(310)] [INFO] [Step   4000] 验证损失: 230602.3820
[2026-03-19 19:35:54,558] [__main__] [train_dt.py(322)] [INFO] 💾 检查点保存于步数 4000
[2026-03-19 19:36:02,138] [__main__] [train_dt.py(290)] [INFO] [Step   4100/20000] 训练损失: 34767.995219 (L1: 13991.036273, L2: 2.935023, L3: 49.941043, L4_cpa: 20724.083107)
[2026-03-19 19:36:09,890] [__main__] [train_dt.py(290)] [INFO] [Step   4200/20000] 训练损失: 47087.929440 (L1: 31667.260740, L2: 3.461960, L3: 49.909692, L4_cpa: 15367.296586)
[2026-03-19 19:36:17,661] [__main__] [train_dt.py(290)] [INFO] [Step   4300/20000] 训练损失: 26820.492864 (L1: 5660.736878, L2: 2.622942, L3: 49.953997, L4_cpa: 21107.178963)
[2026-03-19 19:36:25,719] [__main__] [train_dt.py(290)] [INFO] [Step   4400/20000] 训练损失: 37621.087689 (L1: 25726.122231, L2: 2.085132, L3: 49.935270, L4_cpa: 11842.945081)
[2026-03-19 19:36:33,634] [__main__] [train_dt.py(290)] [INFO] [Step   4500/20000] 训练损失: 42052.805656 (L1: 34745.543629, L2: 3.706294, L3: 49.954765, L4_cpa: 7253.600715)
[2026-03-19 19:36:33,634] [__main__] [train_dt.py(293)] [INFO]   指标 - W: 0.500452, Target: 0.005410, Pred: 0.009468, Pred1: 0.011278
[2026-03-19 19:36:36,666] [__main__] [train_dt.py(310)] [INFO] [Step   4500] 验证损失: 221423.7934
[2026-03-19 19:36:36,743] [__main__] [train_dt.py(316)] [INFO]   🏆 新的最佳模型! (验证损失: 221423.7934)
[2026-03-19 19:36:44,696] [__main__] [train_dt.py(290)] [INFO] [Step   4600/20000] 训练损失: 58594.142609 (L1: 26036.111808, L2: 1.807411, L3: 49.944306, L4_cpa: 32506.278332)
[2026-03-19 19:36:52,695] [__main__] [train_dt.py(290)] [INFO] [Step   4700/20000] 训练损失: 31750.886640 (L1: 22216.104191, L2: 7.960047, L3: 49.951467, L4_cpa: 9476.871517)
[2026-03-19 19:37:00,701] [__main__] [train_dt.py(290)] [INFO] [Step   4800/20000] 训练损失: 37556.345970 (L1: 4468.222865, L2: 3.271332, L3: 49.940792, L4_cpa: 33034.911014)
[2026-03-19 19:37:08,729] [__main__] [train_dt.py(290)] [INFO] [Step   4900/20000] 训练损失: 26419.608301 (L1: 6223.288379, L2: 1.349349, L3: 49.931568, L4_cpa: 20145.038785)
[2026-03-19 19:37:16,780] [__main__] [train_dt.py(290)] [INFO] [Step   5000/20000] 训练损失: 33779.452879 (L1: 13223.303125, L2: 1.381664, L3: 49.947478, L4_cpa: 20504.820930)
[2026-03-19 19:37:16,780] [__main__] [train_dt.py(293)] [INFO]   指标 - W: 0.500525, Target: 0.006061, Pred: 0.010078, Pred1: 0.012179
[2026-03-19 19:37:19,853] [__main__] [train_dt.py(310)] [INFO] [Step   5000] 验证损失: 253667.4865
[2026-03-19 19:37:27,897] [__main__] [train_dt.py(290)] [INFO] [Step   5100/20000] 训练损失: 24909.266590 (L1: 10350.369044, L2: 0.873989, L3: 49.947815, L4_cpa: 14508.075976)
[2026-03-19 19:37:35,935] [__main__] [train_dt.py(290)] [INFO] [Step   5200/20000] 训练损失: 42860.661663 (L1: 21782.525700, L2: 0.909629, L3: 49.935068, L4_cpa: 21027.291319)
[2026-03-19 19:37:44,192] [__main__] [train_dt.py(290)] [INFO] [Step   5300/20000] 训练损失: 45214.721498 (L1: 34868.908748, L2: 1.376655, L3: 49.946679, L4_cpa: 10294.488632)
[2026-03-19 19:37:52,312] [__main__] [train_dt.py(290)] [INFO] [Step   5400/20000] 训练损失: 25308.489306 (L1: 13221.838411, L2: 1.266036, L3: 49.922851, L4_cpa: 12035.462288)
[2026-03-19 19:38:00,378] [__main__] [train_dt.py(290)] [INFO] [Step   5500/20000] 训练损失: 45755.472068 (L1: 31518.318147, L2: 3.060131, L3: 49.967862, L4_cpa: 14184.126858)
[2026-03-19 19:38:00,378] [__main__] [train_dt.py(293)] [INFO]   指标 - W: 0.500321, Target: 0.006337, Pred: 0.008906, Pred1: 0.010192
[2026-03-19 19:38:03,449] [__main__] [train_dt.py(310)] [INFO] [Step   5500] 验证损失: 228200.0993
[2026-03-19 19:38:11,513] [__main__] [train_dt.py(290)] [INFO] [Step   5600/20000] 训练损失: 50981.302664 (L1: 8912.989529, L2: 2.471671, L3: 49.920233, L4_cpa: 42015.921145)
[2026-03-19 19:38:19,555] [__main__] [train_dt.py(290)] [INFO] [Step   5700/20000] 训练损失: 45862.470089 (L1: 16064.075183, L2: 0.990127, L3: 49.929487, L4_cpa: 29747.474385)
[2026-03-19 19:38:27,599] [__main__] [train_dt.py(290)] [INFO] [Step   5800/20000] 训练损失: 15470.721460 (L1: 6548.876080, L2: 0.948997, L3: 49.932534, L4_cpa: 8870.963667)
[2026-03-19 19:38:35,656] [__main__] [train_dt.py(290)] [INFO] [Step   5900/20000] 训练损失: 22812.313155 (L1: 3381.839651, L2: 3.240429, L3: 49.941287, L4_cpa: 19377.291753)
[2026-03-19 19:38:43,680] [__main__] [train_dt.py(290)] [INFO] [Step   6000/20000] 训练损失: 44528.373476 (L1: 8188.650331, L2: 2.176582, L3: 49.929141, L4_cpa: 36287.618056)
[2026-03-19 19:38:43,680] [__main__] [train_dt.py(293)] [INFO]   指标 - W: 0.500709, Target: 0.005320, Pred: 0.009286, Pred1: 0.012121
[2026-03-19 19:38:46,718] [__main__] [train_dt.py(310)] [INFO] [Step   6000] 验证损失: 264903.7639
[2026-03-19 19:38:46,758] [__main__] [train_dt.py(322)] [INFO] 💾 检查点保存于步数 6000
[2026-03-19 19:38:54,802] [__main__] [train_dt.py(290)] [INFO] [Step   6100/20000] 训练损失: 39241.839844 (L1: 23744.608257, L2: 4.514032, L3: 49.943186, L4_cpa: 15442.774717)
[2026-03-19 19:39:02,856] [__main__] [train_dt.py(290)] [INFO] [Step   6200/20000] 训练损失: 52289.089123 (L1: 26871.131627, L2: 3.488065, L3: 49.939707, L4_cpa: 25364.528513)
[2026-03-19 19:39:10,925] [__main__] [train_dt.py(290)] [INFO] [Step   6300/20000] 训练损失: 29613.446294 (L1: 26249.396752, L2: 3.977135, L3: 49.950226, L4_cpa: 3310.123430)
[2026-03-19 19:39:19,431] [__main__] [train_dt.py(290)] [INFO] [Step   6400/20000] 训练损失: 25220.461993 (L1: 3430.335150, L2: 5.103948, L3: 49.929565, L4_cpa: 21735.093050)
[2026-03-19 19:39:27,488] [__main__] [train_dt.py(290)] [INFO] [Step   6500/20000] 训练损失: 25989.420853 (L1: 15855.181087, L2: 4.336743, L3: 49.930428, L4_cpa: 10079.972589)
[2026-03-19 19:39:27,488] [__main__] [train_dt.py(293)] [INFO]   指标 - W: 0.500696, Target: 0.005524, Pred: 0.011183, Pred1: 0.013966
[2026-03-19 19:39:30,539] [__main__] [train_dt.py(310)] [INFO] [Step   6500] 验证损失: 269073.5461
[2026-03-19 19:39:38,586] [__main__] [train_dt.py(290)] [INFO] [Step   6600/20000] 训练损失: 59612.134540 (L1: 29696.053688, L2: 3.031117, L3: 49.925729, L4_cpa: 29863.123877)
[2026-03-19 19:39:46,627] [__main__] [train_dt.py(290)] [INFO] [Step   6700/20000] 训练损失: 62386.519174 (L1: 36298.191355, L2: 3.140823, L3: 49.920682, L4_cpa: 26035.265778)
[2026-03-19 19:39:54,554] [__main__] [train_dt.py(290)] [INFO] [Step   6800/20000] 训练损失: 46271.408818 (L1: 6886.752753, L2: 4.400429, L3: 49.942975, L4_cpa: 39330.312740)
[2026-03-19 19:40:02,437] [__main__] [train_dt.py(290)] [INFO] [Step   6900/20000] 训练损失: 35520.179411 (L1: 28639.898340, L2: 4.157593, L3: 49.929426, L4_cpa: 6826.194118)
[2026-03-19 19:40:10,431] [__main__] [train_dt.py(290)] [INFO] [Step   7000/20000] 训练损失: 33400.512977 (L1: 9730.282917, L2: 3.541000, L3: 49.933395, L4_cpa: 23616.756352)
[2026-03-19 19:40:10,431] [__main__] [train_dt.py(293)] [INFO]   指标 - W: 0.500666, Target: 0.005300, Pred: 0.005024, Pred1: 0.007689
[2026-03-19 19:40:13,511] [__main__] [train_dt.py(310)] [INFO] [Step   7000] 验证损失: 219138.9358
[2026-03-19 19:40:13,609] [__main__] [train_dt.py(316)] [INFO]   🏆 新的最佳模型! (验证损失: 219138.9358)
[2026-03-19 19:40:21,637] [__main__] [train_dt.py(290)] [INFO] [Step   7100/20000] 训练损失: 35861.929844 (L1: 20481.659044, L2: 3.013793, L3: 49.913507, L4_cpa: 15327.342889)
[2026-03-19 19:40:29,657] [__main__] [train_dt.py(290)] [INFO] [Step   7200/20000] 训练损失: 15536.691025 (L1: 5168.117606, L2: 2.235499, L3: 49.940805, L4_cpa: 10316.397141)
[2026-03-19 19:40:37,695] [__main__] [train_dt.py(290)] [INFO] [Step   7300/20000] 训练损失: 41027.538172 (L1: 6500.011019, L2: 1.258502, L3: 49.939978, L4_cpa: 34476.328240)
[2026-03-19 19:40:45,048] [__main__] [train_dt.py(290)] [INFO] [Step   7400/20000] 训练损失: 97807.573274 (L1: 15994.419025, L2: 1.203336, L3: 49.944773, L4_cpa: 81762.004102)
[2026-03-19 19:40:53,072] [__main__] [train_dt.py(290)] [INFO] [Step   7500/20000] 训练损失: 37614.241679 (L1: 16217.003680, L2: 2.572823, L3: 49.966590, L4_cpa: 21344.699066)
[2026-03-19 19:40:53,072] [__main__] [train_dt.py(293)] [INFO]   指标 - W: 0.500334, Target: 0.005986, Pred: 0.011012, Pred1: 0.012349
[2026-03-19 19:40:56,144] [__main__] [train_dt.py(310)] [INFO] [Step   7500] 验证损失: 220898.2463
[2026-03-19 19:41:04,172] [__main__] [train_dt.py(290)] [INFO] [Step   7600/20000] 训练损失: 70921.458704 (L1: 54728.009078, L2: 1.705268, L3: 49.924724, L4_cpa: 16141.820251)
[2026-03-19 19:41:12,210] [__main__] [train_dt.py(290)] [INFO] [Step   7700/20000] 训练损失: 54325.775888 (L1: 19041.418828, L2: 0.962366, L3: 49.972328, L4_cpa: 35233.422070)
[2026-03-19 19:41:20,246] [__main__] [train_dt.py(290)] [INFO] [Step   7800/20000] 训练损失: 48742.840275 (L1: 26623.117064, L2: 0.949858, L3: 49.938460, L4_cpa: 22068.834771)
[2026-03-19 19:41:28,297] [__main__] [train_dt.py(290)] [INFO] [Step   7900/20000] 训练损失: 42006.931616 (L1: 25537.611632, L2: 4.786125, L3: 49.904375, L4_cpa: 16414.628425)
[2026-03-19 19:41:36,332] [__main__] [train_dt.py(290)] [INFO] [Step   8000/20000] 训练损失: 57863.545816 (L1: 23435.405641, L2: 4.878418, L3: 49.967095, L4_cpa: 34373.294838)
[2026-03-19 19:41:36,333] [__main__] [train_dt.py(293)] [INFO]   指标 - W: 0.500329, Target: 0.005141, Pred: 0.009329, Pred1: 0.010646
[2026-03-19 19:41:39,407] [__main__] [train_dt.py(310)] [INFO] [Step   8000] 验证损失: 225666.9447
[2026-03-19 19:41:39,446] [__main__] [train_dt.py(322)] [INFO] 💾 检查点保存于步数 8000
[2026-03-19 19:41:47,477] [__main__] [train_dt.py(290)] [INFO] [Step   8100/20000] 训练损失: 72825.582914 (L1: 47112.977192, L2: 4.138057, L3: 49.944628, L4_cpa: 25658.522821)
[2026-03-19 19:41:55,502] [__main__] [train_dt.py(290)] [INFO] [Step   8200/20000] 训练损失: 29046.537560 (L1: 6460.106196, L2: 3.768065, L3: 49.952543, L4_cpa: 22532.711002)
[2026-03-19 19:42:03,537] [__main__] [train_dt.py(290)] [INFO] [Step   8300/20000] 训练损失: 51611.202766 (L1: 22790.896837, L2: 5.096921, L3: 49.942496, L4_cpa: 28765.267001)
[2026-03-19 19:42:11,585] [__main__] [train_dt.py(290)] [INFO] [Step   8400/20000] 训练损失: 18614.707412 (L1: 4583.671648, L2: 3.602507, L3: 49.919038, L4_cpa: 13977.514180)
[2026-03-19 19:42:19,635] [__main__] [train_dt.py(290)] [INFO] [Step   8500/20000] 训练损失: 31014.271635 (L1: 16226.250601, L2: 4.146746, L3: 49.919975, L4_cpa: 14733.954559)
[2026-03-19 19:42:19,635] [__main__] [train_dt.py(293)] [INFO]   指标 - W: 0.500800, Target: 0.005015, Pred: 0.011723, Pred1: 0.014924
[2026-03-19 19:42:22,677] [__main__] [train_dt.py(310)] [INFO] [Step   8500] 验证损失: 258657.7942
[2026-03-19 19:42:30,706] [__main__] [train_dt.py(290)] [INFO] [Step   8600/20000] 训练损失: 41119.334494 (L1: 8892.353387, L2: 4.392630, L3: 49.920733, L4_cpa: 32172.668430)
[2026-03-19 19:42:38,761] [__main__] [train_dt.py(290)] [INFO] [Step   8700/20000] 训练损失: 38515.865365 (L1: 15372.011995, L2: 2.806641, L3: 49.901000, L4_cpa: 23091.145674)
[2026-03-19 19:42:46,810] [__main__] [train_dt.py(290)] [INFO] [Step   8800/20000] 训练损失: 34467.514763 (L1: 16439.502893, L2: 5.402987, L3: 49.898236, L4_cpa: 17972.710106)
[2026-03-19 19:42:54,875] [__main__] [train_dt.py(290)] [INFO] [Step   8900/20000] 训练损失: 18438.305393 (L1: 4188.923229, L2: 4.897781, L3: 49.895836, L4_cpa: 14194.588827)
[2026-03-19 19:43:02,912] [__main__] [train_dt.py(290)] [INFO] [Step   9000/20000] 训练损失: 24389.807931 (L1: 13078.702105, L2: 1.787279, L3: 49.970191, L4_cpa: 11259.348631)
[2026-03-19 19:43:02,912] [__main__] [train_dt.py(293)] [INFO]   指标 - W: 0.500298, Target: 0.004268, Pred: 0.008537, Pred1: 0.009729
[2026-03-19 19:43:05,965] [__main__] [train_dt.py(310)] [INFO] [Step   9000] 验证损失: 223058.3693
[2026-03-19 19:43:13,954] [__main__] [train_dt.py(290)] [INFO] [Step   9100/20000] 训练损失: 24841.881830 (L1: 10606.007731, L2: 3.520564, L3: 49.898728, L4_cpa: 14182.454664)
[2026-03-19 19:43:21,952] [__main__] [train_dt.py(290)] [INFO] [Step   9200/20000] 训练损失: 43534.062878 (L1: 24252.549141, L2: 2.675166, L3: 49.910918, L4_cpa: 19228.927701)
[2026-03-19 19:43:29,961] [__main__] [train_dt.py(290)] [INFO] [Step   9300/20000] 训练损失: 51835.131205 (L1: 19479.005419, L2: 8.262352, L3: 49.938900, L4_cpa: 32297.923767)
[2026-03-19 19:43:37,969] [__main__] [train_dt.py(290)] [INFO] [Step   9400/20000] 训练损失: 41222.770782 (L1: 19134.263746, L2: 7.158380, L3: 49.907187, L4_cpa: 22031.441815)
[2026-03-19 19:43:46,016] [__main__] [train_dt.py(290)] [INFO] [Step   9500/20000] 训练损失: 39072.939933 (L1: 14020.825727, L2: 1.976193, L3: 49.931132, L4_cpa: 25000.207142)
[2026-03-19 19:43:46,016] [__main__] [train_dt.py(293)] [INFO]   指标 - W: 0.500689, Target: 0.004837, Pred: 0.013819, Pred1: 0.016574
[2026-03-19 19:43:49,083] [__main__] [train_dt.py(310)] [INFO] [Step   9500] 验证损失: 268119.2395
[2026-03-19 19:43:57,119] [__main__] [train_dt.py(290)] [INFO] [Step   9600/20000] 训练损失: 58625.261076 (L1: 13685.903096, L2: 2.742704, L3: 49.942313, L4_cpa: 44886.671731)
[2026-03-19 19:44:05,153] [__main__] [train_dt.py(290)] [INFO] [Step   9700/20000] 训练损失: 37221.230514 (L1: 6704.355301, L2: 4.236054, L3: 49.932138, L4_cpa: 30462.707299)
[2026-03-19 19:44:13,193] [__main__] [train_dt.py(290)] [INFO] [Step   9800/20000] 训练损失: 60856.380280 (L1: 13576.976872, L2: 6.551547, L3: 49.918974, L4_cpa: 47222.933273)
[2026-03-19 19:44:21,304] [__main__] [train_dt.py(290)] [INFO] [Step   9900/20000] 训练损失: 24567.833390 (L1: 4942.520902, L2: 3.521630, L3: 49.909431, L4_cpa: 19571.881322)
[2026-03-19 19:44:29,373] [__main__] [train_dt.py(290)] [INFO] [Step  10000/20000] 训练损失: 44823.741983 (L1: 20769.870631, L2: 5.300882, L3: 49.939056, L4_cpa: 23998.631334)
[2026-03-19 19:44:29,373] [__main__] [train_dt.py(293)] [INFO]   指标 - W: 0.500609, Target: 0.005405, Pred: 0.013846, Pred1: 0.016287
[2026-03-19 19:44:32,453] [__main__] [train_dt.py(310)] [INFO] [Step  10000] 验证损失: 220589.8135
[2026-03-19 19:44:32,492] [__main__] [train_dt.py(322)] [INFO] 💾 检查点保存于步数 10000
[2026-03-19 19:44:40,535] [__main__] [train_dt.py(290)] [INFO] [Step  10100/20000] 训练损失: 17373.819491 (L1: 12336.103241, L2: 8.396607, L3: 49.911217, L4_cpa: 4979.408304)
[2026-03-19 19:44:48,582] [__main__] [train_dt.py(290)] [INFO] [Step  10200/20000] 训练损失: 51450.347679 (L1: 36058.407833, L2: 3.049753, L3: 49.942381, L4_cpa: 15338.948051)
[2026-03-19 19:44:56,653] [__main__] [train_dt.py(290)] [INFO] [Step  10300/20000] 训练损失: 53084.902370 (L1: 21264.254409, L2: 8.014239, L3: 49.909087, L4_cpa: 31762.723975)
[2026-03-19 19:45:05,074] [__main__] [train_dt.py(290)] [INFO] [Step  10400/20000] 训练损失: 46013.128683 (L1: 24495.604106, L2: 4.705222, L3: 49.905751, L4_cpa: 21462.913992)
[2026-03-19 19:45:13,132] [__main__] [train_dt.py(290)] [INFO] [Step  10500/20000] 训练损失: 36926.487640 (L1: 7207.948692, L2: 3.497648, L3: 49.933570, L4_cpa: 29665.108448)
[2026-03-19 19:45:13,133] [__main__] [train_dt.py(293)] [INFO]   指标 - W: 0.500664, Target: 0.004998, Pred: 0.009556, Pred1: 0.012213
[2026-03-19 19:45:16,197] [__main__] [train_dt.py(310)] [INFO] [Step  10500] 验证损失: 237755.8860
[2026-03-19 19:45:24,247] [__main__] [train_dt.py(290)] [INFO] [Step  10600/20000] 训练损失: 45252.534136 (L1: 24701.233310, L2: 6.753596, L3: 49.900353, L4_cpa: 20494.647346)
[2026-03-19 19:45:32,297] [__main__] [train_dt.py(290)] [INFO] [Step  10700/20000] 训练损失: 56309.787075 (L1: 9390.698927, L2: 13.429756, L3: 49.894988, L4_cpa: 46855.762494)
[2026-03-19 19:45:40,306] [__main__] [train_dt.py(290)] [INFO] [Step  10800/20000] 训练损失: 48757.535031 (L1: 7643.644220, L2: 6.818641, L3: 49.954892, L4_cpa: 41057.118244)
[2026-03-19 19:45:48,321] [__main__] [train_dt.py(290)] [INFO] [Step  10900/20000] 训练损失: 36233.981188 (L1: 16894.827461, L2: 8.511038, L3: 49.919273, L4_cpa: 19280.724181)
[2026-03-19 19:45:56,356] [__main__] [train_dt.py(290)] [INFO] [Step  11000/20000] 训练损失: 61952.401424 (L1: 8328.321734, L2: 4.476371, L3: 49.922911, L4_cpa: 53569.681340)
[2026-03-19 19:45:56,356] [__main__] [train_dt.py(293)] [INFO]   指标 - W: 0.500771, Target: 0.005995, Pred: 0.009716, Pred1: 0.012800
[2026-03-19 19:45:59,404] [__main__] [train_dt.py(310)] [INFO] [Step  11000] 验证损失: 345172.0780
[2026-03-19 19:46:07,448] [__main__] [train_dt.py(290)] [INFO] [Step  11100/20000] 训练损失: 34064.330188 (L1: 13776.474936, L2: 4.086183, L3: 49.903859, L4_cpa: 20233.865828)
[2026-03-19 19:46:15,512] [__main__] [train_dt.py(290)] [INFO] [Step  11200/20000] 训练损失: 26373.740201 (L1: 6704.199627, L2: 5.846374, L3: 49.897290, L4_cpa: 19613.796603)
[2026-03-19 19:46:23,557] [__main__] [train_dt.py(290)] [INFO] [Step  11300/20000] 训练损失: 42082.973725 (L1: 8186.025627, L2: 4.128422, L3: 49.927642, L4_cpa: 33842.891739)
[2026-03-19 19:46:31,168] [__main__] [train_dt.py(290)] [INFO] [Step  11400/20000] 训练损失: 64694.530765 (L1: 17282.720236, L2: 3.749837, L3: 49.913087, L4_cpa: 47358.146942)
[2026-03-19 19:46:38,704] [__main__] [train_dt.py(290)] [INFO] [Step  11500/20000] 训练损失: 40547.787820 (L1: 18202.973945, L2: 3.544230, L3: 49.910065, L4_cpa: 22291.359661)
[2026-03-19 19:46:38,704] [__main__] [train_dt.py(293)] [INFO]   指标 - W: 0.500899, Target: 0.005396, Pred: 0.014082, Pred1: 0.017680
[2026-03-19 19:46:41,626] [__main__] [train_dt.py(310)] [INFO] [Step  11500] 验证损失: 224146.4283
[2026-03-19 19:46:49,150] [__main__] [train_dt.py(290)] [INFO] [Step  11600/20000] 训练损失: 27618.851721 (L1: 9279.196652, L2: 10.164310, L3: 49.922038, L4_cpa: 18279.569045)
[2026-03-19 19:46:56,680] [__main__] [train_dt.py(290)] [INFO] [Step  11700/20000] 训练损失: 37354.596920 (L1: 7731.705096, L2: 2.351715, L3: 49.904904, L4_cpa: 29570.635301)
[2026-03-19 19:47:04,221] [__main__] [train_dt.py(290)] [INFO] [Step  11800/20000] 训练损失: 34865.573626 (L1: 3311.277848, L2: 3.255868, L3: 49.913300, L4_cpa: 31501.126947)
[2026-03-19 19:47:11,764] [__main__] [train_dt.py(290)] [INFO] [Step  11900/20000] 训练损失: 33562.357005 (L1: 8190.398820, L2: 2.071420, L3: 49.942988, L4_cpa: 25319.943657)
[2026-03-19 19:47:19,305] [__main__] [train_dt.py(290)] [INFO] [Step  12000/20000] 训练损失: 44106.611614 (L1: 22219.316712, L2: 2.708764, L3: 49.944028, L4_cpa: 21834.641493)
[2026-03-19 19:47:19,305] [__main__] [train_dt.py(293)] [INFO]   指标 - W: 0.500560, Target: 0.004842, Pred: 0.009101, Pred1: 0.011340
[2026-03-19 19:47:22,237] [__main__] [train_dt.py(310)] [INFO] [Step  12000] 验证损失: 608651.9616
[2026-03-19 19:47:22,275] [__main__] [train_dt.py(322)] [INFO] 💾 检查点保存于步数 12000
[2026-03-19 19:47:29,812] [__main__] [train_dt.py(290)] [INFO] [Step  12100/20000] 训练损失: 25459.023629 (L1: 9750.188282, L2: 3.420889, L3: 49.938498, L4_cpa: 15655.476776)
[2026-03-19 19:47:37,357] [__main__] [train_dt.py(290)] [INFO] [Step  12200/20000] 训练损失: 18948.856780 (L1: 3074.404317, L2: 4.800981, L3: 49.947826, L4_cpa: 15819.703728)
[2026-03-19 19:47:44,902] [__main__] [train_dt.py(290)] [INFO] [Step  12300/20000] 训练损失: 61384.331149 (L1: 25889.904786, L2: 8.052786, L3: 49.968572, L4_cpa: 35436.405057)
[2026-03-19 19:47:52,398] [__main__] [train_dt.py(290)] [INFO] [Step  12400/20000] 训练损失: 23209.785982 (L1: 3713.229564, L2: 3.648342, L3: 49.928974, L4_cpa: 19442.979268)
[2026-03-19 19:47:59,913] [__main__] [train_dt.py(290)] [INFO] [Step  12500/20000] 训练损失: 58625.143407 (L1: 9100.928791, L2: 11.174878, L3: 49.891699, L4_cpa: 49463.149287)
[2026-03-19 19:47:59,913] [__main__] [train_dt.py(293)] [INFO]   指标 - W: 0.501083, Target: 0.006465, Pred: 0.015491, Pred1: 0.019823
[2026-03-19 19:48:02,820] [__main__] [train_dt.py(310)] [INFO] [Step  12500] 验证损失: 224820.2037
[2026-03-19 19:48:10,338] [__main__] [train_dt.py(290)] [INFO] [Step  12600/20000] 训练损失: 46697.297318 (L1: 5196.118486, L2: 6.672267, L3: 49.938078, L4_cpa: 41444.568083)
[2026-03-19 19:48:17,862] [__main__] [train_dt.py(290)] [INFO] [Step  12700/20000] 训练损失: 13970.123668 (L1: 8170.733679, L2: 3.663639, L3: 49.949333, L4_cpa: 5745.777285)
[2026-03-19 19:48:25,390] [__main__] [train_dt.py(290)] [INFO] [Step  12800/20000] 训练损失: 32732.111199 (L1: 3586.413854, L2: 3.119884, L3: 49.936946, L4_cpa: 29092.640653)
[2026-03-19 19:48:32,925] [__main__] [train_dt.py(290)] [INFO] [Step  12900/20000] 训练损失: 38813.157227 (L1: 22128.986529, L2: 3.979509, L3: 49.917421, L4_cpa: 16630.273461)
[2026-03-19 19:48:40,460] [__main__] [train_dt.py(290)] [INFO] [Step  13000/20000] 训练损失: 41095.189357 (L1: 15668.478981, L2: 2.731038, L3: 49.925739, L4_cpa: 25374.054277)
[2026-03-19 19:48:40,460] [__main__] [train_dt.py(293)] [INFO]   指标 - W: 0.500743, Target: 0.005174, Pred: 0.009918, Pred1: 0.012889
[2026-03-19 19:48:43,399] [__main__] [train_dt.py(310)] [INFO] [Step  13000] 验证损失: 290194.0388
[2026-03-19 19:48:51,411] [__main__] [train_dt.py(290)] [INFO] [Step  13100/20000] 训练损失: 29305.477421 (L1: 17527.414205, L2: 2.749651, L3: 49.941392, L4_cpa: 11725.371980)
[2026-03-19 19:48:59,513] [__main__] [train_dt.py(290)] [INFO] [Step  13200/20000] 训练损失: 55774.080185 (L1: 45741.334813, L2: 2.848731, L3: 49.935073, L4_cpa: 9979.961314)
[2026-03-19 19:49:07,904] [__main__] [train_dt.py(290)] [INFO] [Step  13300/20000] 训练损失: 27448.557089 (L1: 13256.638263, L2: 2.186981, L3: 49.944899, L4_cpa: 14139.786890)
[2026-03-19 19:49:16,212] [__main__] [train_dt.py(290)] [INFO] [Step  13400/20000] 训练损失: 16512.514743 (L1: 3495.890765, L2: 4.884612, L3: 49.946160, L4_cpa: 12961.793264)
[2026-03-19 19:49:24,241] [__main__] [train_dt.py(290)] [INFO] [Step  13500/20000] 训练损失: 45374.169609 (L1: 28202.040967, L2: 3.437261, L3: 49.924057, L4_cpa: 17118.766829)
[2026-03-19 19:49:24,241] [__main__] [train_dt.py(293)] [INFO]   指标 - W: 0.500759, Target: 0.005522, Pred: 0.009032, Pred1: 0.012070
[2026-03-19 19:49:27,322] [__main__] [train_dt.py(310)] [INFO] [Step  13500] 验证损失: 188309.9832
[2026-03-19 19:49:27,402] [__main__] [train_dt.py(316)] [INFO]   🏆 新的最佳模型! (验证损失: 188309.9832)
[2026-03-19 19:49:35,372] [__main__] [train_dt.py(290)] [INFO] [Step  13600/20000] 训练损失: 20684.489756 (L1: 3870.237624, L2: 7.334423, L3: 49.937778, L4_cpa: 16756.980063)
[2026-03-19 19:49:44,114] [__main__] [train_dt.py(290)] [INFO] [Step  13700/20000] 训练损失: 41639.611392 (L1: 10129.673162, L2: 4.605249, L3: 49.939758, L4_cpa: 31455.392741)
[2026-03-19 19:49:52,165] [__main__] [train_dt.py(290)] [INFO] [Step  13800/20000] 训练损失: 25218.662809 (L1: 6565.197317, L2: 2.710157, L3: 49.962241, L4_cpa: 18600.793049)
[2026-03-19 19:50:00,245] [__main__] [train_dt.py(290)] [INFO] [Step  13900/20000] 训练损失: 13187.074743 (L1: 4653.977802, L2: 7.958199, L3: 49.906553, L4_cpa: 8475.232120)
[2026-03-19 19:50:08,310] [__main__] [train_dt.py(290)] [INFO] [Step  14000/20000] 训练损失: 73256.195754 (L1: 9646.377643, L2: 3.849797, L3: 49.931474, L4_cpa: 63556.036837)
[2026-03-19 19:50:08,310] [__main__] [train_dt.py(293)] [INFO]   指标 - W: 0.500685, Target: 0.004964, Pred: 0.003742, Pred1: 0.006483
[2026-03-19 19:50:11,362] [__main__] [train_dt.py(310)] [INFO] [Step  14000] 验证损失: 225538.9300
[2026-03-19 19:50:11,401] [__main__] [train_dt.py(322)] [INFO] 💾 检查点保存于步数 14000
[2026-03-19 19:50:19,423] [__main__] [train_dt.py(290)] [INFO] [Step  14100/20000] 训练损失: 26801.197230 (L1: 4365.343658, L2: 2.494891, L3: 49.931343, L4_cpa: 22383.427662)
[2026-03-19 19:50:27,525] [__main__] [train_dt.py(290)] [INFO] [Step  14200/20000] 训练损失: 24974.152234 (L1: 6567.968322, L2: 4.174368, L3: 49.957613, L4_cpa: 18352.051872)
[2026-03-19 19:50:35,568] [__main__] [train_dt.py(290)] [INFO] [Step  14300/20000] 训练损失: 25748.528880 (L1: 8609.013635, L2: 2.532542, L3: 49.953767, L4_cpa: 17087.028823)
[2026-03-19 19:50:43,608] [__main__] [train_dt.py(290)] [INFO] [Step  14400/20000] 训练损失: 25403.154996 (L1: 5121.160289, L2: 2.214028, L3: 49.945039, L4_cpa: 20229.835416)
[2026-03-19 19:50:51,659] [__main__] [train_dt.py(290)] [INFO] [Step  14500/20000] 训练损失: 22303.550096 (L1: 5520.055534, L2: 1.155616, L3: 49.937397, L4_cpa: 16732.401420)
[2026-03-19 19:50:51,659] [__main__] [train_dt.py(293)] [INFO]   指标 - W: 0.500626, Target: 0.005028, Pred: 0.011531, Pred1: 0.014035
[2026-03-19 19:50:54,691] [__main__] [train_dt.py(310)] [INFO] [Step  14500] 验证损失: 254939.1744
[2026-03-19 19:51:02,740] [__main__] [train_dt.py(290)] [INFO] [Step  14600/20000] 训练损失: 42301.824662 (L1: 17856.554155, L2: 1.889430, L3: 49.959814, L4_cpa: 24393.420199)
[2026-03-19 19:51:10,789] [__main__] [train_dt.py(290)] [INFO] [Step  14700/20000] 训练损失: 21595.527291 (L1: 11195.272618, L2: 5.547051, L3: 49.937752, L4_cpa: 10344.769553)
[2026-03-19 19:51:18,845] [__main__] [train_dt.py(290)] [INFO] [Step  14800/20000] 训练损失: 52874.114662 (L1: 3280.293536, L2: 3.668676, L3: 49.956751, L4_cpa: 49540.197123)
[2026-03-19 19:51:26,907] [__main__] [train_dt.py(290)] [INFO] [Step  14900/20000] 训练损失: 42885.834366 (L1: 8357.567251, L2: 3.873276, L3: 49.889817, L4_cpa: 34474.503528)
[2026-03-19 19:51:34,977] [__main__] [train_dt.py(290)] [INFO] [Step  15000/20000] 训练损失: 53159.531356 (L1: 33874.931716, L2: 2.460367, L3: 49.903879, L4_cpa: 19232.235261)
[2026-03-19 19:51:34,977] [__main__] [train_dt.py(293)] [INFO]   指标 - W: 0.500961, Target: 0.005293, Pred: 0.013395, Pred1: 0.017241
[2026-03-19 19:51:38,024] [__main__] [train_dt.py(310)] [INFO] [Step  15000] 验证损失: 627410.6550
[2026-03-19 19:51:46,124] [__main__] [train_dt.py(290)] [INFO] [Step  15100/20000] 训练损失: 83481.163488 (L1: 56363.517321, L2: 0.692693, L3: 49.945162, L4_cpa: 27067.008519)
[2026-03-19 19:51:54,165] [__main__] [train_dt.py(290)] [INFO] [Step  15200/20000] 训练损失: 69805.298925 (L1: 49464.799128, L2: 1.852755, L3: 49.954438, L4_cpa: 20288.691609)
[2026-03-19 19:52:02,218] [__main__] [train_dt.py(290)] [INFO] [Step  15300/20000] 训练损失: 18841.552413 (L1: 6011.168539, L2: 0.877870, L3: 49.955304, L4_cpa: 12779.550647)
[2026-03-19 19:52:10,288] [__main__] [train_dt.py(290)] [INFO] [Step  15400/20000] 训练损失: 53584.997044 (L1: 7385.282453, L2: 1.004596, L3: 49.951555, L4_cpa: 46148.757846)
[2026-03-19 19:52:18,331] [__main__] [train_dt.py(290)] [INFO] [Step  15500/20000] 训练损失: 59605.676782 (L1: 29574.526825, L2: 4.146420, L3: 49.845555, L4_cpa: 29977.157394)
[2026-03-19 19:52:18,331] [__main__] [train_dt.py(293)] [INFO]   指标 - W: 0.501544, Target: 0.004770, Pred: 0.024552, Pred1: 0.030731
[2026-03-19 19:52:21,374] [__main__] [train_dt.py(310)] [INFO] [Step  15500] 验证损失: 229192.9462
[2026-03-19 19:52:29,429] [__main__] [train_dt.py(290)] [INFO] [Step  15600/20000] 训练损失: 89651.432444 (L1: 28421.281970, L2: 5.192438, L3: 49.917774, L4_cpa: 61175.039663)
[2026-03-19 19:52:37,478] [__main__] [train_dt.py(290)] [INFO] [Step  15700/20000] 训练损失: 61219.358687 (L1: 31068.233813, L2: 8.979843, L3: 49.866563, L4_cpa: 30092.279338)
[2026-03-19 19:52:45,534] [__main__] [train_dt.py(290)] [INFO] [Step  15800/20000] 训练损失: 36169.912677 (L1: 14712.855476, L2: 3.969399, L3: 49.925580, L4_cpa: 21403.162404)
[2026-03-19 19:52:53,582] [__main__] [train_dt.py(290)] [INFO] [Step  15900/20000] 训练损失: 35761.652687 (L1: 20206.188453, L2: 3.003076, L3: 49.931686, L4_cpa: 15502.529768)
[2026-03-19 19:53:01,635] [__main__] [train_dt.py(290)] [INFO] [Step  16000/20000] 训练损失: 33196.415357 (L1: 8768.266387, L2: 2.871268, L3: 49.907050, L4_cpa: 24375.371112)
[2026-03-19 19:53:01,635] [__main__] [train_dt.py(293)] [INFO]   指标 - W: 0.500930, Target: 0.005784, Pred: 0.008643, Pred1: 0.012358
[2026-03-19 19:53:04,689] [__main__] [train_dt.py(310)] [INFO] [Step  16000] 验证损失: 238623.7976
[2026-03-19 19:53:04,729] [__main__] [train_dt.py(322)] [INFO] 💾 检查点保存于步数 16000
[2026-03-19 19:53:12,819] [__main__] [train_dt.py(290)] [INFO] [Step  16100/20000] 训练损失: 27880.223319 (L1: 6914.680303, L2: 2.425017, L3: 49.922270, L4_cpa: 20913.195518)
[2026-03-19 19:53:20,875] [__main__] [train_dt.py(290)] [INFO] [Step  16200/20000] 训练损失: 43817.933938 (L1: 7003.469144, L2: 1.258792, L3: 49.948065, L4_cpa: 36763.257942)
[2026-03-19 19:53:28,927] [__main__] [train_dt.py(290)] [INFO] [Step  16300/20000] 训练损失: 42850.061906 (L1: 24436.794402, L2: 1.139025, L3: 49.942880, L4_cpa: 18362.185683)
[2026-03-19 19:53:36,974] [__main__] [train_dt.py(290)] [INFO] [Step  16400/20000] 训练损失: 40424.059207 (L1: 3610.618721, L2: 1.477153, L3: 49.917058, L4_cpa: 36762.045455)
[2026-03-19 19:53:45,010] [__main__] [train_dt.py(290)] [INFO] [Step  16500/20000] 训练损失: 72929.316718 (L1: 12850.341398, L2: 1.379216, L3: 49.955080, L4_cpa: 60027.642306)
[2026-03-19 19:53:45,010] [__main__] [train_dt.py(293)] [INFO]   指标 - W: 0.500449, Target: 0.006242, Pred: 0.011654, Pred1: 0.013451
[2026-03-19 19:53:48,078] [__main__] [train_dt.py(310)] [INFO] [Step  16500] 验证损失: 253269.9203
[2026-03-19 19:53:56,133] [__main__] [train_dt.py(290)] [INFO] [Step  16600/20000] 训练损失: 21984.196738 (L1: 3787.068830, L2: 0.891508, L3: 49.928660, L4_cpa: 18146.307206)
[2026-03-19 19:54:04,196] [__main__] [train_dt.py(290)] [INFO] [Step  16700/20000] 训练损失: 27500.606476 (L1: 5244.473710, L2: 1.388306, L3: 49.906577, L4_cpa: 22204.837874)
[2026-03-19 19:54:12,237] [__main__] [train_dt.py(290)] [INFO] [Step  16800/20000] 训练损失: 11891920.014143 (L1: 3261.548972, L2: 0.847233, L3: 49.953443, L4_cpa: 11888607.296119)
[2026-03-19 19:54:20,287] [__main__] [train_dt.py(290)] [INFO] [Step  16900/20000] 训练损失: 16833.172126 (L1: 7070.298050, L2: 1.695466, L3: 49.951489, L4_cpa: 9711.226955)
[2026-03-19 19:54:28,399] [__main__] [train_dt.py(290)] [INFO] [Step  17000/20000] 训练损失: 13380.731346 (L1: 5731.692918, L2: 2.064612, L3: 49.938596, L4_cpa: 7597.035041)
[2026-03-19 19:54:28,399] [__main__] [train_dt.py(293)] [INFO]   指标 - W: 0.500614, Target: 0.006361, Pred: 0.012914, Pred1: 0.015370
[2026-03-19 19:54:31,458] [__main__] [train_dt.py(310)] [INFO] [Step  17000] 验证损失: 251074.6912
[2026-03-19 19:54:39,505] [__main__] [train_dt.py(290)] [INFO] [Step  17100/20000] 训练损失: 85077.656971 (L1: 32557.547883, L2: 1.497204, L3: 49.944053, L4_cpa: 52468.666853)
[2026-03-19 19:54:47,562] [__main__] [train_dt.py(290)] [INFO] [Step  17200/20000] 训练损失: 17668.618878 (L1: 4589.541058, L2: 2.188956, L3: 49.937816, L4_cpa: 13026.951286)
[2026-03-19 19:54:55,642] [__main__] [train_dt.py(290)] [INFO] [Step  17300/20000] 训练损失: 43841.170364 (L1: 14351.662039, L2: 5.649769, L3: 49.936783, L4_cpa: 29433.921216)
[2026-03-19 19:55:03,691] [__main__] [train_dt.py(290)] [INFO] [Step  17400/20000] 训练损失: 29504.594818 (L1: 9066.115009, L2: 1.247378, L3: 49.933451, L4_cpa: 20387.298526)
[2026-03-19 19:55:11,740] [__main__] [train_dt.py(290)] [INFO] [Step  17500/20000] 训练损失: 67012.625208 (L1: 8535.984994, L2: 1.061141, L3: 49.959223, L4_cpa: 58425.620355)
[2026-03-19 19:55:11,740] [__main__] [train_dt.py(293)] [INFO]   指标 - W: 0.500408, Target: 0.007008, Pred: 0.010953, Pred1: 0.012584
[2026-03-19 19:55:14,801] [__main__] [train_dt.py(310)] [INFO] [Step  17500] 验证损失: 229143.3604
[2026-03-19 19:55:22,845] [__main__] [train_dt.py(290)] [INFO] [Step  17600/20000] 训练损失: 68401.365480 (L1: 10758.229299, L2: 3.150225, L3: 49.934078, L4_cpa: 57590.051097)
[2026-03-19 19:55:30,894] [__main__] [train_dt.py(290)] [INFO] [Step  17700/20000] 训练损失: 26783.830800 (L1: 6410.544138, L2: 0.747525, L3: 49.950566, L4_cpa: 20322.588752)
[2026-03-19 19:55:38,944] [__main__] [train_dt.py(290)] [INFO] [Step  17800/20000] 训练损失: 54433.494165 (L1: 6967.256680, L2: 0.617617, L3: 49.957202, L4_cpa: 47415.662749)
[2026-03-19 19:55:47,023] [__main__] [train_dt.py(290)] [INFO] [Step  17900/20000] 训练损失: 55224.992755 (L1: 5020.528747, L2: 0.598392, L3: 49.956185, L4_cpa: 50153.909033)
[2026-03-19 19:55:55,109] [__main__] [train_dt.py(290)] [INFO] [Step  18000/20000] 训练损失: 26467.225670 (L1: 6275.342171, L2: 3.152153, L3: 49.913262, L4_cpa: 20138.818013)
[2026-03-19 19:55:55,109] [__main__] [train_dt.py(293)] [INFO]   指标 - W: 0.500867, Target: 0.005270, Pred: 0.013501, Pred1: 0.016972
[2026-03-19 19:55:58,149] [__main__] [train_dt.py(310)] [INFO] [Step  18000] 验证损失: 271891.9923
[2026-03-19 19:55:58,200] [__main__] [train_dt.py(322)] [INFO] 💾 检查点保存于步数 18000
[2026-03-19 19:56:06,250] [__main__] [train_dt.py(290)] [INFO] [Step  18100/20000] 训练损失: 66454.597202 (L1: 22660.949379, L2: 1.078796, L3: 49.942500, L4_cpa: 43742.627387)
[2026-03-19 19:56:14,300] [__main__] [train_dt.py(290)] [INFO] [Step  18200/20000] 训练损失: 42798.336612 (L1: 9448.256719, L2: 2.531653, L3: 49.948563, L4_cpa: 33297.599717)
[2026-03-19 19:56:22,349] [__main__] [train_dt.py(290)] [INFO] [Step  18300/20000] 训练损失: 78036.175362 (L1: 25337.669598, L2: 1.817761, L3: 49.934006, L4_cpa: 52646.754524)
[2026-03-19 19:56:30,385] [__main__] [train_dt.py(290)] [INFO] [Step  18400/20000] 训练损失: 35900.604646 (L1: 9367.391432, L2: 11.650735, L3: 49.948401, L4_cpa: 26471.614153)
[2026-03-19 19:56:38,399] [__main__] [train_dt.py(290)] [INFO] [Step  18500/20000] 训练损失: 27193.503406 (L1: 5805.745318, L2: 1.131165, L3: 49.961171, L4_cpa: 21336.665353)
[2026-03-19 19:56:38,400] [__main__] [train_dt.py(293)] [INFO]   指标 - W: 0.500388, Target: 0.006786, Pred: 0.009824, Pred1: 0.011377
[2026-03-19 19:56:41,437] [__main__] [train_dt.py(310)] [INFO] [Step  18500] 验证损失: 224587.7176
[2026-03-19 19:56:49,453] [__main__] [train_dt.py(290)] [INFO] [Step  18600/20000] 训练损失: 39421.791861 (L1: 7686.700805, L2: 4.498000, L3: 49.946024, L4_cpa: 31680.647426)
[2026-03-19 19:56:57,492] [__main__] [train_dt.py(290)] [INFO] [Step  18700/20000] 训练损失: 24397.855072 (L1: 8711.128236, L2: 0.720922, L3: 49.950134, L4_cpa: 15636.056199)
[2026-03-19 19:57:05,537] [__main__] [train_dt.py(290)] [INFO] [Step  18800/20000] 训练损失: 22865.205929 (L1: 11965.038000, L2: 0.913818, L3: 49.945412, L4_cpa: 10849.308694)
[2026-03-19 19:57:13,618] [__main__] [train_dt.py(290)] [INFO] [Step  18900/20000] 训练损失: 80508.394635 (L1: 5471.697674, L2: 12.531864, L3: 49.947400, L4_cpa: 74974.218798)
[2026-03-19 19:57:21,672] [__main__] [train_dt.py(290)] [INFO] [Step  19000/20000] 训练损失: 39887.215219 (L1: 1976.907684, L2: 0.601041, L3: 49.954694, L4_cpa: 37859.751717)
[2026-03-19 19:57:21,672] [__main__] [train_dt.py(293)] [INFO]   指标 - W: 0.500453, Target: 0.005352, Pred: 0.010647, Pred1: 0.012460
[2026-03-19 19:57:24,714] [__main__] [train_dt.py(310)] [INFO] [Step  19000] 验证损失: 238602.7603
[2026-03-19 19:57:32,756] [__main__] [train_dt.py(290)] [INFO] [Step  19100/20000] 训练损失: 43449.948996 (L1: 5662.763007, L2: 0.618312, L3: 49.961538, L4_cpa: 37736.606343)
[2026-03-19 19:57:40,796] [__main__] [train_dt.py(290)] [INFO] [Step  19200/20000] 训练损失: 9063.824457 (L1: 3904.106806, L2: 0.951755, L3: 49.955752, L4_cpa: 5108.810232)
[2026-03-19 19:57:48,843] [__main__] [train_dt.py(290)] [INFO] [Step  19300/20000] 训练损失: 33992.013969 (L1: 14275.419313, L2: 0.768598, L3: 49.950993, L4_cpa: 19665.875300)
[2026-03-19 19:57:56,891] [__main__] [train_dt.py(290)] [INFO] [Step  19400/20000] 训练损失: 41671.732063 (L1: 23992.603640, L2: 0.979544, L3: 49.939184, L4_cpa: 17628.208884)
[2026-03-19 19:58:04,937] [__main__] [train_dt.py(290)] [INFO] [Step  19500/20000] 训练损失: 47316.605921 (L1: 13341.385270, L2: 0.892737, L3: 49.948891, L4_cpa: 33924.378449)
[2026-03-19 19:58:04,937] [__main__] [train_dt.py(293)] [INFO]   指标 - W: 0.500511, Target: 0.005831, Pred: 0.011511, Pred1: 0.013556
[2026-03-19 19:58:08,030] [__main__] [train_dt.py(310)] [INFO] [Step  19500] 验证损失: 364244.0514
[2026-03-19 19:58:16,064] [__main__] [train_dt.py(290)] [INFO] [Step  19600/20000] 训练损失: 32243.786373 (L1: 17145.424003, L2: 1.006008, L3: 49.937184, L4_cpa: 15047.419033)
[2026-03-19 19:58:24,104] [__main__] [train_dt.py(290)] [INFO] [Step  19700/20000] 训练损失: 28166.081759 (L1: 15357.956239, L2: 1.321106, L3: 49.940438, L4_cpa: 12756.863422)
[2026-03-19 19:58:32,144] [__main__] [train_dt.py(290)] [INFO] [Step  19800/20000] 训练损失: 39799.517003 (L1: 3744.859474, L2: 3.214151, L3: 49.941697, L4_cpa: 36001.502137)
[2026-03-19 19:58:40,250] [__main__] [train_dt.py(290)] [INFO] [Step  19900/20000] 训练损失: 20623.849392 (L1: 4328.943195, L2: 7.286332, L3: 49.936528, L4_cpa: 16237.683355)
[2026-03-19 19:58:48,225] [__main__] [train_dt.py(290)] [INFO] [Step  20000/20000] 训练损失: 54744.141376 (L1: 14576.409024, L2: 2.640457, L3: 49.955822, L4_cpa: 40115.135684)
[2026-03-19 19:58:48,226] [__main__] [train_dt.py(293)] [INFO]   指标 - W: 0.500442, Target: 0.006208, Pred: 0.009409, Pred1: 0.011176
[2026-03-19 19:58:51,237] [__main__] [train_dt.py(310)] [INFO] [Step  20000] 验证损失: 223003.4329
[2026-03-19 19:58:51,276] [__main__] [train_dt.py(322)] [INFO] 💾 检查点保存于步数 20000
[2026-03-19 19:58:51,282] [__main__] [train_dt.py(324)] [INFO] ======================================================================
[2026-03-19 19:58:51,282] [__main__] [train_dt.py(325)] [INFO] ✅ 训练完成!
[2026-03-19 19:58:51,282] [__main__] [train_dt.py(326)] [INFO] 最佳验证损失: 188309.9832 (步数: 13500)
[2026-03-19 19:58:51,282] [__main__] [train_dt.py(329)] [INFO] 平均每步耗时: 0.0716 秒
/home/deborah/Gave/gave/code/bidding_train_env/baseline/dt/dt.py:399: UserWarning: To copy construct from a tensor, it is recommended to use sourceTensor.clone().detach() or sourceTensor.clone().detach().requires_grad_(True), rather than torch.tensor(sourceTensor).
  self.eval_all_reward = torch.tensor(all_reward, dtype=torch.float32).reshape(1, 1).to(self.device)
[2026-03-19 19:58:51,297] [__main__] [train_dt.py(331)] [INFO] 测试动作: [2.2110102]
[2026-03-19 19:58:51,379] [__main__] [train_dt.py(428)] [INFO] 
✅ 训练完成! 模型保存在: ./experiments/exp_19dim_cost/models/DT_20260319_192912
✅ 验证集加载完成: 529 条轨迹
✅ 验证集加载完成: 529 条轨迹
✅ 验证集加载完成: 529 条轨迹
✅ 验证集加载完成: 529 条轨迹
✅ 验证集加载完成: 529 条轨迹
✅ 验证集加载完成: 529 条轨迹
✅ 验证集加载完成: 529 条轨迹
✅ 验证集加载完成: 529 条轨迹
✅ 验证集加载完成: 529 条轨迹
✅ 验证集加载完成: 529 条轨迹
✅ 验证集加载完成: 529 条轨迹
✅ 验证集加载完成: 529 条轨迹
✅ 验证集加载完成: 529 条轨迹
✅ 验证集加载完成: 529 条轨迹
✅ 验证集加载完成: 529 条轨迹
✅ 验证集加载完成: 529 条轨迹
✅ 验证集加载完成: 529 条轨迹
✅ 验证集加载完成: 529 条轨迹
✅ 验证集加载完成: 529 条轨迹
✅ 验证集加载完成: 529 条轨迹
✅ 验证集加载完成: 529 条轨迹
✅ 验证集加载完成: 529 条轨迹
✅ 验证集加载完成: 529 条轨迹
✅ 验证集加载完成: 529 条轨迹
✅ 验证集加载完成: 529 条轨迹
✅ 验证集加载完成: 529 条轨迹
✅ 验证集加载完成: 529 条轨迹
✅ 验证集加载完成: 529 条轨迹
✅ 验证集加载完成: 529 条轨迹
✅ 验证集加载完成: 529 条轨迹
✅ 验证集加载完成: 529 条轨迹
✅ 验证集加载完成: 529 条轨迹
✅ 验证集加载完成: 529 条轨迹
✅ 验证集加载完成: 529 条轨迹
✅ 验证集加载完成: 529 条轨迹
✅ 验证集加载完成: 529 条轨迹
✅ 验证集加载完成: 529 条轨迹
✅ 验证集加载完成: 529 条轨迹
✅ 验证集加载完成: 529 条轨迹
✅ 验证集加载完成: 529 条轨迹
